Archive member included to satisfy reference by file (symbol)

C:\Users\Kevin\Documents\LPCXpresso_8.2.0_647\workspace\lpc_board_nxp_lpcxpresso_1769\Debug\liblpc_board_nxp_lpcxpresso_1769.a(board.o)
                              ./webserver/src/lwip_fs.o (Board_UARTPutSTR)
C:\Users\Kevin\Documents\LPCXpresso_8.2.0_647\workspace\lpc_board_nxp_lpcxpresso_1769\Debug\liblpc_board_nxp_lpcxpresso_1769.a(board_sysinit.o)
                              ./webserver/src/sysinit.o (Board_SystemInit)
C:\Users\Kevin\Documents\LPCXpresso_8.2.0_647\workspace\lpc_board_nxp_lpcxpresso_1769\Debug\liblpc_board_nxp_lpcxpresso_1769.a(lpc_phy_smsc87x0.o)
                              ./lwip/src/arch/lpc17xx_40xx_emac.o (lpc_phy_init)
C:\Users\Kevin\Documents\LPCXpresso_8.2.0_647\workspace\lpc_chip_175x_6x\Debug\liblpc_chip_175x_6x.a(chip_17xx_40xx.o)
                              ./freertos/src/port.o (SystemCoreClock)
C:\Users\Kevin\Documents\LPCXpresso_8.2.0_647\workspace\lpc_chip_175x_6x\Debug\liblpc_chip_175x_6x.a(clock_17xx_40xx.o)
                              C:\Users\Kevin\Documents\LPCXpresso_8.2.0_647\workspace\lpc_chip_175x_6x\Debug\liblpc_chip_175x_6x.a(chip_17xx_40xx.o) (Chip_Clock_EnablePLL)
C:\Users\Kevin\Documents\LPCXpresso_8.2.0_647\workspace\lpc_chip_175x_6x\Debug\liblpc_chip_175x_6x.a(enet_17xx_40xx.o)
                              ./lwip/src/arch/lpc17xx_40xx_emac.o (Chip_ENET_Init)
C:\Users\Kevin\Documents\LPCXpresso_8.2.0_647\workspace\lpc_chip_175x_6x\Debug\liblpc_chip_175x_6x.a(i2s_17xx_40xx.o)
                              C:\Users\Kevin\Documents\LPCXpresso_8.2.0_647\workspace\lpc_board_nxp_lpcxpresso_1769\Debug\liblpc_board_nxp_lpcxpresso_1769.a(board.o) (Chip_I2S_Init)
C:\Users\Kevin\Documents\LPCXpresso_8.2.0_647\workspace\lpc_chip_175x_6x\Debug\liblpc_chip_175x_6x.a(iocon_17xx_40xx.o)
                              C:\Users\Kevin\Documents\LPCXpresso_8.2.0_647\workspace\lpc_board_nxp_lpcxpresso_1769\Debug\liblpc_board_nxp_lpcxpresso_1769.a(board.o) (Chip_IOCON_PinMux)
C:\Users\Kevin\Documents\LPCXpresso_8.2.0_647\workspace\lpc_chip_175x_6x\Debug\liblpc_chip_175x_6x.a(ssp_17xx_40xx.o)
                              ./fatfs/src/mmc.o (Chip_SSP_RWFrames_Blocking)
C:\Users\Kevin\Documents\LPCXpresso_8.2.0_647\workspace\lpc_chip_175x_6x\Debug\liblpc_chip_175x_6x.a(sysinit_17xx_40xx.o)
                              C:\Users\Kevin\Documents\LPCXpresso_8.2.0_647\workspace\lpc_board_nxp_lpcxpresso_1769\Debug\liblpc_board_nxp_lpcxpresso_1769.a(board_sysinit.o) (Chip_SetupXtalClocking)
C:\Users\Kevin\Documents\LPCXpresso_8.2.0_647\workspace\lpc_chip_175x_6x\Debug\liblpc_chip_175x_6x.a(uart_17xx_40xx.o)
                              C:\Users\Kevin\Documents\LPCXpresso_8.2.0_647\workspace\lpc_board_nxp_lpcxpresso_1769\Debug\liblpc_board_nxp_lpcxpresso_1769.a(board.o) (Chip_UART_Init)
C:\Users\Kevin\Documents\LPCXpresso_8.2.0_647\workspace\lpc_chip_175x_6x\Debug\liblpc_chip_175x_6x.a(ring_buffer.o)
                              C:\Users\Kevin\Documents\LPCXpresso_8.2.0_647\workspace\lpc_chip_175x_6x\Debug\liblpc_chip_175x_6x.a(uart_17xx_40xx.o) (RingBuffer_Insert)
c:/nxp/lpcxpresso_8.2.0_647/lpcxpresso/tools/bin/../lib/gcc/arm-none-eabi/5.3.1/../../../../arm-none-eabi/lib/armv7-m\libcr_nohost.a(_cr__main.o)
                              ./webserver/src/cr_startup_lpc175x_6x.o (__main)
c:/nxp/lpcxpresso_8.2.0_647/lpcxpresso/tools/bin/../lib/gcc/arm-none-eabi/5.3.1/../../../../arm-none-eabi/lib/armv7-m\libcr_c.a(memcpy.o)
                              ./lwip/src/netif/etharp.o (memcpy)
c:/nxp/lpcxpresso_8.2.0_647/lpcxpresso/tools/bin/../lib/gcc/arm-none-eabi/5.3.1/../../../../arm-none-eabi/lib/armv7-m\libcr_c.a(memset.o)
                              ./webserver/src/webserver_freertos.o (memset)
c:/nxp/lpcxpresso_8.2.0_647/lpcxpresso/tools/bin/../lib/gcc/arm-none-eabi/5.3.1/../../../../arm-none-eabi/lib/armv7-m\libcr_c.a(alloc.o)
                              ./webserver/src/lwip_fs.o (malloc)
c:/nxp/lpcxpresso_8.2.0_647/lpcxpresso/tools/bin/../lib/gcc/arm-none-eabi/5.3.1/../../../../arm-none-eabi/lib/armv7-m\libcr_c.a(fpprintf.o)
                              ./webserver/src/lwip_fs.o (printf)
c:/nxp/lpcxpresso_8.2.0_647/lpcxpresso/tools/bin/../lib/gcc/arm-none-eabi/5.3.1/../../../../arm-none-eabi/lib/armv7-m\libcr_c.a(initio.o)
                              c:/nxp/lpcxpresso_8.2.0_647/lpcxpresso/tools/bin/../lib/gcc/arm-none-eabi/5.3.1/../../../../arm-none-eabi/lib/armv7-m\libcr_nohost.a(_cr__main.o) (_initio)
c:/nxp/lpcxpresso_8.2.0_647/lpcxpresso/tools/bin/../lib/gcc/arm-none-eabi/5.3.1/../../../../arm-none-eabi/lib/armv7-m\libcr_c.a(memcmp.o)
                              ./lwip/src/netif/etharp.o (memcmp)
c:/nxp/lpcxpresso_8.2.0_647/lpcxpresso/tools/bin/../lib/gcc/arm-none-eabi/5.3.1/../../../../arm-none-eabi/lib/armv7-m\libcr_c.a(printf.o)
[...]
Memory Configuration

Name             Origin             Length             Attributes
MFlash512        0x00000000         0x00080000         xr
RamLoc32         0x10000000         0x00008000         xrw
RamAHB32         0x2007c000         0x00008000         xrw
*default*        0x00000000         0xffffffff

Linker script and memory map

LOAD ./webserver/src/cr_redlib_heap_fix.o
LOAD ./webserver/src/cr_startup_lpc175x_6x.o
LOAD ./webserver/src/lwip_fs.o
LOAD ./webserver/src/netconn_fs.o
LOAD ./webserver/src/sysinit.o
LOAD ./webserver/src/webserver_freertos.o
LOAD ./lwip/src/netif/etharp.o
LOAD ./lwip/src/netif/ethernetif.o
LOAD ./lwip/src/core/ipv4/autoip.o
LOAD ./lwip/src/core/ipv4/icmp.o
LOAD ./lwip/src/core/ipv4/igmp.o
LOAD ./lwip/src/core/ipv4/inet.o
LOAD ./lwip/src/core/ipv4/inet_chksum.o
LOAD ./lwip/src/core/ipv4/ip.o
LOAD ./lwip/src/core/ipv4/ip_addr.o
LOAD ./lwip/src/core/ipv4/ip_frag.o
LOAD ./lwip/src/core/def.o
LOAD ./lwip/src/core/dhcp.o
LOAD ./lwip/src/core/dns.o
LOAD ./lwip/src/core/init.o
LOAD ./lwip/src/core/mem.o
LOAD ./lwip/src/core/memp.o
LOAD ./lwip/src/core/netif.o
LOAD ./lwip/src/core/pbuf.o
LOAD ./lwip/src/core/raw.o
LOAD ./lwip/src/core/stats.o
LOAD ./lwip/src/core/sys.o
LOAD ./lwip/src/core/tcp.o
LOAD ./lwip/src/core/tcp_in.o
LOAD ./lwip/src/core/tcp_out.o
LOAD ./lwip/src/core/timers.o
LOAD ./lwip/src/core/udp.o
LOAD ./lwip/src/arch/lpc17xx_40xx_emac.o
LOAD ./lwip/src/arch/lpc_debug.o
LOAD ./lwip/src/arch/sys_arch_freertos.o
LOAD ./lwip/src/api/api_lib.o
LOAD ./lwip/src/api/api_msg.o
LOAD ./lwip/src/api/err.o
LOAD ./lwip/src/api/netbuf.o
LOAD ./lwip/src/api/netdb.o
LOAD ./lwip/src/api/netifapi.o
LOAD ./lwip/src/api/sockets.o
LOAD ./lwip/src/api/tcpip.o
LOAD ./freertos/src/FreeRTOSCommonHooks.o
LOAD ./freertos/src/heap_3.o
LOAD ./freertos/src/list.o
LOAD ./freertos/src/port.o
LOAD ./freertos/src/queue.o
LOAD ./freertos/src/tasks.o
LOAD ./fatfs/src/ff.o
LOAD ./fatfs/src/mmc.o
LOAD C:\Users\Kevin\Documents\LPCXpresso_8.2.0_647\workspace\lpc_board_nxp_lpcxpresso_1769\Debug\liblpc_board_nxp_lpcxpresso_1769.a
LOAD C:\Users\Kevin\Documents\LPCXpresso_8.2.0_647\workspace\lpc_chip_175x_6x\Debug\liblpc_chip_175x_6x.a
START GROUP
LOAD c:/nxp/lpcxpresso_8.2.0_647/lpcxpresso/tools/bin/../lib/gcc/arm-none-eabi/5.3.1/../../../../arm-none-eabi/lib/armv7-m\libcr_nohost.a
LOAD c:/nxp/lpcxpresso_8.2.0_647/lpcxpresso/tools/bin/../lib/gcc/arm-none-eabi/5.3.1/../../../../arm-none-eabi/lib/armv7-m\libcr_c.a
LOAD c:/nxp/lpcxpresso_8.2.0_647/lpcxpresso/tools/bin/../lib/gcc/arm-none-eabi/5.3.1/armv7-m\libcr_eabihelpers.a
END GROUP
                0x00000000                __base_MFlash512 = 0x0
                0x00000000                __base_Flash = 0x0
                0x00080000                __top_MFlash512 = 0x80000
                0x00080000                __top_Flash = 0x80000
                0x10000000                __base_RamLoc32 = 0x10000000
                0x10000000                __base_RAM = 0x10000000
                0x10008000                __top_RamLoc32 = 0x10008000
                0x10008000                __top_RAM = 0x10008000
                0x2007c000                __base_RamAHB32 = 0x2007c000
                0x2007c000                __base_RAM2 = 0x2007c000
                0x20084000                __top_RamAHB32 = 0x20084000
                0x20084000                __top_RAM2 = 0x20084000

.text           0x00000000    0x15930
 FILL mask 0xff
                0x00000000                __vectors_start__ = ABSOLUTE (.)
 *(.isr_vector)
 .isr_vector    0x00000000       0xcc ./webserver/src/cr_startup_lpc175x_6x.o
                0x00000000                g_pfnVectors
                0x000000cc                . = ALIGN (0x4)
                0x000000cc                __section_table_start = .
                0x000000cc                __data_section_table = .
                0x000000cc        0x4 LONG 0x15930 LOADADDR (.data)
                0x000000d0        0x4 LONG 0x10000000 ADDR (.data)
                0x000000d4        0x4 LONG 0x24 SIZEOF (.data)
                0x000000d8        0x4 LONG 0x15930 LOADADDR (.data_RAM2)
                0x000000dc        0x4 LONG 0x2007c000 ADDR (.data_RAM2)
                0x000000e0        0x4 LONG 0x0 SIZEOF (.data_RAM2)
                0x000000e4                __data_section_table_end = .
                0x000000e4                __bss_section_table = .
                0x000000e4        0x4 LONG 0x10000028 ADDR (.bss)
                0x000000e8        0x4 LONG 0x928 SIZEOF (.bss)
                0x000000ec        0x4 LONG 0x2007c000 ADDR (.bss_RAM2)
                0x000000f0        0x4 LONG 0x0 SIZEOF (.bss_RAM2)
                0x000000f4                __bss_section_table_end = .
                0x000000f4                __section_table_end = .
 *(.after_vectors*)
 .after_vectors
                0x000000f4      0x144 ./webserver/src/cr_startup_lpc175x_6x.o
                0x000000f4                data_init
                0x00000138                bss_init
                0x00000170                ResetISR
                0x000001e8                NMI_Handler
                0x000001f0                HardFault_Handler
                0x000001f8                MemManage_Handler
                0x00000200                BusFault_Handler
                0x00000208                UsageFault_Handler
                0x00000218                DebugMon_Handler
                0x00000230                UART1_IRQHandler
                0x00000230                EINT3_IRQHandler
                0x00000230                I2C1_IRQHandler
                0x00000230                TIMER3_IRQHandler
                0x00000230                UART0_IRQHandler
                0x00000230                USBActivity_IRQHandler
                0x00000230                CANActivity_IRQHandler
                0x00000230                EINT2_IRQHandler
                0x00000230                IntDefaultHandler
                0x00000230                PLL0_IRQHandler
                0x00000230                CAN_IRQHandler
                0x00000230                I2C0_IRQHandler
                0x00000230                SSP0_IRQHandler
                0x00000230                I2S_IRQHandler
                0x00000230                I2C2_IRQHandler
                0x00000230                RTC_IRQHandler
                0x00000230                TIMER0_IRQHandler
                0x00000230                SPI_IRQHandler
                0x00000230                RIT_IRQHandler
                0x00000230                EINT1_IRQHandler
                0x00000230                TIMER1_IRQHandler
                0x00000230                UART2_IRQHandler
                0x00000230                ADC_IRQHandler
                0x00000230                SSP1_IRQHandler
                0x00000230                USB_IRQHandler
                0x00000230                BOD_IRQHandler
                0x00000230                PWM1_IRQHandler
                0x00000230                WDT_IRQHandler
                0x00000230                QEI_IRQHandler
                0x00000230                EINT0_IRQHandler
                0x00000230                PLL1_IRQHandler
                0x00000230                DMA_IRQHandler
                0x00000230                TIMER2_IRQHandler
                0x00000230                UART3_IRQHandler
                0x00000230                MCPWM_IRQHandler
 *(.text*)
 .text.__check_heap_overflow
                0x00000238       0x2c ./webserver/src/cr_redlib_heap_fix.o
                0x00000238                __check_heap_overflow
 .text.get_http_headers
                0x00000264      0x134 ./webserver/src/lwip_fs.o
 .text.GetHTTP_Header
                0x00000398       0x1c ./webserver/src/lwip_fs.o
                0x00000398                GetHTTP_Header
 .text.fs_open  0x000003b4       0xcc ./webserver/src/lwip_fs.o
                0x000003b4                fs_open
 .text.fs_close
                0x00000480       0x34 ./webserver/src/lwip_fs.o
                0x00000480                fs_close
 .text.fs_read  0x000004b4       0x4c ./webserver/src/lwip_fs.o
                0x000004b4                fs_read
 .text.supported_method
                0x00000500       0x44 ./webserver/src/netconn_fs.o
 .text.get_version
                0x00000544       0x34 ./webserver/src/netconn_fs.o
 .text.http_server_netconn_serve
                0x00000578      0x218 ./webserver/src/netconn_fs.o
 .text.netconn_thread
                0x00000790       0x74 ./webserver/src/netconn_fs.o
 .text.netconn_init
                0x00000804       0x28 ./webserver/src/netconn_fs.o
                0x00000804                netconn_init
 .text.SystemInit
                0x0000082c       0x24 ./webserver/src/sysinit.o
                0x0000082c                SystemInit
 .text.NVIC_EnableIRQ
                0x00000850       0x30 ./webserver/src/webserver_freertos.o
 .text.NVIC_SetPriority
                0x00000880       0x54 ./webserver/src/webserver_freertos.o
 .text.Chip_ENET_Set100Mbps
                0x000008d4       0x1c ./webserver/src/webserver_freertos.o
 .text.Chip_ENET_Set10Mbps
                0x000008f0       0x18 ./webserver/src/webserver_freertos.o
 .text.prvSetupHardware
                0x00000908       0x18 ./webserver/src/webserver_freertos.o
 .text.tcpip_init_done_signal
                0x00000920       0x18 ./webserver/src/webserver_freertos.o
 .text.vSetupIFTask
                0x00000938      0x1d0 ./webserver/src/webserver_freertos.o
 .text.msDelay  0x00000b08       0x2c ./webserver/src/webserver_freertos.o
                0x00000b08                msDelay
 .text.main     0x00000b34       0x3c ./webserver/src/webserver_freertos.o
                0x00000b34                main
 .text.etharp_free_entry
                0x00000b70       0x64 ./lwip/src/netif/etharp.o
 .text.etharp_tmr
                0x00000bd4       0xdc ./lwip/src/netif/etharp.o
                0x00000bd4                etharp_tmr
 .text.etharp_find_entry
                0x00000cb0      0x248 ./lwip/src/netif/etharp.o
 .text.etharp_send_ip
                0x00000ef8       0x60 ./lwip/src/netif/etharp.o
 .text.etharp_update_arp_entry
                0x00000f58      0x12c ./lwip/src/netif/etharp.o
 .text.etharp_arp_input
                0x00001084      0x18c ./lwip/src/netif/etharp.o
 .text.etharp_output_to_arp_index
                0x00001210       0xb8 ./lwip/src/netif/etharp.o
 .text.etharp_output
                0x000012c8      0x1b8 ./lwip/src/netif/etharp.o
                0x000012c8                etharp_output
 .text.etharp_query
                0x00001480      0x24c ./lwip/src/netif/etharp.o
                0x00001480                etharp_query
 .text.etharp_raw
                0x000016cc      0x11c ./lwip/src/netif/etharp.o
 .text.etharp_request
                0x000017e8       0x44 ./lwip/src/netif/etharp.o
                0x000017e8                etharp_request
 .text.ethernet_input
                0x0000182c      0x100 ./lwip/src/netif/etharp.o
                0x0000182c                ethernet_input
 .text.icmp_input
                0x0000192c      0x210 ./lwip/src/core/ipv4/icmp.o
                0x0000192c                icmp_input
 .text.icmp_dest_unreach
                0x00001b3c       0x20 ./lwip/src/core/ipv4/icmp.o
                0x00001b3c                icmp_dest_unreach
 .text.icmp_time_exceeded
                0x00001b5c       0x20 ./lwip/src/core/ipv4/icmp.o
                0x00001b5c                icmp_time_exceeded
 .text.icmp_send_response
                0x00001b7c       0xb8 ./lwip/src/core/ipv4/icmp.o
 .text.lwip_standard_chksum
                0x00001c34       0x9c ./lwip/src/core/ipv4/inet_chksum.o
 .text.inet_chksum_pseudo
                0x00001cd0      0x10c ./lwip/src/core/ipv4/inet_chksum.o
                0x00001cd0                inet_chksum_pseudo
 .text.inet_chksum_pseudo_partial
                0x00001ddc      0x138 ./lwip/src/core/ipv4/inet_chksum.o
                0x00001ddc                inet_chksum_pseudo_partial
 .text.inet_chksum
                0x00001f14       0x24 ./lwip/src/core/ipv4/inet_chksum.o
                0x00001f14                inet_chksum
 .text.inet_chksum_pbuf
                0x00001f38       0x94 ./lwip/src/core/ipv4/inet_chksum.o
                0x00001f38                inet_chksum_pbuf
 .text.lwip_chksum_copy
                0x00001fcc       0x30 ./lwip/src/core/ipv4/inet_chksum.o
                0x00001fcc                lwip_chksum_copy
 .text.ip_route
                0x00001ffc       0x74 ./lwip/src/core/ipv4/ip.o
                0x00001ffc                ip_route
 .text.ip_input
                0x00002070      0x220 ./lwip/src/core/ipv4/ip.o
                0x00002070                ip_input
 .text.ip_output_if
                0x00002290      0x1c0 ./lwip/src/core/ipv4/ip.o
                0x00002290                ip_output_if
 .text.ip_output
                0x00002450       0x58 ./lwip/src/core/ipv4/ip.o
                0x00002450                ip_output
 .text.ip4_addr_isbroadcast
                0x000024a8       0x78 ./lwip/src/core/ipv4/ip_addr.o
                0x000024a8                ip4_addr_isbroadcast
 .text.ipaddr_ntoa_r
                0x00002520      0x100 ./lwip/src/core/ipv4/ip_addr.o
                0x00002520                ipaddr_ntoa_r
 .text.ip_reass_tmr
                0x00002620       0x58 ./lwip/src/core/ipv4/ip_frag.o
                0x00002620                ip_reass_tmr
 .text.ip_reass_free_complete_datagram
                0x00002678      0x10c ./lwip/src/core/ipv4/ip_frag.o
 .text.ip_reass_remove_oldest_datagram
                0x00002784       0xb8 ./lwip/src/core/ipv4/ip_frag.o
 .text.ip_reass_enqueue_new_datagram
                0x0000283c       0x80 ./lwip/src/core/ipv4/ip_frag.o
 .text.ip_reass_dequeue_datagram
                0x000028bc       0x44 ./lwip/src/core/ipv4/ip_frag.o
 .text.ip_reass_chain_frag_into_datagram_and_validate
                0x00002900      0x250 ./lwip/src/core/ipv4/ip_frag.o
 .text.ip_reass
                0x00002b50      0x244 ./lwip/src/core/ipv4/ip_frag.o
                0x00002b50                ip_reass
 .text.ip_frag_alloc_pbuf_custom_ref
                0x00002d94       0x18 ./lwip/src/core/ipv4/ip_frag.o
 .text.ip_frag_free_pbuf_custom_ref
                0x00002dac       0x20 ./lwip/src/core/ipv4/ip_frag.o
 .text.ipfrag_free_pbuf_custom
                0x00002dcc       0x44 ./lwip/src/core/ipv4/ip_frag.o
 .text.ip_frag  0x00002e10      0x208 ./lwip/src/core/ipv4/ip_frag.o
                0x00002e10                ip_frag
 .text.lwip_htons
                0x00003018       0x28 ./lwip/src/core/def.o
                0x00003018                lwip_htons
 .text.lwip_ntohs
                0x00003040       0x1c ./lwip/src/core/def.o
                0x00003040                lwip_ntohs
 .text.lwip_htonl
                0x0000305c       0x30 ./lwip/src/core/def.o
                0x0000305c                lwip_htonl
 .text.lwip_ntohl
                0x0000308c       0x18 ./lwip/src/core/def.o
                0x0000308c                lwip_ntohl
 .text.lwip_init
                0x000030a4       0x1c ./lwip/src/core/init.o
                0x000030a4                lwip_init
 .text.netif_init
                0x000030c0        0xc ./lwip/src/core/netif.o
                0x000030c0                netif_init
 .text.netif_add
                0x000030cc       0x8c ./lwip/src/core/netif.o
                0x000030cc                netif_add
 .text.netif_set_addr
                0x00003158       0x30 ./lwip/src/core/netif.o
                0x00003158                netif_set_addr
 .text.netif_set_ipaddr
                0x00003188       0xb0 ./lwip/src/core/netif.o
                0x00003188                netif_set_ipaddr
 .text.netif_set_gw
                0x00003238       0x28 ./lwip/src/core/netif.o
                0x00003238                netif_set_gw
 .text.netif_set_netmask
                0x00003260       0x28 ./lwip/src/core/netif.o
                0x00003260                netif_set_netmask
 .text.netif_set_default
                0x00003288       0x1c ./lwip/src/core/netif.o
                0x00003288                netif_set_default
 .text.netif_set_up
                0x000032a4       0x58 ./lwip/src/core/netif.o
                0x000032a4                netif_set_up
 .text.netif_set_link_up
                0x000032fc       0x58 ./lwip/src/core/netif.o
                0x000032fc                netif_set_link_up
 .text.netif_set_link_down
                0x00003354       0x34 ./lwip/src/core/netif.o
                0x00003354                netif_set_link_down
 .text.pbuf_free_ooseq
                0x00003388       0x54 ./lwip/src/core/pbuf.o
 .text.pbuf_free_ooseq_callback
                0x000033dc       0x14 ./lwip/src/core/pbuf.o
 .text.pbuf_pool_is_empty
                0x000033f0       0x58 ./lwip/src/core/pbuf.o
 .text.pbuf_alloc
                0x00003448      0x294 ./lwip/src/core/pbuf.o
                0x00003448                pbuf_alloc
 .text.pbuf_alloced_custom
                0x000036dc       0xb4 ./lwip/src/core/pbuf.o
                0x000036dc                pbuf_alloced_custom
 .text.pbuf_realloc
                0x00003790       0xe8 ./lwip/src/core/pbuf.o
                0x00003790                pbuf_realloc
 .text.pbuf_header
                0x00003878       0xec ./lwip/src/core/pbuf.o
                0x00003878                pbuf_header
 .text.pbuf_free
                0x00003964       0xf0 ./lwip/src/core/pbuf.o
                0x00003964                pbuf_free
 .text.pbuf_clen
                0x00003a54       0x2c ./lwip/src/core/pbuf.o
                0x00003a54                pbuf_clen
 .text.pbuf_ref
                0x00003a80       0x30 ./lwip/src/core/pbuf.o
                0x00003a80                pbuf_ref
 .text.pbuf_cat
                0x00003ab0       0x78 ./lwip/src/core/pbuf.o
                0x00003ab0                pbuf_cat
 .text.pbuf_copy
                0x00003b28      0x13c ./lwip/src/core/pbuf.o
                0x00003b28                pbuf_copy
 .text.pbuf_copy_partial
                0x00003c64       0xd0 ./lwip/src/core/pbuf.o
                0x00003c64                pbuf_copy_partial
 .text.raw_input
                0x00003d34       0xdc ./lwip/src/core/raw.o
                0x00003d34                raw_input
 .text.raw_bind
                0x00003e10       0x28 ./lwip/src/core/raw.o
                0x00003e10                raw_bind
 .text.raw_recv
                0x00003e38       0x24 ./lwip/src/core/raw.o
                0x00003e38                raw_recv
 .text.raw_remove
                0x00003e5c       0x60 ./lwip/src/core/raw.o
                0x00003e5c                raw_remove
 .text.raw_new  0x00003ebc       0x54 ./lwip/src/core/raw.o
                0x00003ebc                raw_new
 .text.tcp_init
                0x00003f10        0xc ./lwip/src/core/tcp.o
                0x00003f10                tcp_init
 .text.tcp_tmr  0x00003f1c       0x2c ./lwip/src/core/tcp.o
                0x00003f1c                tcp_tmr
 .text.tcp_close_shutdown
                0x00003f48      0x258 ./lwip/src/core/tcp.o
 .text.tcp_close
                0x000041a0       0x30 ./lwip/src/core/tcp.o
                0x000041a0                tcp_close
 .text.tcp_shutdown
                0x000041d0       0x90 ./lwip/src/core/tcp.o
                0x000041d0                tcp_shutdown
 .text.tcp_abandon
                0x00004260       0xdc ./lwip/src/core/tcp.o
                0x00004260                tcp_abandon
 .text.tcp_abort
                0x0000433c       0x18 ./lwip/src/core/tcp.o
                0x0000433c                tcp_abort
 .text.tcp_bind
                0x00004354       0xe4 ./lwip/src/core/tcp.o
                0x00004354                tcp_bind
 .text.tcp_accept_null
                0x00004438       0x1c ./lwip/src/core/tcp.o
 .text.tcp_listen_with_backlog
                0x00004454      0x120 ./lwip/src/core/tcp.o
                0x00004454                tcp_listen_with_backlog
 .text.tcp_update_rcv_ann_wnd
                0x00004574       0x8c ./lwip/src/core/tcp.o
                0x00004574                tcp_update_rcv_ann_wnd
 .text.tcp_recved
                0x00004600       0x80 ./lwip/src/core/tcp.o
                0x00004600                tcp_recved
 .text.tcp_new_port
                0x00004680       0x88 ./lwip/src/core/tcp.o
 .text.tcp_slowtmr
                0x00004708      0x4c4 ./lwip/src/core/tcp.o
                0x00004708                tcp_slowtmr
 .text.tcp_fasttmr
                0x00004bcc       0xa4 ./lwip/src/core/tcp.o
                0x00004bcc                tcp_fasttmr
 .text.tcp_process_refused_data
                0x00004c70       0xd0 ./lwip/src/core/tcp.o
                0x00004c70                tcp_process_refused_data
 .text.tcp_segs_free
                0x00004d40       0x28 ./lwip/src/core/tcp.o
                0x00004d40                tcp_segs_free
 .text.tcp_seg_free
                0x00004d68       0x30 ./lwip/src/core/tcp.o
                0x00004d68                tcp_seg_free
 .text.tcp_seg_copy
                0x00004d98       0x40 ./lwip/src/core/tcp.o
                0x00004d98                tcp_seg_copy
 .text.tcp_recv_null
                0x00004dd8       0x44 ./lwip/src/core/tcp.o
                0x00004dd8                tcp_recv_null
 .text.tcp_kill_prio
                0x00004e1c       0x80 ./lwip/src/core/tcp.o
 .text.tcp_kill_timewait
                0x00004e9c       0x60 ./lwip/src/core/tcp.o
 .text.tcp_alloc
                0x00004efc      0x128 ./lwip/src/core/tcp.o
                0x00004efc                tcp_alloc
 .text.tcp_new  0x00005024       0x10 ./lwip/src/core/tcp.o
                0x00005024                tcp_new
 .text.tcp_arg  0x00005034       0x1c ./lwip/src/core/tcp.o
                0x00005034                tcp_arg
 .text.tcp_recv
                0x00005050       0x28 ./lwip/src/core/tcp.o
                0x00005050                tcp_recv
 .text.tcp_sent
                0x00005078       0x24 ./lwip/src/core/tcp.o
                0x00005078                tcp_sent
 .text.tcp_err  0x0000509c       0x28 ./lwip/src/core/tcp.o
                0x0000509c                tcp_err
 .text.tcp_accept
                0x000050c4       0x1c ./lwip/src/core/tcp.o
                0x000050c4                tcp_accept
 .text.tcp_poll
                0x000050e0       0x34 ./lwip/src/core/tcp.o
                0x000050e0                tcp_poll
 .text.tcp_pcb_purge
                0x00005114       0x84 ./lwip/src/core/tcp.o
                0x00005114                tcp_pcb_purge
 .text.tcp_pcb_remove
                0x00005198       0xd0 ./lwip/src/core/tcp.o
                0x00005198                tcp_pcb_remove
 .text.tcp_next_iss
                0x00005268       0x28 ./lwip/src/core/tcp.o
                0x00005268                tcp_next_iss
 .text.tcp_eff_send_mss
                0x00005290       0x40 ./lwip/src/core/tcp.o
                0x00005290                tcp_eff_send_mss
 .text.tcp_input
                0x000052d0      0x66c ./lwip/src/core/tcp_in.o
                0x000052d0                tcp_input
 .text.tcp_listen_input
                0x0000593c      0x194 ./lwip/src/core/tcp_in.o
 .text.tcp_timewait_input
                0x00005ad0       0xd4 ./lwip/src/core/tcp_in.o
 .text.tcp_process
                0x00005ba4      0x6f4 ./lwip/src/core/tcp_in.o
 .text.tcp_oos_insert_segment
                0x00006298       0xec ./lwip/src/core/tcp_in.o
 .text.tcp_receive
                0x00006384      0xf7c ./lwip/src/core/tcp_in.o
 .text.tcp_parseopt
                0x00007300      0x108 ./lwip/src/core/tcp_in.o
 .text.tcp_output_alloc_header
                0x00007408       0xe4 ./lwip/src/core/tcp_out.o
 .text.tcp_send_fin
                0x000074ec       0x7c ./lwip/src/core/tcp_out.o
                0x000074ec                tcp_send_fin
 .text.tcp_create_segment
                0x00007568      0x128 ./lwip/src/core/tcp_out.o
 .text.tcp_pbuf_prealloc
                0x00007690       0xb0 ./lwip/src/core/tcp_out.o
 .text.tcp_seg_add_chksum
                0x00007740       0x68 ./lwip/src/core/tcp_out.o
 .text.tcp_write_checks
                0x000077a8       0xc8 ./lwip/src/core/tcp_out.o
 .text.tcp_write
                0x00007870      0x5f8 ./lwip/src/core/tcp_out.o
                0x00007870                tcp_write
 .text.tcp_enqueue_flags
                0x00007e68      0x1d8 ./lwip/src/core/tcp_out.o
                0x00007e68                tcp_enqueue_flags
 .text.tcp_send_empty_ack
                0x00008040       0x94 ./lwip/src/core/tcp_out.o
                0x00008040                tcp_send_empty_ack
 .text.tcp_output
                0x000080d4      0x2c4 ./lwip/src/core/tcp_out.o
                0x000080d4                tcp_output
 .text.tcp_output_segment
                0x00008398      0x214 ./lwip/src/core/tcp_out.o
 .text.tcp_rst  0x000085ac       0xe0 ./lwip/src/core/tcp_out.o
                0x000085ac                tcp_rst
 .text.tcp_rexmit_rto
                0x0000868c       0x64 ./lwip/src/core/tcp_out.o
                0x0000868c                tcp_rexmit_rto
 .text.tcp_rexmit
                0x000086f0       0x98 ./lwip/src/core/tcp_out.o
                0x000086f0                tcp_rexmit
 .text.tcp_rexmit_fast
                0x00008788       0xa8 ./lwip/src/core/tcp_out.o
                0x00008788                tcp_rexmit_fast
 .text.tcp_keepalive
                0x00008830       0x74 ./lwip/src/core/tcp_out.o
                0x00008830                tcp_keepalive
 .text.tcp_zero_window_probe
                0x000088a4      0x10c ./lwip/src/core/tcp_out.o
                0x000088a4                tcp_zero_window_probe
 .text.tcpip_tcp_timer
                0x000089b0       0x48 ./lwip/src/core/timers.o
 .text.tcp_timer_needed
                0x000089f8       0x40 ./lwip/src/core/timers.o
                0x000089f8                tcp_timer_needed
 .text.ip_reass_timer
                0x00008a38       0x24 ./lwip/src/core/timers.o
 .text.arp_timer
                0x00008a5c       0x24 ./lwip/src/core/timers.o
 .text.sys_timeouts_init
                0x00008a80       0x28 ./lwip/src/core/timers.o
                0x00008a80                sys_timeouts_init
 .text.sys_timeout
                0x00008aa8       0xf4 ./lwip/src/core/timers.o
                0x00008aa8                sys_timeout
 .text.sys_untimeout
                0x00008b9c       0x8c ./lwip/src/core/timers.o
                0x00008b9c                sys_untimeout
 .text.sys_timeouts_mbox_fetch
                0x00008c28       0xac ./lwip/src/core/timers.o
                0x00008c28                sys_timeouts_mbox_fetch
 .text.udp_init
                0x00008cd4        0xc ./lwip/src/core/udp.o
                0x00008cd4                udp_init
 .text.udp_new_port
                0x00008ce0       0x70 ./lwip/src/core/udp.o
 .text.udp_input
                0x00008d50      0x268 ./lwip/src/core/udp.o
                0x00008d50                udp_input
 .text.udp_bind
                0x00008fb8       0xcc ./lwip/src/core/udp.o
                0x00008fb8                udp_bind
 .text.udp_recv
                0x00009084       0x24 ./lwip/src/core/udp.o
                0x00009084                udp_recv
 .text.udp_remove
                0x000090a8       0x60 ./lwip/src/core/udp.o
                0x000090a8                udp_remove
 .text.udp_new  0x00009108       0x38 ./lwip/src/core/udp.o
                0x00009108                udp_new
 .text.Chip_ENET_SetADDR
                0x00009140       0x50 ./lwip/src/arch/lpc17xx_40xx_emac.o
 .text.Chip_ENET_TXEnable
                0x00009190       0x24 ./lwip/src/arch/lpc17xx_40xx_emac.o
 .text.Chip_ENET_RXEnable
                0x000091b4       0x30 ./lwip/src/arch/lpc17xx_40xx_emac.o
 .text.Chip_ENET_RXDisable
                0x000091e4       0x30 ./lwip/src/arch/lpc17xx_40xx_emac.o
 .text.Chip_ENET_ResetTXLogic
                0x00009214       0x20 ./lwip/src/arch/lpc17xx_40xx_emac.o
 .text.Chip_ENET_ResetRXLogic
                0x00009234       0x20 ./lwip/src/arch/lpc17xx_40xx_emac.o
 .text.Chip_ENET_EnableRXFilter
                0x00009254       0x34 ./lwip/src/arch/lpc17xx_40xx_emac.o
 .text.Chip_ENET_GetTXProduceIndex
                0x00009288       0x1c ./lwip/src/arch/lpc17xx_40xx_emac.o
 .text.Chip_ENET_GetTXConsumeIndex
                0x000092a4       0x1c ./lwip/src/arch/lpc17xx_40xx_emac.o
 .text.Chip_ENET_GetRXConsumeIndex
                0x000092c0       0x1c ./lwip/src/arch/lpc17xx_40xx_emac.o
 .text.Chip_ENET_GetFreeDescNum
                0x000092dc       0x38 ./lwip/src/arch/lpc17xx_40xx_emac.o
 .text.Chip_ENET_IsRxEmpty
                0x00009314       0x2c ./lwip/src/arch/lpc17xx_40xx_emac.o
 .text.Chip_ENET_EnableInt
                0x00009340       0x24 ./lwip/src/arch/lpc17xx_40xx_emac.o
 .text.Chip_ENET_GetIntStatus
                0x00009364       0x18 ./lwip/src/arch/lpc17xx_40xx_emac.o
 .text.Chip_ENET_ClearIntStatus
                0x0000937c       0x1c ./lwip/src/arch/lpc17xx_40xx_emac.o
 .text.lpc_rxqueue_pbuf
                0x00009398       0x94 ./lwip/src/arch/lpc17xx_40xx_emac.o
 .text.lpc_rx_setup
                0x0000942c       0x40 ./lwip/src/arch/lpc17xx_40xx_emac.o
 .text.lpc_low_level_input
                0x0000946c      0x178 ./lwip/src/arch/lpc17xx_40xx_emac.o
 .text.lpc_packet_addr_notsafe
                0x000095e4       0x58 ./lwip/src/arch/lpc17xx_40xx_emac.o
 .text.lpc_tx_setup
                0x0000963c       0x60 ./lwip/src/arch/lpc17xx_40xx_emac.o
 .text.lpc_tx_reclaim_st
                0x0000969c       0xa0 ./lwip/src/arch/lpc17xx_40xx_emac.o
 .text.lpc_low_level_output
                0x0000973c      0x1a0 ./lwip/src/arch/lpc17xx_40xx_emac.o
 .text.vPacketReceiveTask
                0x000098dc       0x3c ./lwip/src/arch/lpc17xx_40xx_emac.o
 .text.vTransmitCleanupTask
                0x00009918       0xac ./lwip/src/arch/lpc17xx_40xx_emac.o
 .text.low_level_init
                0x000099c4       0xb0 ./lwip/src/arch/lpc17xx_40xx_emac.o
 .text.lpc_etharp_output
                0x00009a74       0x34 ./lwip/src/arch/lpc17xx_40xx_emac.o
 .text.lpc_rx_queue
                0x00009aa8       0x60 ./lwip/src/arch/lpc17xx_40xx_emac.o
                0x00009aa8                lpc_rx_queue
 .text.lpc_enetif_input
                0x00009b08       0x68 ./lwip/src/arch/lpc17xx_40xx_emac.o
                0x00009b08                lpc_enetif_input
 .text.lpc_tx_reclaim
                0x00009b70       0x28 ./lwip/src/arch/lpc17xx_40xx_emac.o
                0x00009b70                lpc_tx_reclaim
 .text.lpc_tx_ready
                0x00009b98       0x3c ./lwip/src/arch/lpc17xx_40xx_emac.o
                0x00009b98                lpc_tx_ready
 .text.ETH_IRQHandler
                0x00009bd4       0x7c ./lwip/src/arch/lpc17xx_40xx_emac.o
                0x00009bd4                ETH_IRQHandler
 .text.lpc_enetif_init
                0x00009c50      0x154 ./lwip/src/arch/lpc17xx_40xx_emac.o
                0x00009c50                lpc_enetif_init
 .text.assert_loop
                0x00009da4        0x8 ./lwip/src/arch/lpc_debug.o
                0x00009da4                assert_loop
 .text.sys_mbox_new
                0x00009dac       0x38 ./lwip/src/arch/sys_arch_freertos.o
                0x00009dac                sys_mbox_new
 .text.sys_mbox_free
                0x00009de4       0x28 ./lwip/src/arch/sys_arch_freertos.o
                0x00009de4                sys_mbox_free
 .text.sys_mbox_post
                0x00009e0c       0x2c ./lwip/src/arch/sys_arch_freertos.o
                0x00009e0c                sys_mbox_post
 .text.sys_mbox_trypost
                0x00009e38       0x34 ./lwip/src/arch/sys_arch_freertos.o
                0x00009e38                sys_mbox_trypost
 .text.sys_arch_mbox_fetch
                0x00009e6c       0x98 ./lwip/src/arch/sys_arch_freertos.o
                0x00009e6c                sys_arch_mbox_fetch
 .text.sys_arch_mbox_tryfetch
                0x00009f04       0x40 ./lwip/src/arch/sys_arch_freertos.o
                0x00009f04                sys_arch_mbox_tryfetch
 .text.sys_sem_new
                0x00009f44       0x64 ./lwip/src/arch/sys_arch_freertos.o
                0x00009f44                sys_sem_new
 .text.sys_arch_sem_wait
                0x00009fa8       0x84 ./lwip/src/arch/sys_arch_freertos.o
                0x00009fa8                sys_arch_sem_wait
 .text.sys_mutex_new
                0x0000a02c       0x30 ./lwip/src/arch/sys_arch_freertos.o
                0x0000a02c                sys_mutex_new
 .text.sys_mutex_lock
                0x0000a05c       0x28 ./lwip/src/arch/sys_arch_freertos.o
                0x0000a05c                sys_mutex_lock
 .text.sys_mutex_unlock
                0x0000a084       0x20 ./lwip/src/arch/sys_arch_freertos.o
                0x0000a084                sys_mutex_unlock
 .text.sys_sem_signal
                0x0000a0a4       0x20 ./lwip/src/arch/sys_arch_freertos.o
                0x0000a0a4                sys_sem_signal
 .text.sys_sem_free
                0x0000a0c4       0x1c ./lwip/src/arch/sys_arch_freertos.o
                0x0000a0c4                sys_sem_free
 .text.sys_init
                0x0000a0e0        0xc ./lwip/src/arch/sys_arch_freertos.o
                0x0000a0e0                sys_init
 .text.sys_thread_new
                0x0000a0ec       0x4c ./lwip/src/arch/sys_arch_freertos.o
                0x0000a0ec                sys_thread_new
 .text.sys_arch_protect
                0x0000a138       0x10 ./lwip/src/arch/sys_arch_freertos.o
                0x0000a138                sys_arch_protect
 .text.sys_arch_unprotect
                0x0000a148       0x14 ./lwip/src/arch/sys_arch_freertos.o
                0x0000a148                sys_arch_unprotect
 .text.netconn_new_with_proto_and_callback
                0x0000a15c       0x9c ./lwip/src/api/api_lib.o
                0x0000a15c                netconn_new_with_proto_and_callback
 .text.netconn_delete
                0x0000a1f8       0x38 ./lwip/src/api/api_lib.o
                0x0000a1f8                netconn_delete
 .text.netconn_bind
                0x0000a230       0x70 ./lwip/src/api/api_lib.o
                0x0000a230                netconn_bind
 .text.netconn_listen_with_backlog
                0x0000a2a0       0x64 ./lwip/src/api/api_lib.o
                0x0000a2a0                netconn_listen_with_backlog
 .text.netconn_accept
                0x0000a304       0xb8 ./lwip/src/api/api_lib.o
                0x0000a304                netconn_accept
 .text.netconn_recv_data
                0x0000a3bc      0x12c ./lwip/src/api/api_lib.o
 .text.netconn_recv
                0x0000a4e8       0xf0 ./lwip/src/api/api_lib.o
                0x0000a4e8                netconn_recv
 .text.netconn_write_partly
                0x0000a5d8       0xe8 ./lwip/src/api/api_lib.o
                0x0000a5d8                netconn_write_partly
 .text.netconn_close_shutdown
                0x0000a6c0       0x68 ./lwip/src/api/api_lib.o
 .text.netconn_close
                0x0000a728       0x1c ./lwip/src/api/api_lib.o
                0x0000a728                netconn_close
 .text.recv_raw
                0x0000a744       0xd8 ./lwip/src/api/api_msg.o
 .text.recv_udp
                0x0000a81c       0xc8 ./lwip/src/api/api_msg.o
 .text.recv_tcp
                0x0000a8e4       0xcc ./lwip/src/api/api_msg.o
 .text.poll_tcp
                0x0000a9b0       0x94 ./lwip/src/api/api_msg.o
 .text.sent_tcp
                0x0000aa44       0x90 ./lwip/src/api/api_msg.o
 .text.err_tcp  0x0000aad4      0x11c ./lwip/src/api/api_msg.o
 .text.setup_tcp
                0x0000abf0       0x50 ./lwip/src/api/api_msg.o
 .text.accept_function
                0x0000ac40       0xd4 ./lwip/src/api/api_msg.o
 .text.pcb_new  0x0000ad14       0xf0 ./lwip/src/api/api_msg.o
 .text.do_newconn
                0x0000ae04       0x34 ./lwip/src/api/api_msg.o
                0x0000ae04                do_newconn
 .text.netconn_alloc
                0x0000ae38       0xd0 ./lwip/src/api/api_msg.o
                0x0000ae38                netconn_alloc
 .text.netconn_free
                0x0000af08       0x4c ./lwip/src/api/api_msg.o
                0x0000af08                netconn_free
 .text.netconn_drain
                0x0000af54       0xec ./lwip/src/api/api_msg.o
 .text.do_close_internal
                0x0000b040      0x1dc ./lwip/src/api/api_msg.o
 .text.do_delconn
                0x0000b21c      0x13c ./lwip/src/api/api_msg.o
                0x0000b21c                do_delconn
 .text.do_bind  0x0000b358       0xb8 ./lwip/src/api/api_msg.o
                0x0000b358                do_bind
 .text.do_listen
                0x0000b410      0x114 ./lwip/src/api/api_msg.o
                0x0000b410                do_listen
 .text.do_recv  0x0000b524       0x70 ./lwip/src/api/api_msg.o
                0x0000b524                do_recv
 .text.do_writemore
                0x0000b594      0x21c ./lwip/src/api/api_msg.o
 .text.do_write
                0x0000b7b0       0xb4 ./lwip/src/api/api_msg.o
                0x0000b7b0                do_write
 .text.do_close
                0x0000b864       0xc4 ./lwip/src/api/api_msg.o
                0x0000b864                do_close
 .text.netbuf_delete
                0x0000b928       0x3c ./lwip/src/api/netbuf.o
                0x0000b928                netbuf_delete
 .text.netbuf_data
                0x0000b964       0x68 ./lwip/src/api/netbuf.o
                0x0000b964                netbuf_data
 .text.tcpip_thread
                0x0000b9cc      0x10c ./lwip/src/api/tcpip.o
 .text.tcpip_input
                0x0000bad8       0x70 ./lwip/src/api/tcpip.o
                0x0000bad8                tcpip_input
 .text.tcpip_callback_with_block
                0x0000bb48       0x84 ./lwip/src/api/tcpip.o
                0x0000bb48                tcpip_callback_with_block
 .text.tcpip_apimsg
                0x0000bbcc       0x4c ./lwip/src/api/tcpip.o
                0x0000bbcc                tcpip_apimsg
 .text.tcpip_init
                0x0000bc18       0x5c ./lwip/src/api/tcpip.o
                0x0000bc18                tcpip_init
 .text.vApplicationMallocFailedHook
                0x0000bc74       0x14 ./freertos/src/FreeRTOSCommonHooks.o
                0x0000bc74                vApplicationMallocFailedHook
 .text.vApplicationIdleHook
                0x0000bc88       0x10 ./freertos/src/FreeRTOSCommonHooks.o
                0x0000bc88                vApplicationIdleHook
 .text.vApplicationStackOverflowHook
                0x0000bc98       0x1c ./freertos/src/FreeRTOSCommonHooks.o
                0x0000bc98                vApplicationStackOverflowHook
 .text.pvPortMalloc
                0x0000bcb4       0x2c ./freertos/src/heap_3.o
                0x0000bcb4                pvPortMalloc
 .text.vPortFree
                0x0000bce0       0x24 ./freertos/src/heap_3.o
                0x0000bce0                vPortFree
 .text.vListInitialise
                0x0000bd04       0x40 ./freertos/src/list.o
                0x0000bd04                vListInitialise
 .text.vListInitialiseItem
                0x0000bd44       0x18 ./freertos/src/list.o
                0x0000bd44                vListInitialiseItem
 .text.vListInsertEnd
                0x0000bd5c       0x48 ./freertos/src/list.o
                0x0000bd5c                vListInsertEnd
 .text.vListInsert
                0x0000bda4       0x70 ./freertos/src/list.o
                0x0000bda4                vListInsert
 .text.uxListRemove
                0x0000be14       0x54 ./freertos/src/list.o
                0x0000be14                uxListRemove
 .text.pxPortInitialiseStack
                0x0000be68       0x54 ./freertos/src/port.o
                0x0000be68                pxPortInitialiseStack
 .text.prvTaskExitError
                0x0000bebc        0xc ./freertos/src/port.o
 .text.SVC_Handler
                0x0000bec8       0x24 ./freertos/src/port.o
                0x0000bec8                SVC_Handler
 .text.prvPortStartFirstTask
                0x0000beec       0x18 ./freertos/src/port.o
 .text.xPortStartScheduler
                0x0000bf04       0x38 ./freertos/src/port.o
                0x0000bf04                xPortStartScheduler
 .text.vPortYield
                0x0000bf3c       0x20 ./freertos/src/port.o
                0x0000bf3c                vPortYield
 .text.vPortEnterCritical
                0x0000bf5c       0x24 ./freertos/src/port.o
                0x0000bf5c                vPortEnterCritical
 .text.vPortExitCritical
                0x0000bf80       0x24 ./freertos/src/port.o
                0x0000bf80                vPortExitCritical
 .text.ulPortSetInterruptMask
                0x0000bfa4       0x14 ./freertos/src/port.o
                0x0000bfa4                ulPortSetInterruptMask
 .text.vPortClearInterruptMask
                0x0000bfb8        0x8 ./freertos/src/port.o
                0x0000bfb8                vPortClearInterruptMask
 .text.PendSV_Handler
                0x0000bfc0       0x40 ./freertos/src/port.o
                0x0000bfc0                PendSV_Handler
 .text.SysTick_Handler
                0x0000c000       0x28 ./freertos/src/port.o
                0x0000c000                SysTick_Handler
 .text.vPortSetupTimerInterrupt
                0x0000c028       0x34 ./freertos/src/port.o
                0x0000c028                vPortSetupTimerInterrupt
 .text.xQueueGenericReset
                0x0000c05c       0xa4 ./freertos/src/queue.o
                0x0000c05c                xQueueGenericReset
 .text.xQueueGenericCreate
                0x0000c100       0x78 ./freertos/src/queue.o
                0x0000c100                xQueueGenericCreate
 .text.xQueueCreateMutex
                0x0000c178       0x84 ./freertos/src/queue.o
                0x0000c178                xQueueCreateMutex
 .text.xQueueCreateCountingSemaphore
                0x0000c1fc       0x2c ./freertos/src/queue.o
                0x0000c1fc                xQueueCreateCountingSemaphore
 .text.xQueueGenericSend
                0x0000c228      0x110 ./freertos/src/queue.o
                0x0000c228                xQueueGenericSend
 .text.xQueueGenericSendFromISR
                0x0000c338       0x88 ./freertos/src/queue.o
                0x0000c338                xQueueGenericSendFromISR
 .text.xQueueGenericReceive
                0x0000c3c0      0x16c ./freertos/src/queue.o
                0x0000c3c0                xQueueGenericReceive
 .text.uxQueueMessagesWaiting
                0x0000c52c       0x20 ./freertos/src/queue.o
                0x0000c52c                uxQueueMessagesWaiting
 .text.vQueueDelete
                0x0000c54c       0x2c ./freertos/src/queue.o
                0x0000c54c                vQueueDelete
 .text.prvCopyDataToQueue
                0x0000c578       0xd0 ./freertos/src/queue.o
 .text.prvCopyDataFromQueue
                0x0000c648       0x4c ./freertos/src/queue.o
 .text.prvUnlockQueue
                0x0000c694       0x98 ./freertos/src/queue.o
 .text.prvIsQueueEmpty
                0x0000c72c       0x2c ./freertos/src/queue.o
 .text.prvIsQueueFull
                0x0000c758       0x30 ./freertos/src/queue.o
 .text.vQueueUnregisterQueue
                0x0000c788       0x44 ./freertos/src/queue.o
                0x0000c788                vQueueUnregisterQueue
 .text.xTaskGenericCreate
                0x0000c7cc      0x140 ./freertos/src/tasks.o
                0x0000c7cc                xTaskGenericCreate
 .text.vTaskDelay
                0x0000c90c       0x54 ./freertos/src/tasks.o
                0x0000c90c                vTaskDelay
 .text.vTaskStartScheduler
                0x0000c960       0x58 ./freertos/src/tasks.o
                0x0000c960                vTaskStartScheduler
 .text.vTaskSuspendAll
                0x0000c9b8       0x1c ./freertos/src/tasks.o
                0x0000c9b8                vTaskSuspendAll
 .text.xTaskResumeAll
                0x0000c9d4       0xfc ./freertos/src/tasks.o
                0x0000c9d4                xTaskResumeAll
 .text.xTaskGetTickCount
                0x0000cad0       0x24 ./freertos/src/tasks.o
                0x0000cad0                xTaskGetTickCount
 .text.xTaskIncrementTick
                0x0000caf4      0x18c ./freertos/src/tasks.o
                0x0000caf4                xTaskIncrementTick
 .text.vTaskSwitchContext
                0x0000cc80       0xb8 ./freertos/src/tasks.o
                0x0000cc80                vTaskSwitchContext
 .text.vTaskPlaceOnEventList
                0x0000cd38       0x60 ./freertos/src/tasks.o
                0x0000cd38                vTaskPlaceOnEventList
 .text.xTaskRemoveFromEventList
                0x0000cd98       0xac ./freertos/src/tasks.o
                0x0000cd98                xTaskRemoveFromEventList
 .text.vTaskSetTimeOutState
                0x0000ce44       0x2c ./freertos/src/tasks.o
                0x0000ce44                vTaskSetTimeOutState
 .text.xTaskCheckForTimeOut
                0x0000ce70       0x88 ./freertos/src/tasks.o
                0x0000ce70                xTaskCheckForTimeOut
 .text.vTaskMissedYield
                0x0000cef8       0x18 ./freertos/src/tasks.o
                0x0000cef8                vTaskMissedYield
 .text.prvIdleTask
                0x0000cf10       0x24 ./freertos/src/tasks.o
 .text.prvInitialiseTCBVariables
                0x0000cf34       0x98 ./freertos/src/tasks.o
 .text.prvInitialiseTaskLists
                0x0000cfcc       0x80 ./freertos/src/tasks.o
 .text.prvCheckTasksWaitingTermination
                0x0000d04c       0x78 ./freertos/src/tasks.o
 .text.prvAddCurrentTaskToDelayedList
                0x0000d0c4       0x6c ./freertos/src/tasks.o
 .text.prvAllocateTCBAndStack
                0x0000d130       0x64 ./freertos/src/tasks.o
 .text.prvDeleteTCB
                0x0000d194       0x20 ./freertos/src/tasks.o
 .text.xTaskGetCurrentTaskHandle
                0x0000d1b4       0x1c ./freertos/src/tasks.o
                0x0000d1b4                xTaskGetCurrentTaskHandle
 .text.vTaskPriorityInherit
                0x0000d1d0       0xb4 ./freertos/src/tasks.o
                0x0000d1d0                vTaskPriorityInherit
 .text.vTaskPriorityDisinherit
                0x0000d284       0x7c ./freertos/src/tasks.o
                0x0000d284                vTaskPriorityDisinherit
 .text.mem_cpy  0x0000d300       0x3c ./fatfs/src/ff.o
 .text.mem_set  0x0000d33c       0x34 ./fatfs/src/ff.o
 .text.mem_cmp  0x0000d370       0x4c ./fatfs/src/ff.o
 .text.chk_chr  0x0000d3bc       0x34 ./fatfs/src/ff.o
 .text.sync_window
                0x0000d3f0       0x88 ./fatfs/src/ff.o
 .text.move_window
                0x0000d478       0x5c ./fatfs/src/ff.o
 .text.sync_fs  0x0000d4d4      0x13c ./fatfs/src/ff.o
 .text.clust2sect
                0x0000d610       0x3c ./fatfs/src/ff.o
                0x0000d610                clust2sect
 .text.get_fat  0x0000d64c      0x170 ./fatfs/src/ff.o
                0x0000d64c                get_fat
 .text.put_fat  0x0000d7bc      0x208 ./fatfs/src/ff.o
                0x0000d7bc                put_fat
 .text.remove_chain
                0x0000d9c4       0xa8 ./fatfs/src/ff.o
 .text.create_chain
                0x0000da6c      0x128 ./fatfs/src/ff.o
 .text.dir_sdi  0x0000db94      0x100 ./fatfs/src/ff.o
 .text.dir_next
                0x0000dc94      0x1a8 ./fatfs/src/ff.o
 .text.dir_alloc
                0x0000de3c       0x8c ./fatfs/src/ff.o
 .text.ld_clust
                0x0000dec8       0x58 ./fatfs/src/ff.o
 .text.st_clust
                0x0000df20       0x44 ./fatfs/src/ff.o
 .text.dir_find
                0x0000df64       0x98 ./fatfs/src/ff.o
 .text.dir_register
                0x0000dffc       0x64 ./fatfs/src/ff.o
 .text.create_name
                0x0000e060      0x230 ./fatfs/src/ff.o
 .text.follow_path
                0x0000e290       0xd0 ./fatfs/src/ff.o
 .text.get_ldnumber
                0x0000e360       0x88 ./fatfs/src/ff.o
 .text.check_fs
                0x0000e3e8       0xd0 ./fatfs/src/ff.o
 .text.find_volume
                0x0000e4b8      0x560 ./fatfs/src/ff.o
 .text.validate
                0x0000ea18       0x58 ./fatfs/src/ff.o
 .text.f_mount  0x0000ea70       0x88 ./fatfs/src/ff.o
                0x0000ea70                f_mount
 .text.f_open   0x0000eaf8      0x2b0 ./fatfs/src/ff.o
                0x0000eaf8                f_open
 .text.f_read   0x0000eda8      0x270 ./fatfs/src/ff.o
                0x0000eda8                f_read
 .text.f_sync   0x0000f018      0x14c ./fatfs/src/ff.o
                0x0000f018                f_sync
 .text.f_close  0x0000f164       0x38 ./fatfs/src/ff.o
                0x0000f164                f_close
 .text.Chip_GPIO_SetPinState
                0x0000f19c       0x68 ./fatfs/src/mmc.o
 .text.Chip_GPIO_WritePortBit
                0x0000f204       0x2c ./fatfs/src/mmc.o
 .text.Chip_GPIO_SetPinDIROutput
                0x0000f230       0x38 ./fatfs/src/mmc.o
 .text.Chip_GPIO_SetPinDIRInput
                0x0000f268       0x3c ./fatfs/src/mmc.o
 .text.Chip_GPIO_SetPinDIR
                0x0000f2a4       0x44 ./fatfs/src/mmc.o
 .text.Chip_GPIO_WriteDirBit
                0x0000f2e8       0x30 ./fatfs/src/mmc.o
 .text.Chip_SSP_Enable
                0x0000f318       0x20 ./fatfs/src/mmc.o
 .text.Chip_SSP_SetFormat
                0x0000f338       0x30 ./fatfs/src/mmc.o
 .text.SSPSend  0x0000f368       0x38 ./fatfs/src/mmc.o
 .text.SSPReceive
                0x0000f3a0       0x38 ./fatfs/src/mmc.o
                0x0000f3a0                SSPReceive
 .text.xmit_spi
                0x0000f3d8       0x1c ./fatfs/src/mmc.o
 .text.rcvr_spi
                0x0000f3f4       0x20 ./fatfs/src/mmc.o
 .text.wait_ready
                0x0000f414       0x38 ./fatfs/src/mmc.o
 .text.deselect
                0x0000f44c       0x1c ./fatfs/src/mmc.o
 .text.select   0x0000f468       0x2c ./fatfs/src/mmc.o
 .text.power_on
                0x0000f494        0xc ./fatfs/src/mmc.o
 .text.power_off
                0x0000f4a0        0xc ./fatfs/src/mmc.o
 .text.chk_power
                0x0000f4ac       0x10 ./fatfs/src/mmc.o
 .text.rcvr_datablock
                0x0000f4bc       0x8c ./fatfs/src/mmc.o
 .text.xmit_datablock
                0x0000f548       0x80 ./fatfs/src/mmc.o
 .text.send_cmd
                0x0000f5c8       0xd0 ./fatfs/src/mmc.o
 .text.disk_initialize
                0x0000f698      0x208 ./fatfs/src/mmc.o
                0x0000f698                disk_initialize
 .text.disk_status
                0x0000f8a0       0x28 ./fatfs/src/mmc.o
                0x0000f8a0                disk_status
 .text.disk_read
                0x0000f8c8       0xd0 ./fatfs/src/mmc.o
                0x0000f8c8                disk_read
 .text.disk_write
                0x0000f998      0x100 ./fatfs/src/mmc.o
                0x0000f998                disk_write
 .text.disk_ioctl
                0x0000fa98      0x39c ./fatfs/src/mmc.o
                0x0000fa98                disk_ioctl
 .text.Chip_IOCON_Init
                0x0000fe34       0x18 C:\Users\Kevin\Documents\LPCXpresso_8.2.0_647\workspace\lpc_board_nxp_lpcxpresso_1769\Debug\liblpc_board_nxp_lpcxpresso_1769.a(board.o)
 .text.Chip_GPIO_Init
                0x0000fe4c       0x18 C:\Users\Kevin\Documents\LPCXpresso_8.2.0_647\workspace\lpc_board_nxp_lpcxpresso_1769\Debug\liblpc_board_nxp_lpcxpresso_1769.a(board.o)
 .text.Chip_GPIO_SetPinState
                0x0000fe64       0x68 C:\Users\Kevin\Documents\LPCXpresso_8.2.0_647\workspace\lpc_board_nxp_lpcxpresso_1769\Debug\liblpc_board_nxp_lpcxpresso_1769.a(board.o)
 .text.Chip_GPIO_WritePortBit
                0x0000fecc       0x2c C:\Users\Kevin\Documents\LPCXpresso_8.2.0_647\workspace\lpc_board_nxp_lpcxpresso_1769\Debug\liblpc_board_nxp_lpcxpresso_1769.a(board.o)
 .text.Chip_GPIO_SetPinDIROutput
                0x0000fef8       0x38 C:\Users\Kevin\Documents\LPCXpresso_8.2.0_647\workspace\lpc_board_nxp_lpcxpresso_1769\Debug\liblpc_board_nxp_lpcxpresso_1769.a(board.o)
 .text.Chip_GPIO_SetPinDIRInput
                0x0000ff30       0x3c C:\Users\Kevin\Documents\LPCXpresso_8.2.0_647\workspace\lpc_board_nxp_lpcxpresso_1769\Debug\liblpc_board_nxp_lpcxpresso_1769.a(board.o)
 .text.Chip_GPIO_SetPinDIR
                0x0000ff6c       0x44 C:\Users\Kevin\Documents\LPCXpresso_8.2.0_647\workspace\lpc_board_nxp_lpcxpresso_1769\Debug\liblpc_board_nxp_lpcxpresso_1769.a(board.o)
 .text.Chip_GPIO_WriteDirBit
                0x0000ffb0       0x30 C:\Users\Kevin\Documents\LPCXpresso_8.2.0_647\workspace\lpc_board_nxp_lpcxpresso_1769\Debug\liblpc_board_nxp_lpcxpresso_1769.a(board.o)
 .text.Chip_UART_SendByte
                0x0000ffe0       0x1c C:\Users\Kevin\Documents\LPCXpresso_8.2.0_647\workspace\lpc_board_nxp_lpcxpresso_1769\Debug\liblpc_board_nxp_lpcxpresso_1769.a(board.o)
 .text.Chip_UART_ReadByte
                0x0000fffc       0x18 C:\Users\Kevin\Documents\LPCXpresso_8.2.0_647\workspace\lpc_board_nxp_lpcxpresso_1769\Debug\liblpc_board_nxp_lpcxpresso_1769.a(board.o)
 .text.Chip_UART_ConfigData
                0x00010014       0x1c C:\Users\Kevin\Documents\LPCXpresso_8.2.0_647\workspace\lpc_board_nxp_lpcxpresso_1769\Debug\liblpc_board_nxp_lpcxpresso_1769.a(board.o)
 .text.Chip_UART_ReadLineStatus
                0x00010030       0x18 C:\Users\Kevin\Documents\LPCXpresso_8.2.0_647\workspace\lpc_board_nxp_lpcxpresso_1769\Debug\liblpc_board_nxp_lpcxpresso_1769.a(board.o)
 .text.__sys_write
                0x00010048       0x38 C:\Users\Kevin\Documents\LPCXpresso_8.2.0_647\workspace\lpc_board_nxp_lpcxpresso_1769\Debug\liblpc_board_nxp_lpcxpresso_1769.a(board.o)
                0x00010048                __sys_write
 .text.__sys_readc
                0x00010080       0x18 C:\Users\Kevin\Documents\LPCXpresso_8.2.0_647\workspace\lpc_board_nxp_lpcxpresso_1769\Debug\liblpc_board_nxp_lpcxpresso_1769.a(board.o)
                0x00010080                __sys_readc
 .text.Board_LED_Init
                0x00010098       0x18 C:\Users\Kevin\Documents\LPCXpresso_8.2.0_647\workspace\lpc_board_nxp_lpcxpresso_1769\Debug\liblpc_board_nxp_lpcxpresso_1769.a(board.o)
 .text.Board_UART_Init
                0x000100b0       0x14 C:\Users\Kevin\Documents\LPCXpresso_8.2.0_647\workspace\lpc_board_nxp_lpcxpresso_1769\Debug\liblpc_board_nxp_lpcxpresso_1769.a(board.o)
                0x000100b0                Board_UART_Init
 .text.Board_Debug_Init
                0x000100c4       0x30 C:\Users\Kevin\Documents\LPCXpresso_8.2.0_647\workspace\lpc_board_nxp_lpcxpresso_1769\Debug\liblpc_board_nxp_lpcxpresso_1769.a(board.o)
                0x000100c4                Board_Debug_Init
 .text.Board_UARTPutChar
                0x000100f4       0x34 C:\Users\Kevin\Documents\LPCXpresso_8.2.0_647\workspace\lpc_board_nxp_lpcxpresso_1769\Debug\liblpc_board_nxp_lpcxpresso_1769.a(board.o)
                0x000100f4                Board_UARTPutChar
 .text.Board_UARTGetChar
                0x00010128       0x2c C:\Users\Kevin\Documents\LPCXpresso_8.2.0_647\workspace\lpc_board_nxp_lpcxpresso_1769\Debug\liblpc_board_nxp_lpcxpresso_1769.a(board.o)
                0x00010128                Board_UARTGetChar
 .text.Board_UARTPutSTR
                0x00010154       0x28 C:\Users\Kevin\Documents\LPCXpresso_8.2.0_647\workspace\lpc_board_nxp_lpcxpresso_1769\Debug\liblpc_board_nxp_lpcxpresso_1769.a(board.o)
                0x00010154                Board_UARTPutSTR
 .text.Board_LED_Set
                0x0001017c       0x30 C:\Users\Kevin\Documents\LPCXpresso_8.2.0_647\workspace\lpc_board_nxp_lpcxpresso_1769\Debug\liblpc_board_nxp_lpcxpresso_1769.a(board.o)
                0x0001017c                Board_LED_Set
 .text.Board_Init
                0x000101ac       0x24 C:\Users\Kevin\Documents\LPCXpresso_8.2.0_647\workspace\lpc_board_nxp_lpcxpresso_1769\Debug\liblpc_board_nxp_lpcxpresso_1769.a(board.o)
                0x000101ac                Board_Init
 .text.Board_ENET_GetMacADDR
                0x000101d0       0x30 C:\Users\Kevin\Documents\LPCXpresso_8.2.0_647\workspace\lpc_board_nxp_lpcxpresso_1769\Debug\liblpc_board_nxp_lpcxpresso_1769.a(board.o)
                0x000101d0                Board_ENET_GetMacADDR
 .text.Board_SSP_Init
                0x00010200       0xa4 C:\Users\Kevin\Documents\LPCXpresso_8.2.0_647\workspace\lpc_board_nxp_lpcxpresso_1769\Debug\liblpc_board_nxp_lpcxpresso_1769.a(board.o)
                0x00010200                Board_SSP_Init
 .text.Chip_SYSCTL_SetFLASHAccess
                0x000102a4       0x30 C:\Users\Kevin\Documents\LPCXpresso_8.2.0_647\workspace\lpc_board_nxp_lpcxpresso_1769\Debug\liblpc_board_nxp_lpcxpresso_1769.a(board_sysinit.o)
 .text.Board_SetupMuxing
                0x000102d4       0x1c C:\Users\Kevin\Documents\LPCXpresso_8.2.0_647\workspace\lpc_board_nxp_lpcxpresso_1769\Debug\liblpc_board_nxp_lpcxpresso_1769.a(board_sysinit.o)
                0x000102d4                Board_SetupMuxing
 .text.Board_SetupClocking
                0x000102f0       0x14 C:\Users\Kevin\Documents\LPCXpresso_8.2.0_647\workspace\lpc_board_nxp_lpcxpresso_1769\Debug\liblpc_board_nxp_lpcxpresso_1769.a(board_sysinit.o)
                0x000102f0                Board_SetupClocking
 .text.Board_SystemInit
                0x00010304       0x10 C:\Users\Kevin\Documents\LPCXpresso_8.2.0_647\workspace\lpc_board_nxp_lpcxpresso_1769\Debug\liblpc_board_nxp_lpcxpresso_1769.a(board_sysinit.o)
                0x00010304                Board_SystemInit
 .text.Chip_ENET_IsMIIBusy
                0x00010314       0x24 C:\Users\Kevin\Documents\LPCXpresso_8.2.0_647\workspace\lpc_board_nxp_lpcxpresso_1769\Debug\liblpc_board_nxp_lpcxpresso_1769.a(lpc_phy_smsc87x0.o)
 .text.lpc_mii_write
                0x00010338       0x64 C:\Users\Kevin\Documents\LPCXpresso_8.2.0_647\workspace\lpc_board_nxp_lpcxpresso_1769\Debug\liblpc_board_nxp_lpcxpresso_1769.a(lpc_phy_smsc87x0.o)
 .text.lpc_mii_read
                0x0001039c       0x74 C:\Users\Kevin\Documents\LPCXpresso_8.2.0_647\workspace\lpc_board_nxp_lpcxpresso_1769\Debug\liblpc_board_nxp_lpcxpresso_1769.a(lpc_phy_smsc87x0.o)
 .text.smsc_update_phy_sts
                0x00010410       0xe8 C:\Users\Kevin\Documents\LPCXpresso_8.2.0_647\workspace\lpc_board_nxp_lpcxpresso_1769\Debug\liblpc_board_nxp_lpcxpresso_1769.a(lpc_phy_smsc87x0.o)
 .text.lpc_phy_init
                0x000104f8       0xac C:\Users\Kevin\Documents\LPCXpresso_8.2.0_647\workspace\lpc_board_nxp_lpcxpresso_1769\Debug\liblpc_board_nxp_lpcxpresso_1769.a(lpc_phy_smsc87x0.o)
                0x000104f8                lpc_phy_init
 .text.lpcPHYStsPoll
                0x000105a4       0xc8 C:\Users\Kevin\Documents\LPCXpresso_8.2.0_647\workspace\lpc_board_nxp_lpcxpresso_1769\Debug\liblpc_board_nxp_lpcxpresso_1769.a(lpc_phy_smsc87x0.o)
                0x000105a4                lpcPHYStsPoll
 .text.SystemCoreClockUpdate
                0x0001066c       0x18 C:\Users\Kevin\Documents\LPCXpresso_8.2.0_647\workspace\lpc_chip_175x_6x\Debug\liblpc_chip_175x_6x.a(chip_17xx_40xx.o)
                0x0001066c                SystemCoreClockUpdate
 .text.Chip_Clock_IsMainPLLEnabled
                0x00010684       0x24 C:\Users\Kevin\Documents\LPCXpresso_8.2.0_647\workspace\lpc_chip_175x_6x\Debug\liblpc_chip_175x_6x.a(clock_17xx_40xx.o)
 .text.Chip_Clock_IsMainPLLConnected
                0x000106a8       0x24 C:\Users\Kevin\Documents\LPCXpresso_8.2.0_647\workspace\lpc_chip_175x_6x\Debug\liblpc_chip_175x_6x.a(clock_17xx_40xx.o)
 .text.Chip_Clock_FeedPLL
                0x000106cc       0x34 C:\Users\Kevin\Documents\LPCXpresso_8.2.0_647\workspace\lpc_chip_175x_6x\Debug\liblpc_chip_175x_6x.a(clock_17xx_40xx.o)
 .text.Chip_Clock_GetMainPLLSource
                0x00010700       0x20 C:\Users\Kevin\Documents\LPCXpresso_8.2.0_647\workspace\lpc_chip_175x_6x\Debug\liblpc_chip_175x_6x.a(clock_17xx_40xx.o)
 .text.Chip_Clock_GetMainOscRate
                0x00010720       0x14 C:\Users\Kevin\Documents\LPCXpresso_8.2.0_647\workspace\lpc_chip_175x_6x\Debug\liblpc_chip_175x_6x.a(clock_17xx_40xx.o)
 .text.Chip_Clock_GetIntOscRate
                0x00010734       0x14 C:\Users\Kevin\Documents\LPCXpresso_8.2.0_647\workspace\lpc_chip_175x_6x\Debug\liblpc_chip_175x_6x.a(clock_17xx_40xx.o)
 .text.Chip_Clock_GetRTCOscRate
                0x00010748       0x14 C:\Users\Kevin\Documents\LPCXpresso_8.2.0_647\workspace\lpc_chip_175x_6x\Debug\liblpc_chip_175x_6x.a(clock_17xx_40xx.o)
 .text.Chip_Clock_GetMainPLLInClockRate
                0x0001075c       0x10 C:\Users\Kevin\Documents\LPCXpresso_8.2.0_647\workspace\lpc_chip_175x_6x\Debug\liblpc_chip_175x_6x.a(clock_17xx_40xx.o)
 .text.Chip_Clock_EnablePLL
                0x0001076c       0x44 C:\Users\Kevin\Documents\LPCXpresso_8.2.0_647\workspace\lpc_chip_175x_6x\Debug\liblpc_chip_175x_6x.a(clock_17xx_40xx.o)
                0x0001076c                Chip_Clock_EnablePLL
 .text.Chip_Clock_DisablePLL
                0x000107b0       0x48 C:\Users\Kevin\Documents\LPCXpresso_8.2.0_647\workspace\lpc_chip_175x_6x\Debug\liblpc_chip_175x_6x.a(clock_17xx_40xx.o)
                0x000107b0                Chip_Clock_DisablePLL
 .text.Chip_Clock_SetupPLL
                0x000107f8       0x5c C:\Users\Kevin\Documents\LPCXpresso_8.2.0_647\workspace\lpc_chip_175x_6x\Debug\liblpc_chip_175x_6x.a(clock_17xx_40xx.o)
                0x000107f8                Chip_Clock_SetupPLL
 .text.Chip_Clock_EnablePeriphClock
                0x00010854       0x34 C:\Users\Kevin\Documents\LPCXpresso_8.2.0_647\workspace\lpc_chip_175x_6x\Debug\liblpc_chip_175x_6x.a(clock_17xx_40xx.o)
                0x00010854                Chip_Clock_EnablePeriphClock
 .text.Chip_Clock_GetCPUClockSource
                0x00010888       0x24 C:\Users\Kevin\Documents\LPCXpresso_8.2.0_647\workspace\lpc_chip_175x_6x\Debug\liblpc_chip_175x_6x.a(clock_17xx_40xx.o)
                0x00010888                Chip_Clock_GetCPUClockSource
 .text.Chip_Clock_SetCPUClockDiv
                0x000108ac       0x20 C:\Users\Kevin\Documents\LPCXpresso_8.2.0_647\workspace\lpc_chip_175x_6x\Debug\liblpc_chip_175x_6x.a(clock_17xx_40xx.o)
                0x000108ac                Chip_Clock_SetCPUClockDiv
 .text.Chip_Clock_GetCPUClockDiv
                0x000108cc       0x1c C:\Users\Kevin\Documents\LPCXpresso_8.2.0_647\workspace\lpc_chip_175x_6x\Debug\liblpc_chip_175x_6x.a(clock_17xx_40xx.o)
                0x000108cc                Chip_Clock_GetCPUClockDiv
 .text.Chip_Clock_GetPCLKDiv
                0x000108e8       0x8c C:\Users\Kevin\Documents\LPCXpresso_8.2.0_647\workspace\lpc_chip_175x_6x\Debug\liblpc_chip_175x_6x.a(clock_17xx_40xx.o)
                0x000108e8                Chip_Clock_GetPCLKDiv
 .text.Chip_Clock_GetSYSCLKRate
                0x00010974       0x34 C:\Users\Kevin\Documents\LPCXpresso_8.2.0_647\workspace\lpc_chip_175x_6x\Debug\liblpc_chip_175x_6x.a(clock_17xx_40xx.o)
                0x00010974                Chip_Clock_GetSYSCLKRate
 .text.Chip_Clock_GetMainPLLOutClockRate
                0x000109a8       0x54 C:\Users\Kevin\Documents\LPCXpresso_8.2.0_647\workspace\lpc_chip_175x_6x\Debug\liblpc_chip_175x_6x.a(clock_17xx_40xx.o)
                0x000109a8                Chip_Clock_GetMainPLLOutClockRate
 .text.Chip_Clock_GetMainClockRate
                0x000109fc       0x28 C:\Users\Kevin\Documents\LPCXpresso_8.2.0_647\workspace\lpc_chip_175x_6x\Debug\liblpc_chip_175x_6x.a(clock_17xx_40xx.o)
                0x000109fc                Chip_Clock_GetMainClockRate
 .text.Chip_Clock_GetSystemClockRate
                0x00010a24       0x18 C:\Users\Kevin\Documents\LPCXpresso_8.2.0_647\workspace\lpc_chip_175x_6x\Debug\liblpc_chip_175x_6x.a(clock_17xx_40xx.o)
                0x00010a24                Chip_Clock_GetSystemClockRate
 .text.Chip_Clock_GetPeripheralClockRate
                0x00010a3c       0x28 C:\Users\Kevin\Documents\LPCXpresso_8.2.0_647\workspace\lpc_chip_175x_6x\Debug\liblpc_chip_175x_6x.a(clock_17xx_40xx.o)
                0x00010a3c                Chip_Clock_GetPeripheralClockRate
 .text.Chip_Clock_GetENETClockRate
                0x00010a64       0x10 C:\Users\Kevin\Documents\LPCXpresso_8.2.0_647\workspace\lpc_chip_175x_6x\Debug\liblpc_chip_175x_6x.a(enet_17xx_40xx.o)
 .text.Chip_ENET_Reset
                0x00010a74       0x24 C:\Users\Kevin\Documents\LPCXpresso_8.2.0_647\workspace\lpc_chip_175x_6x\Debug\liblpc_chip_175x_6x.a(enet_17xx_40xx.o)
 .text.resetENET
                0x00010a98       0x28 C:\Users\Kevin\Documents\LPCXpresso_8.2.0_647\workspace\lpc_chip_175x_6x\Debug\liblpc_chip_175x_6x.a(enet_17xx_40xx.o)
 .text.Chip_ENET_Init
                0x00010ac0       0x90 C:\Users\Kevin\Documents\LPCXpresso_8.2.0_647\workspace\lpc_chip_175x_6x\Debug\liblpc_chip_175x_6x.a(enet_17xx_40xx.o)
                0x00010ac0                Chip_ENET_Init
 .text.Chip_ENET_SetupMII
                0x00010b50       0x44 C:\Users\Kevin\Documents\LPCXpresso_8.2.0_647\workspace\lpc_chip_175x_6x\Debug\liblpc_chip_175x_6x.a(enet_17xx_40xx.o)
                0x00010b50                Chip_ENET_SetupMII
 .text.Chip_ENET_FindMIIDiv
                0x00010b94       0x50 C:\Users\Kevin\Documents\LPCXpresso_8.2.0_647\workspace\lpc_chip_175x_6x\Debug\liblpc_chip_175x_6x.a(enet_17xx_40xx.o)
                0x00010b94                Chip_ENET_FindMIIDiv
 .text.Chip_ENET_StartMIIWrite
                0x00010be4       0x3c C:\Users\Kevin\Documents\LPCXpresso_8.2.0_647\workspace\lpc_chip_175x_6x\Debug\liblpc_chip_175x_6x.a(enet_17xx_40xx.o)
                0x00010be4                Chip_ENET_StartMIIWrite
 .text.Chip_ENET_StartMIIRead
                0x00010c20       0x30 C:\Users\Kevin\Documents\LPCXpresso_8.2.0_647\workspace\lpc_chip_175x_6x\Debug\liblpc_chip_175x_6x.a(enet_17xx_40xx.o)
                0x00010c20                Chip_ENET_StartMIIRead
 .text.Chip_ENET_ReadMIIData
                0x00010c50       0x20 C:\Users\Kevin\Documents\LPCXpresso_8.2.0_647\workspace\lpc_chip_175x_6x\Debug\liblpc_chip_175x_6x.a(enet_17xx_40xx.o)
                0x00010c50                Chip_ENET_ReadMIIData
 .text.Chip_ENET_SetFullDuplex
                0x00010c70       0x34 C:\Users\Kevin\Documents\LPCXpresso_8.2.0_647\workspace\lpc_chip_175x_6x\Debug\liblpc_chip_175x_6x.a(enet_17xx_40xx.o)
                0x00010c70                Chip_ENET_SetFullDuplex
 .text.Chip_ENET_SetHalfDuplex
                0x00010ca4       0x34 C:\Users\Kevin\Documents\LPCXpresso_8.2.0_647\workspace\lpc_chip_175x_6x\Debug\liblpc_chip_175x_6x.a(enet_17xx_40xx.o)
                0x00010ca4                Chip_ENET_SetHalfDuplex
 .text.Chip_ENET_InitTxDescriptors
                0x00010cd8       0x3c C:\Users\Kevin\Documents\LPCXpresso_8.2.0_647\workspace\lpc_chip_175x_6x\Debug\liblpc_chip_175x_6x.a(enet_17xx_40xx.o)
                0x00010cd8                Chip_ENET_InitTxDescriptors
 .text.Chip_ENET_InitRxDescriptors
                0x00010d14       0x3c C:\Users\Kevin\Documents\LPCXpresso_8.2.0_647\workspace\lpc_chip_175x_6x\Debug\liblpc_chip_175x_6x.a(enet_17xx_40xx.o)
                0x00010d14                Chip_ENET_InitRxDescriptors
 .text.Chip_ENET_GetFillDescNum
                0x00010d50       0x4c C:\Users\Kevin\Documents\LPCXpresso_8.2.0_647\workspace\lpc_chip_175x_6x\Debug\liblpc_chip_175x_6x.a(enet_17xx_40xx.o)
                0x00010d50                Chip_ENET_GetFillDescNum
 .text.Chip_ENET_IncTXProduceIndex
                0x00010d9c       0x3c C:\Users\Kevin\Documents\LPCXpresso_8.2.0_647\workspace\lpc_chip_175x_6x\Debug\liblpc_chip_175x_6x.a(enet_17xx_40xx.o)
                0x00010d9c                Chip_ENET_IncTXProduceIndex
 .text.Chip_ENET_IncRXConsumeIndex
                0x00010dd8       0x3c C:\Users\Kevin\Documents\LPCXpresso_8.2.0_647\workspace\lpc_chip_175x_6x\Debug\liblpc_chip_175x_6x.a(enet_17xx_40xx.o)
                0x00010dd8                Chip_ENET_IncRXConsumeIndex
 .text.Chip_IOCON_PinMuxSet
                0x00010e14       0x38 C:\Users\Kevin\Documents\LPCXpresso_8.2.0_647\workspace\lpc_chip_175x_6x\Debug\liblpc_chip_175x_6x.a(iocon_17xx_40xx.o)
                0x00010e14                Chip_IOCON_PinMuxSet
 .text.Chip_IOCON_PinMux
                0x00010e4c       0x94 C:\Users\Kevin\Documents\LPCXpresso_8.2.0_647\workspace\lpc_chip_175x_6x\Debug\liblpc_chip_175x_6x.a(iocon_17xx_40xx.o)
                0x00010e4c                Chip_IOCON_PinMux
 .text.Chip_IOCON_SetPinMuxing
                0x00010ee0       0x64 C:\Users\Kevin\Documents\LPCXpresso_8.2.0_647\workspace\lpc_chip_175x_6x\Debug\liblpc_chip_175x_6x.a(iocon_17xx_40xx.o)
                0x00010ee0                Chip_IOCON_SetPinMuxing
 .text.Chip_SSP_GetStatus
                0x00010f44       0x28 C:\Users\Kevin\Documents\LPCXpresso_8.2.0_647\workspace\lpc_chip_175x_6x\Debug\liblpc_chip_175x_6x.a(ssp_17xx_40xx.o)
 .text.Chip_SSP_GetRawIntStatus
                0x00010f6c       0x28 C:\Users\Kevin\Documents\LPCXpresso_8.2.0_647\workspace\lpc_chip_175x_6x\Debug\liblpc_chip_175x_6x.a(ssp_17xx_40xx.o)
 .text.Chip_SSP_GetDataSize
                0x00010f94       0x20 C:\Users\Kevin\Documents\LPCXpresso_8.2.0_647\workspace\lpc_chip_175x_6x\Debug\liblpc_chip_175x_6x.a(ssp_17xx_40xx.o)
 .text.Chip_SSP_ClearIntPending
                0x00010fb4       0x1c C:\Users\Kevin\Documents\LPCXpresso_8.2.0_647\workspace\lpc_chip_175x_6x\Debug\liblpc_chip_175x_6x.a(ssp_17xx_40xx.o)
 .text.Chip_SSP_ReceiveFrame
                0x00010fd0       0x18 C:\Users\Kevin\Documents\LPCXpresso_8.2.0_647\workspace\lpc_chip_175x_6x\Debug\liblpc_chip_175x_6x.a(ssp_17xx_40xx.o)
 .text.Chip_SSP_SendFrame
                0x00010fe8       0x1c C:\Users\Kevin\Documents\LPCXpresso_8.2.0_647\workspace\lpc_chip_175x_6x\Debug\liblpc_chip_175x_6x.a(ssp_17xx_40xx.o)
 .text.Chip_SSP_SetFormat
                0x00011004       0x30 C:\Users\Kevin\Documents\LPCXpresso_8.2.0_647\workspace\lpc_chip_175x_6x\Debug\liblpc_chip_175x_6x.a(ssp_17xx_40xx.o)
 .text.Chip_SSP_Set_Mode
                0x00011034       0x24 C:\Users\Kevin\Documents\LPCXpresso_8.2.0_647\workspace\lpc_chip_175x_6x\Debug\liblpc_chip_175x_6x.a(ssp_17xx_40xx.o)
 .text.SSP_Write2BFifo
                0x00011058       0x48 C:\Users\Kevin\Documents\LPCXpresso_8.2.0_647\workspace\lpc_chip_175x_6x\Debug\liblpc_chip_175x_6x.a(ssp_17xx_40xx.o)
 .text.SSP_Write1BFifo
                0x000110a0       0x48 C:\Users\Kevin\Documents\LPCXpresso_8.2.0_647\workspace\lpc_chip_175x_6x\Debug\liblpc_chip_175x_6x.a(ssp_17xx_40xx.o)
 .text.SSP_Read2BFifo
                0x000110e8       0x5c C:\Users\Kevin\Documents\LPCXpresso_8.2.0_647\workspace\lpc_chip_175x_6x\Debug\liblpc_chip_175x_6x.a(ssp_17xx_40xx.o)
 .text.SSP_Read1BFifo
                0x00011144       0x5c C:\Users\Kevin\Documents\LPCXpresso_8.2.0_647\workspace\lpc_chip_175x_6x\Debug\liblpc_chip_175x_6x.a(ssp_17xx_40xx.o)
 .text.Chip_SSP_GetClockIndex
                0x000111a0       0x2c C:\Users\Kevin\Documents\LPCXpresso_8.2.0_647\workspace\lpc_chip_175x_6x\Debug\liblpc_chip_175x_6x.a(ssp_17xx_40xx.o)
 .text.Chip_SSP_GetClkIndex
                0x000111cc       0x2c C:\Users\Kevin\Documents\LPCXpresso_8.2.0_647\workspace\lpc_chip_175x_6x\Debug\liblpc_chip_175x_6x.a(ssp_17xx_40xx.o)
 .text.Chip_SSP_SetClockRate
                0x000111f8       0x34 C:\Users\Kevin\Documents\LPCXpresso_8.2.0_647\workspace\lpc_chip_175x_6x\Debug\liblpc_chip_175x_6x.a(ssp_17xx_40xx.o)
                0x000111f8                Chip_SSP_SetClockRate
 .text.Chip_SSP_RWFrames_Blocking
                0x0001122c      0x108 C:\Users\Kevin\Documents\LPCXpresso_8.2.0_647\workspace\lpc_chip_175x_6x\Debug\liblpc_chip_175x_6x.a(ssp_17xx_40xx.o)
                0x0001122c                Chip_SSP_RWFrames_Blocking
 .text.Chip_SSP_SetBitRate
                0x00011334       0x74 C:\Users\Kevin\Documents\LPCXpresso_8.2.0_647\workspace\lpc_chip_175x_6x\Debug\liblpc_chip_175x_6x.a(ssp_17xx_40xx.o)
                0x00011334                Chip_SSP_SetBitRate
 .text.Chip_SSP_Init
                0x000113a8       0x40 C:\Users\Kevin\Documents\LPCXpresso_8.2.0_647\workspace\lpc_chip_175x_6x\Debug\liblpc_chip_175x_6x.a(ssp_17xx_40xx.o)
                0x000113a8                Chip_SSP_Init
 .text.Chip_Clock_IsMainPLLEnabled
                0x000113e8       0x24 C:\Users\Kevin\Documents\LPCXpresso_8.2.0_647\workspace\lpc_chip_175x_6x\Debug\liblpc_chip_175x_6x.a(sysinit_17xx_40xx.o)
 .text.Chip_Clock_IsMainPLLLocked
                0x0001140c       0x24 C:\Users\Kevin\Documents\LPCXpresso_8.2.0_647\workspace\lpc_chip_175x_6x\Debug\liblpc_chip_175x_6x.a(sysinit_17xx_40xx.o)
 .text.Chip_Clock_IsMainPLLConnected
                0x00011430       0x24 C:\Users\Kevin\Documents\LPCXpresso_8.2.0_647\workspace\lpc_chip_175x_6x\Debug\liblpc_chip_175x_6x.a(sysinit_17xx_40xx.o)
 .text.Chip_Clock_EnableCrystal
                0x00011454       0x20 C:\Users\Kevin\Documents\LPCXpresso_8.2.0_647\workspace\lpc_chip_175x_6x\Debug\liblpc_chip_175x_6x.a(sysinit_17xx_40xx.o)
 .text.Chip_Clock_IsCrystalEnabled
                0x00011474       0x24 C:\Users\Kevin\Documents\LPCXpresso_8.2.0_647\workspace\lpc_chip_175x_6x\Debug\liblpc_chip_175x_6x.a(sysinit_17xx_40xx.o)
 .text.Chip_Clock_SetMainPLLSource
                0x00011498       0x20 C:\Users\Kevin\Documents\LPCXpresso_8.2.0_647\workspace\lpc_chip_175x_6x\Debug\liblpc_chip_175x_6x.a(sysinit_17xx_40xx.o)
 .text.Chip_SetupXtalClocking
                0x000114b8       0x90 C:\Users\Kevin\Documents\LPCXpresso_8.2.0_647\workspace\lpc_chip_175x_6x\Debug\liblpc_chip_175x_6x.a(sysinit_17xx_40xx.o)
                0x000114b8                Chip_SetupXtalClocking
 .text.Chip_UART_SetupFIFOS
                0x00011548       0x1c C:\Users\Kevin\Documents\LPCXpresso_8.2.0_647\workspace\lpc_chip_175x_6x\Debug\liblpc_chip_175x_6x.a(uart_17xx_40xx.o)
 .text.Chip_UART_ConfigData
                0x00011564       0x1c C:\Users\Kevin\Documents\LPCXpresso_8.2.0_647\workspace\lpc_chip_175x_6x\Debug\liblpc_chip_175x_6x.a(uart_17xx_40xx.o)
 .text.Chip_UART_EnableDivisorAccess
                0x00011580       0x20 C:\Users\Kevin\Documents\LPCXpresso_8.2.0_647\workspace\lpc_chip_175x_6x\Debug\liblpc_chip_175x_6x.a(uart_17xx_40xx.o)
 .text.Chip_UART_DisableDivisorAccess
                0x000115a0       0x20 C:\Users\Kevin\Documents\LPCXpresso_8.2.0_647\workspace\lpc_chip_175x_6x\Debug\liblpc_chip_175x_6x.a(uart_17xx_40xx.o)
 .text.Chip_UART_SetDivisorLatches
                0x000115c0       0x28 C:\Users\Kevin\Documents\LPCXpresso_8.2.0_647\workspace\lpc_chip_175x_6x\Debug\liblpc_chip_175x_6x.a(uart_17xx_40xx.o)
 .text.Chip_UART_GetClockIndex
                0x000115e8       0x50 C:\Users\Kevin\Documents\LPCXpresso_8.2.0_647\workspace\lpc_chip_175x_6x\Debug\liblpc_chip_175x_6x.a(uart_17xx_40xx.o)
 .text.Chip_UART_GetClkIndex
                0x00011638       0x50 C:\Users\Kevin\Documents\LPCXpresso_8.2.0_647\workspace\lpc_chip_175x_6x\Debug\liblpc_chip_175x_6x.a(uart_17xx_40xx.o)
 .text.Chip_UART_Init
                0x00011688       0x78 C:\Users\Kevin\Documents\LPCXpresso_8.2.0_647\workspace\lpc_chip_175x_6x\Debug\liblpc_chip_175x_6x.a(uart_17xx_40xx.o)
                0x00011688                Chip_UART_Init
 .text.Chip_UART_TXEnable
                0x00011700       0x18 C:\Users\Kevin\Documents\LPCXpresso_8.2.0_647\workspace\lpc_chip_175x_6x\Debug\liblpc_chip_175x_6x.a(uart_17xx_40xx.o)
                0x00011700                Chip_UART_TXEnable
 .text.Chip_UART_TXDisable
                0x00011718       0x18 C:\Users\Kevin\Documents\LPCXpresso_8.2.0_647\workspace\lpc_chip_175x_6x\Debug\liblpc_chip_175x_6x.a(uart_17xx_40xx.o)
                0x00011718                Chip_UART_TXDisable
 .text.Chip_UART_SetBaud
                0x00011730       0x64 C:\Users\Kevin\Documents\LPCXpresso_8.2.0_647\workspace\lpc_chip_175x_6x\Debug\liblpc_chip_175x_6x.a(uart_17xx_40xx.o)
                0x00011730                Chip_UART_SetBaud
 .text.__main   0x00011794       0x14 c:/nxp/lpcxpresso_8.2.0_647/lpcxpresso/tools/bin/../lib/gcc/arm-none-eabi/5.3.1/../../../../arm-none-eabi/lib/armv7-m\libcr_nohost.a(_cr__main.o)
                0x00011794                __main
 .text.memcpy   0x000117a8        0x4 c:/nxp/lpcxpresso_8.2.0_647/lpcxpresso/tools/bin/../lib/gcc/arm-none-eabi/5.3.1/../../../../arm-none-eabi/lib/armv7-m\libcr_c.a(memcpy.o)
                0x000117a8                memcpy
 .text.memset   0x000117ac        0x4 c:/nxp/lpcxpresso_8.2.0_647/lpcxpresso/tools/bin/../lib/gcc/arm-none-eabi/5.3.1/../../../../arm-none-eabi/lib/armv7-m\libcr_c.a(memset.o)
                0x000117ac                memset
 .text.malloc   0x000117b0       0xc8 c:/nxp/lpcxpresso_8.2.0_647/lpcxpresso/tools/bin/../lib/gcc/arm-none-eabi/5.3.1/../../../../arm-none-eabi/lib/armv7-m\libcr_c.a(alloc.o)
                0x000117b0                malloc
 .text.free     0x00011878       0x30 c:/nxp/lpcxpresso_8.2.0_647/lpcxpresso/tools/bin/../lib/gcc/arm-none-eabi/5.3.1/../../../../arm-none-eabi/lib/armv7-m\libcr_c.a(alloc.o)
                0x00011878                free
 .text._Csys_alloc
                0x000118a8       0x20 c:/nxp/lpcxpresso_8.2.0_647/lpcxpresso/tools/bin/../lib/gcc/arm-none-eabi/5.3.1/../../../../arm-none-eabi/lib/armv7-m\libcr_c.a(alloc.o)
                0x000118a8                _Csys_alloc
 .text.fp_round
                0x000118c8       0x4c c:/nxp/lpcxpresso_8.2.0_647/lpcxpresso/tools/bin/../lib/gcc/arm-none-eabi/5.3.1/../../../../arm-none-eabi/lib/armv7-m\libcr_c.a(fpprintf.o)
 .text.pr_dec.constprop.1
                0x00011914       0x26 c:/nxp/lpcxpresso_8.2.0_647/lpcxpresso/tools/bin/../lib/gcc/arm-none-eabi/5.3.1/../../../../arm-none-eabi/lib/armv7-m\libcr_c.a(fpprintf.o)
 *fill*         0x0001193a        0x2 ff
 .text.sprintf  0x0001193c       0x6c c:/nxp/lpcxpresso_8.2.0_647/lpcxpresso/tools/bin/../lib/gcc/arm-none-eabi/5.3.1/../../../../arm-none-eabi/lib/armv7-m\libcr_c.a(fpprintf.o)
                0x0001193c                sprintf
 .text.fp_display
                0x000119a8      0x8ec c:/nxp/lpcxpresso_8.2.0_647/lpcxpresso/tools/bin/../lib/gcc/arm-none-eabi/5.3.1/../../../../arm-none-eabi/lib/armv7-m\libcr_c.a(fpprintf.o)
 .text.vsnprintf
                0x00012294       0x5c c:/nxp/lpcxpresso_8.2.0_647/lpcxpresso/tools/bin/../lib/gcc/arm-none-eabi/5.3.1/../../../../arm-none-eabi/lib/armv7-m\libcr_c.a(fpprintf.o)
                0x00012294                vsnprintf
 .text.printf   0x000122f0       0x54 c:/nxp/lpcxpresso_8.2.0_647/lpcxpresso/tools/bin/../lib/gcc/arm-none-eabi/5.3.1/../../../../arm-none-eabi/lib/armv7-m\libcr_c.a(fpprintf.o)
                0x000122f0                printf
 .text._initio  0x00012344       0xa4 c:/nxp/lpcxpresso_8.2.0_647/lpcxpresso/tools/bin/../lib/gcc/arm-none-eabi/5.3.1/../../../../arm-none-eabi/lib/armv7-m\libcr_c.a(initio.o)
                0x00012344                _initio
 .text.memcmp   0x000123e8       0x42 c:/nxp/lpcxpresso_8.2.0_647/lpcxpresso/tools/bin/../lib/gcc/arm-none-eabi/5.3.1/../../../../arm-none-eabi/lib/armv7-m\libcr_c.a(memcmp.o)
                0x000123e8                memcmp
 *fill*         0x0001242a        0x2 ff
 .text.__vfprintf
                0x0001242c      0xd28 c:/nxp/lpcxpresso_8.2.0_647/lpcxpresso/tools/bin/../lib/gcc/arm-none-eabi/5.3.1/../../../../arm-none-eabi/lib/armv7-m\libcr_c.a(printf.o)
                0x0001242c                __vfprintf
 .text.ch_val   0x00013154       0x30 c:/nxp/lpcxpresso_8.2.0_647/lpcxpresso/tools/bin/../lib/gcc/arm-none-eabi/5.3.1/../../../../arm-none-eabi/lib/armv7-m\libcr_c.a(scanf.o)
 .text.cr_rd_int
                0x00013184      0x1bc c:/nxp/lpcxpresso_8.2.0_647/lpcxpresso/tools/bin/../lib/gcc/arm-none-eabi/5.3.1/../../../../arm-none-eabi/lib/armv7-m\libcr_c.a(scanf.o)
 .text.vfscanf  0x00013340      0x8dc c:/nxp/lpcxpresso_8.2.0_647/lpcxpresso/tools/bin/../lib/gcc/arm-none-eabi/5.3.1/../../../../arm-none-eabi/lib/armv7-m\libcr_c.a(scanf.o)
                0x00013340                vfscanf
 .text.sscanf   0x00013c1c       0x4c c:/nxp/lpcxpresso_8.2.0_647/lpcxpresso/tools/bin/../lib/gcc/arm-none-eabi/5.3.1/../../../../arm-none-eabi/lib/armv7-m\libcr_c.a(scanf.o)
                0x00013c1c                sscanf
 .text.setvbuf  0x00013c68       0x40 c:/nxp/lpcxpresso_8.2.0_647/lpcxpresso/tools/bin/../lib/gcc/arm-none-eabi/5.3.1/../../../../arm-none-eabi/lib/armv7-m\libcr_c.a(setvbuf.o)
                0x00013c68                setvbuf
 .text.strcat   0x00013ca8       0x1e c:/nxp/lpcxpresso_8.2.0_647/lpcxpresso/tools/bin/../lib/gcc/arm-none-eabi/5.3.1/../../../../arm-none-eabi/lib/armv7-m\libcr_c.a(strcat.o)
                0x00013ca8                strcat
 .text.strchr   0x00013cc6       0x18 c:/nxp/lpcxpresso_8.2.0_647/lpcxpresso/tools/bin/../lib/gcc/arm-none-eabi/5.3.1/../../../../arm-none-eabi/lib/armv7-m\libcr_c.a(strchr.o)
                0x00013cc6                strchr
 .text.strcmp   0x00013cde       0x44 c:/nxp/lpcxpresso_8.2.0_647/lpcxpresso/tools/bin/../lib/gcc/arm-none-eabi/5.3.1/../../../../arm-none-eabi/lib/armv7-m\libcr_c.a(strcmp.o)
                0x00013cde                strcmp
 .text.strcpy   0x00013d22       0x42 c:/nxp/lpcxpresso_8.2.0_647/lpcxpresso/tools/bin/../lib/gcc/arm-none-eabi/5.3.1/../../../../arm-none-eabi/lib/armv7-m\libcr_c.a(strcpy.o)
                0x00013d22                strcpy
 .text.strlen   0x00013d64       0x4a c:/nxp/lpcxpresso_8.2.0_647/lpcxpresso/tools/bin/../lib/gcc/arm-none-eabi/5.3.1/../../../../arm-none-eabi/lib/armv7-m\libcr_c.a(strlen.o)
                0x00013d64                strlen
 .text.strncmp  0x00013dae       0x56 c:/nxp/lpcxpresso_8.2.0_647/lpcxpresso/tools/bin/../lib/gcc/arm-none-eabi/5.3.1/../../../../arm-none-eabi/lib/armv7-m\libcr_c.a(strncmp.o)
                0x00013dae                strncmp
 .text.strrchr  0x00013e04       0x20 c:/nxp/lpcxpresso_8.2.0_647/lpcxpresso/tools/bin/../lib/gcc/arm-none-eabi/5.3.1/../../../../arm-none-eabi/lib/armv7-m\libcr_c.a(strrchr.o)
                0x00013e04                strrchr
 .text.strstr   0x00013e24       0x20 c:/nxp/lpcxpresso_8.2.0_647/lpcxpresso/tools/bin/../lib/gcc/arm-none-eabi/5.3.1/../../../../arm-none-eabi/lib/armv7-m\libcr_c.a(strstr.o)
                0x00013e24                strstr
 .text.ungetc   0x00013e44       0x38 c:/nxp/lpcxpresso_8.2.0_647/lpcxpresso/tools/bin/../lib/gcc/arm-none-eabi/5.3.1/../../../../arm-none-eabi/lib/armv7-m\libcr_c.a(ungetc.o)
                0x00013e44                ungetc
 .text._Csys_read_
                0x00013e7c       0x22 c:/nxp/lpcxpresso_8.2.0_647/lpcxpresso/tools/bin/../lib/gcc/arm-none-eabi/5.3.1/../../../../arm-none-eabi/lib/armv7-m\libcr_c.a(__fillbuf.o)
                0x00013e7c                _Csys_read_
 *fill*         0x00013e9e        0x2 ff
 .text.__filbuf
                0x00013ea0      0x178 c:/nxp/lpcxpresso_8.2.0_647/lpcxpresso/tools/bin/../lib/gcc/arm-none-eabi/5.3.1/../../../../arm-none-eabi/lib/armv7-m\libcr_c.a(__fillbuf.o)
                0x00013ea0                __filbuf
 .text._sbrk    0x00014018       0x40 c:/nxp/lpcxpresso_8.2.0_647/lpcxpresso/tools/bin/../lib/gcc/arm-none-eabi/5.3.1/../../../../arm-none-eabi/lib/armv7-m\libcr_c.a(_cr_sbrk.o)
                0x00014018                _sbrk
 .text._deferredlazyseek
                0x00014058       0x44 c:/nxp/lpcxpresso_8.2.0_647/lpcxpresso/tools/bin/../lib/gcc/arm-none-eabi/5.3.1/../../../../arm-none-eabi/lib/armv7-m\libcr_c.a(_deferredlazyseek.o)
                0x00014058                _deferredlazyseek
 .text.__flsbuf
                0x0001409c      0x140 c:/nxp/lpcxpresso_8.2.0_647/lpcxpresso/tools/bin/../lib/gcc/arm-none-eabi/5.3.1/../../../../arm-none-eabi/lib/armv7-m\libcr_c.a(_deferredlazyseek.o)
                0x0001409c                __flsbuf
 .text._fdopen  0x000141dc       0x6a c:/nxp/lpcxpresso_8.2.0_647/lpcxpresso/tools/bin/../lib/gcc/arm-none-eabi/5.3.1/../../../../arm-none-eabi/lib/armv7-m\libcr_c.a(_fdopen.o)
                0x000141dc                _fdopen
 .text._fflush  0x00014246       0x58 c:/nxp/lpcxpresso_8.2.0_647/lpcxpresso/tools/bin/../lib/gcc/arm-none-eabi/5.3.1/../../../../arm-none-eabi/lib/armv7-m\libcr_c.a(_fflush.o)
                0x00014246                _fflush
 .text._frexpl  0x0001429e       0x5a c:/nxp/lpcxpresso_8.2.0_647/lpcxpresso/tools/bin/../lib/gcc/arm-none-eabi/5.3.1/../../../../arm-none-eabi/lib/armv7-m\libcr_c.a(_frexpl.o)
                0x0001429e                _frexpl
 .text._ldexpl  0x000142f8       0x4c c:/nxp/lpcxpresso_8.2.0_647/lpcxpresso/tools/bin/../lib/gcc/arm-none-eabi/5.3.1/../../../../arm-none-eabi/lib/armv7-m\libcr_c.a(_ldexpl.o)
                0x000142f8                _ldexpl
 .text._Cwritebuf
                0x00014344       0x68 c:/nxp/lpcxpresso_8.2.0_647/lpcxpresso/tools/bin/../lib/gcc/arm-none-eabi/5.3.1/../../../../arm-none-eabi/lib/armv7-m\libcr_c.a(_writebuf.o)
                0x00014344                _Cwritebuf
 .text.fclose   0x000143ac       0x6c c:/nxp/lpcxpresso_8.2.0_647/lpcxpresso/tools/bin/../lib/gcc/arm-none-eabi/5.3.1/../../../../arm-none-eabi/lib/armv7-m\libcr_c.a(fclose.o)
                0x000143ac                fclose
 .text.fflush   0x00014418       0x30 c:/nxp/lpcxpresso_8.2.0_647/lpcxpresso/tools/bin/../lib/gcc/arm-none-eabi/5.3.1/../../../../arm-none-eabi/lib/armv7-m\libcr_c.a(fflush.o)
                0x00014418                fflush
 .text.fseek    0x00014448      0x110 c:/nxp/lpcxpresso_8.2.0_647/lpcxpresso/tools/bin/../lib/gcc/arm-none-eabi/5.3.1/../../../../arm-none-eabi/lib/armv7-m\libcr_c.a(fseek.o)
                0x00014448                fseek
 .text.ftell    0x00014558       0x4c c:/nxp/lpcxpresso_8.2.0_647/lpcxpresso/tools/bin/../lib/gcc/arm-none-eabi/5.3.1/../../../../arm-none-eabi/lib/armv7-m\libcr_c.a(ftell.o)
                0x00014558                ftell
 .text.remove   0x000145a4       0x14 c:/nxp/lpcxpresso_8.2.0_647/lpcxpresso/tools/bin/../lib/gcc/arm-none-eabi/5.3.1/../../../../arm-none-eabi/lib/armv7-m\libcr_c.a(remove.o)
                0x000145a4                remove
 .text._do_fflush
                0x000145b8       0x44 c:/nxp/lpcxpresso_8.2.0_647/lpcxpresso/tools/bin/../lib/gcc/arm-none-eabi/5.3.1/../../../../arm-none-eabi/lib/armv7-m\libcr_c.a(_do_fflush.o)
                0x000145b8                _do_fflush
 .text.__aeabi_dmul
                0x000145fc      0x110 c:/nxp/lpcxpresso_8.2.0_647/lpcxpresso/tools/bin/../lib/gcc/arm-none-eabi/5.3.1/armv7-m\libcr_eabihelpers.a(double.o)
                0x000145fc                __aeabi_dmul
 .text.__aeabi_ddiv
                0x0001470c      0x138 c:/nxp/lpcxpresso_8.2.0_647/lpcxpresso/tools/bin/../lib/gcc/arm-none-eabi/5.3.1/armv7-m\libcr_eabihelpers.a(double.o)
                0x0001470c                __aeabi_ddiv
 .text.__aeabi_dsub
                0x00014844      0x1a0 c:/nxp/lpcxpresso_8.2.0_647/lpcxpresso/tools/bin/../lib/gcc/arm-none-eabi/5.3.1/armv7-m\libcr_eabihelpers.a(double.o)
                0x00014844                __aeabi_dsub
 .text.__aeabi_dadd
                0x000149e4      0x10c c:/nxp/lpcxpresso_8.2.0_647/lpcxpresso/tools/bin/../lib/gcc/arm-none-eabi/5.3.1/armv7-m\libcr_eabihelpers.a(double.o)
                0x000149e4                __aeabi_dadd
 .text.__aeabi_d2f
                0x00014af0       0x54 c:/nxp/lpcxpresso_8.2.0_647/lpcxpresso/tools/bin/../lib/gcc/arm-none-eabi/5.3.1/armv7-m\libcr_eabihelpers.a(double.o)
                0x00014af0                __aeabi_d2f
 .text.__aeabi_d2iz
                0x00014b44       0x40 c:/nxp/lpcxpresso_8.2.0_647/lpcxpresso/tools/bin/../lib/gcc/arm-none-eabi/5.3.1/armv7-m\libcr_eabihelpers.a(double.o)
                0x00014b44                __aeabi_d2iz
 .text.__bhs_ui2d
                0x00014b84       0x46 c:/nxp/lpcxpresso_8.2.0_647/lpcxpresso/tools/bin/../lib/gcc/arm-none-eabi/5.3.1/armv7-m\libcr_eabihelpers.a(double.o)
                0x00014b84                __bhs_ui2d
 .text.__aeabi_i2d
                0x00014bca       0x10 c:/nxp/lpcxpresso_8.2.0_647/lpcxpresso/tools/bin/../lib/gcc/arm-none-eabi/5.3.1/armv7-m\libcr_eabihelpers.a(double.o)
                0x00014bca                __aeabi_i2d
 .text.__aeabi_dcmpeq
                0x00014bda       0x2c c:/nxp/lpcxpresso_8.2.0_647/lpcxpresso/tools/bin/../lib/gcc/arm-none-eabi/5.3.1/armv7-m\libcr_eabihelpers.a(double.o)
                0x00014bda                __aeabi_dcmpeq
 .text.__aeabi_dcmplt
                0x00014c06       0x54 c:/nxp/lpcxpresso_8.2.0_647/lpcxpresso/tools/bin/../lib/gcc/arm-none-eabi/5.3.1/armv7-m\libcr_eabihelpers.a(double.o)
                0x00014c06                __aeabi_dcmplt
 .text.__aeabi_dcmple
                0x00014c5a       0x54 c:/nxp/lpcxpresso_8.2.0_647/lpcxpresso/tools/bin/../lib/gcc/arm-none-eabi/5.3.1/armv7-m\libcr_eabihelpers.a(double.o)
                0x00014c5a                __aeabi_dcmple
 .text.__aeabi_dcmpge
                0x00014cae       0x54 c:/nxp/lpcxpresso_8.2.0_647/lpcxpresso/tools/bin/../lib/gcc/arm-none-eabi/5.3.1/armv7-m\libcr_eabihelpers.a(double.o)
                0x00014cae                __aeabi_dcmpge
 .text.__aeabi_memcpy
                0x00014d02       0x34 c:/nxp/lpcxpresso_8.2.0_647/lpcxpresso/tools/bin/../lib/gcc/arm-none-eabi/5.3.1/armv7-m\libcr_eabihelpers.a(memcpy.o)
                0x00014d02                __aeabi_memcpy
                0x00014d0c                __aeabi_memcpy8
                0x00014d0c                __aeabi_memcpy4
 .text.__aeabi_memset_lowlevel
                0x00014d36       0x32 c:/nxp/lpcxpresso_8.2.0_647/lpcxpresso/tools/bin/../lib/gcc/arm-none-eabi/5.3.1/armv7-m\libcr_eabihelpers.a(memcpy.o)
                0x00014d36                __aeabi_lowlevel_memset
 .text.__sys_appexit
                0x00014d68        0x2 c:/nxp/lpcxpresso_8.2.0_647/lpcxpresso/tools/bin/../lib/gcc/arm-none-eabi/5.3.1/../../../../arm-none-eabi/lib/armv7-m\libcr_nohost.a(__sys_appexit.o)
                0x00014d68                __sys_appexit
                0x00014d68                __exit
 .text.__sys_close
                0x00014d6a        0x6 c:/nxp/lpcxpresso_8.2.0_647/lpcxpresso/tools/bin/../lib/gcc/arm-none-eabi/5.3.1/../../../../arm-none-eabi/lib/armv7-m\libcr_nohost.a(__sys_close.o)
                0x00014d6a                __sys_close
 .text.__sys_flen
                0x00014d70        0x6 c:/nxp/lpcxpresso_8.2.0_647/lpcxpresso/tools/bin/../lib/gcc/arm-none-eabi/5.3.1/../../../../arm-none-eabi/lib/armv7-m\libcr_nohost.a(__sys_flen.o)
                0x00014d70                __sys_flen
 .text.__sys_istty
                0x00014d76        0x6 c:/nxp/lpcxpresso_8.2.0_647/lpcxpresso/tools/bin/../lib/gcc/arm-none-eabi/5.3.1/../../../../arm-none-eabi/lib/armv7-m\libcr_nohost.a(__sys_istty.o)
                0x00014d76                __sys_istty
 .text.__sys_read
                0x00014d7c        0x4 c:/nxp/lpcxpresso_8.2.0_647/lpcxpresso/tools/bin/../lib/gcc/arm-none-eabi/5.3.1/../../../../arm-none-eabi/lib/armv7-m\libcr_nohost.a(__sys_read.o)
                0x00014d7c                __sys_read
 .text.__sys_remove
                0x00014d80        0x6 c:/nxp/lpcxpresso_8.2.0_647/lpcxpresso/tools/bin/../lib/gcc/arm-none-eabi/5.3.1/../../../../arm-none-eabi/lib/armv7-m\libcr_nohost.a(__sys_remove.o)
                0x00014d80                __sys_remove
 .text.__sys_seek
                0x00014d86        0x6 c:/nxp/lpcxpresso_8.2.0_647/lpcxpresso/tools/bin/../lib/gcc/arm-none-eabi/5.3.1/../../../../arm-none-eabi/lib/armv7-m\libcr_nohost.a(__sys_seek.o)
                0x00014d86                __sys_seek
 .text.__sys_tmpnam
                0x00014d8c        0x6 c:/nxp/lpcxpresso_8.2.0_647/lpcxpresso/tools/bin/../lib/gcc/arm-none-eabi/5.3.1/../../../../arm-none-eabi/lib/armv7-m\libcr_nohost.a(__sys_tmpnam.o)
                0x00014d8c                __sys_tmpnam
 *(.rodata .rodata.* .constdata .constdata.*)
 *fill*         0x00014d92        0x2 ff
 .rodata        0x00014d94      0x441 ./webserver/src/lwip_fs.o
 *fill*         0x000151d5        0x3 ff
 .rodata.g_psHTTPHeaderStrings
                0x000151d8       0x6c ./webserver/src/lwip_fs.o
 .rodata.g_psHTTPHeaders
                0x00015244       0x90 ./webserver/src/lwip_fs.o
 .rodata.http_html_hdr
                0x000152d4       0x2d ./webserver/src/netconn_fs.o
 *fill*         0x00015301        0x3 ff
 .rodata.http_index_html
                0x00015304      0x13c ./webserver/src/netconn_fs.o
 .rodata        0x00015440       0x80 ./webserver/src/netconn_fs.o
 .rodata        0x000154c0       0xe9 ./webserver/src/webserver_freertos.o
 *fill*         0x000155a9        0x3 ff
 .rodata.ethbroadcast
                0x000155ac        0x6 ./lwip/src/netif/etharp.o
                0x000155ac                ethbroadcast
 *fill*         0x000155b2        0x2 ff
 .rodata.ethzero
                0x000155b4        0x6 ./lwip/src/netif/etharp.o
                0x000155b4                ethzero
 *fill*         0x000155ba        0x2 ff
 .rodata.memp_sizes
                0x000155bc       0x1c ./lwip/src/core/memp.o
                0x000155bc                memp_sizes
 .rodata.tcp_backoff
                0x000155d8        0xd ./lwip/src/core/tcp.o
                0x000155d8                tcp_backoff
 *fill*         0x000155e5        0x3 ff
 .rodata.tcp_persist_backoff
                0x000155e8        0x7 ./lwip/src/core/tcp.o
                0x000155e8                tcp_persist_backoff
 *fill*         0x000155ef        0x1 ff
 .rodata.tcp_pcb_lists
                0x000155f0       0x10 ./lwip/src/core/tcp.o
                0x000155f0                tcp_pcb_lists
 .rodata        0x00015600       0x27 ./lwip/src/arch/lpc17xx_40xx_emac.o
 *fill*         0x00015627        0x1 ff
 .rodata        0x00015628        0xd ./lwip/src/api/tcpip.o
 *fill*         0x00015635        0x3 ff
 .rodata        0x00015638       0x58 ./freertos/src/FreeRTOSCommonHooks.o
 .rodata        0x00015690        0x5 ./freertos/src/tasks.o
 *fill*         0x00015695        0x3 ff
 .rodata        0x00015698        0xf ./fatfs/src/ff.o
 *fill*         0x000156a7        0x1 ff
 .rodata.OscRateIn
                0x000156a8        0x4 C:\Users\Kevin\Documents\LPCXpresso_8.2.0_647\workspace\lpc_board_nxp_lpcxpresso_1769\Debug\liblpc_board_nxp_lpcxpresso_1769.a(board.o)
                0x000156a8                OscRateIn
 .rodata.RTCOscRateIn
                0x000156ac        0x4 C:\Users\Kevin\Documents\LPCXpresso_8.2.0_647\workspace\lpc_board_nxp_lpcxpresso_1769\Debug\liblpc_board_nxp_lpcxpresso_1769.a(board.o)
                0x000156ac                RTCOscRateIn