Archive member included to satisfy reference by file (symbol)

C:\Users\Kevin\Documents\LPCXpresso_8.2.0_647\workspace\lpc_board_nxp_lpcxpresso_1769\Debug\liblpc_board_nxp_lpcxpresso_1769.a(board.o)
                              ./freertos/src/FreeRTOSCommonHooks.o (Board_UARTPutSTR)
C:\Users\Kevin\Documents\LPCXpresso_8.2.0_647\workspace\lpc_board_nxp_lpcxpresso_1769\Debug\liblpc_board_nxp_lpcxpresso_1769.a(board_sysinit.o)
                              ./example/src/sysinit.o (Board_SystemInit)
C:\Users\Kevin\Documents\LPCXpresso_8.2.0_647\workspace\lpc_board_nxp_lpcxpresso_1769\Debug\liblpc_board_nxp_lpcxpresso_1769.a(lpc_phy_smsc87x0.o)
                              ./lwip/src/arch/lpc17xx_40xx_emac.o (lpc_phy_init)
C:\Users\Kevin\Documents\LPCXpresso_8.2.0_647\workspace\lpc_chip_175x_6x\Debug\liblpc_chip_175x_6x.a(chip_17xx_40xx.o)
                              ./freertos/src/port.o (SystemCoreClock)
C:\Users\Kevin\Documents\LPCXpresso_8.2.0_647\workspace\lpc_chip_175x_6x\Debug\liblpc_chip_175x_6x.a(clock_17xx_40xx.o)
                              C:\Users\Kevin\Documents\LPCXpresso_8.2.0_647\workspace\lpc_chip_175x_6x\Debug\liblpc_chip_175x_6x.a(chip_17xx_40xx.o) (Chip_Clock_EnablePLL)
C:\Users\Kevin\Documents\LPCXpresso_8.2.0_647\workspace\lpc_chip_175x_6x\Debug\liblpc_chip_175x_6x.a(enet_17xx_40xx.o)
                              ./lwip/src/arch/lpc17xx_40xx_emac.o (Chip_ENET_Init)
C:\Users\Kevin\Documents\LPCXpresso_8.2.0_647\workspace\lpc_chip_175x_6x\Debug\liblpc_chip_175x_6x.a(i2s_17xx_40xx.o)
                              C:\Users\Kevin\Documents\LPCXpresso_8.2.0_647\workspace\lpc_board_nxp_lpcxpresso_1769\Debug\liblpc_board_nxp_lpcxpresso_1769.a(board.o) (Chip_I2S_Init)
C:\Users\Kevin\Documents\LPCXpresso_8.2.0_647\workspace\lpc_chip_175x_6x\Debug\liblpc_chip_175x_6x.a(iocon_17xx_40xx.o)
                              C:\Users\Kevin\Documents\LPCXpresso_8.2.0_647\workspace\lpc_board_nxp_lpcxpresso_1769\Debug\liblpc_board_nxp_lpcxpresso_1769.a(board.o) (Chip_IOCON_PinMux)
C:\Users\Kevin\Documents\LPCXpresso_8.2.0_647\workspace\lpc_chip_175x_6x\Debug\liblpc_chip_175x_6x.a(sysinit_17xx_40xx.o)
                              C:\Users\Kevin\Documents\LPCXpresso_8.2.0_647\workspace\lpc_board_nxp_lpcxpresso_1769\Debug\liblpc_board_nxp_lpcxpresso_1769.a(board_sysinit.o) (Chip_SetupXtalClocking)
C:\Users\Kevin\Documents\LPCXpresso_8.2.0_647\workspace\lpc_chip_175x_6x\Debug\liblpc_chip_175x_6x.a(uart_17xx_40xx.o)
                              C:\Users\Kevin\Documents\LPCXpresso_8.2.0_647\workspace\lpc_board_nxp_lpcxpresso_1769\Debug\liblpc_board_nxp_lpcxpresso_1769.a(board.o) (Chip_UART_Init)
C:\Users\Kevin\Documents\LPCXpresso_8.2.0_647\workspace\lpc_chip_175x_6x\Debug\liblpc_chip_175x_6x.a(ring_buffer.o)
                              C:\Users\Kevin\Documents\LPCXpresso_8.2.0_647\workspace\lpc_chip_175x_6x\Debug\liblpc_chip_175x_6x.a(uart_17xx_40xx.o) (RingBuffer_Insert)
c:/nxp/lpcxpresso_8.2.0_647/lpcxpresso/tools/bin/../lib/gcc/arm-none-eabi/5.3.1/../../../../arm-none-eabi/lib/armv7-m\libcr_nohost.a(_cr__main.o)
                              ./example/src/cr_startup_lpc175x_6x.o (__main)
c:/nxp/lpcxpresso_8.2.0_647/lpcxpresso/tools/bin/../lib/gcc/arm-none-eabi/5.3.1/../../../../arm-none-eabi/lib/armv7-m\libcr_c.a(memcpy.o)
                              ./lwip/src/netif/etharp.o (memcpy)
c:/nxp/lpcxpresso_8.2.0_647/lpcxpresso/tools/bin/../lib/gcc/arm-none-eabi/5.3.1/../../../../arm-none-eabi/lib/armv7-m\libcr_c.a(memset.o)
                              ./lwip/src/core/ipv4/ip_frag.o (memset)
c:/nxp/lpcxpresso_8.2.0_647/lpcxpresso/tools/bin/../lib/gcc/arm-none-eabi/5.3.1/../../../../arm-none-eabi/lib/armv7-m\libcr_c.a(alloc.o)
                              ./lwip/src/core/ipv4/ip_frag.o (malloc)
c:/nxp/lpcxpresso_8.2.0_647/lpcxpresso/tools/bin/../lib/gcc/arm-none-eabi/5.3.1/../../../../arm-none-eabi/lib/armv7-m\libcr_c.a(fpprintf.o)
                              ./freertos/src/FreeRTOSCommonHooks.o (printf)
c:/nxp/lpcxpresso_8.2.0_647/lpcxpresso/tools/bin/../lib/gcc/arm-none-eabi/5.3.1/../../../../arm-none-eabi/lib/armv7-m\libcr_c.a(initio.o)
                              c:/nxp/lpcxpresso_8.2.0_647/lpcxpresso/tools/bin/../lib/gcc/arm-none-eabi/5.3.1/../../../../arm-none-eabi/lib/armv7-m\libcr_nohost.a(_cr__main.o) (_initio)
c:/nxp/lpcxpresso_8.2.0_647/lpcxpresso/tools/bin/../lib/gcc/arm-none-eabi/5.3.1/../../../../arm-none-eabi/lib/armv7-m\libcr_c.a(memcmp.o)
                              ./lwip/src/netif/etharp.o (memcmp)
c:/nxp/lpcxpresso_8.2.0_647/lpcxpresso/tools/bin/../lib/gcc/arm-none-eabi/5.3.1/../../../../arm-none-eabi/lib/armv7-m\libcr_c.a(printf.o)
                              c:/nxp/lpcxpresso_8.2.0_647/lpcxpresso/tools/bin/../lib/gcc/arm-none-eabi/5.3.1/../../../../arm-none-eabi/lib/armv7-m\libcr_c.a(fpprintf.o) (__vfprintf)
c:/nxp/lpcxpresso_8.2.0_647/lpcxpresso/tools/bin/../lib/gcc/arm-none-eabi/5.3.1/../../../../arm-none-eabi/lib/armv7-m\libcr_c.a(scanf.o)
[...]
Memory Configuration

Name             Origin             Length             Attributes
MFlash512        0x00000000         0x00080000         xr
RamLoc32         0x10000000         0x00008000         xrw
RamAHB32         0x2007c000         0x00008000         xrw
*default*        0x00000000         0xffffffff

Linker script and memory map

LOAD ./lwip/src/netif/etharp.o
LOAD ./lwip/src/netif/ethernetif.o
LOAD ./lwip/src/core/ipv4/autoip.o
LOAD ./lwip/src/core/ipv4/icmp.o
LOAD ./lwip/src/core/ipv4/igmp.o
LOAD ./lwip/src/core/ipv4/inet.o
LOAD ./lwip/src/core/ipv4/inet_chksum.o
LOAD ./lwip/src/core/ipv4/ip.o
LOAD ./lwip/src/core/ipv4/ip_addr.o
LOAD ./lwip/src/core/ipv4/ip_frag.o
LOAD ./lwip/src/core/def.o
LOAD ./lwip/src/core/dhcp.o
LOAD ./lwip/src/core/dns.o
LOAD ./lwip/src/core/init.o
LOAD ./lwip/src/core/mem.o
LOAD ./lwip/src/core/memp.o
LOAD ./lwip/src/core/netif.o
LOAD ./lwip/src/core/pbuf.o
LOAD ./lwip/src/core/raw.o
LOAD ./lwip/src/core/stats.o
LOAD ./lwip/src/core/sys.o
LOAD ./lwip/src/core/tcp.o
LOAD ./lwip/src/core/tcp_in.o
LOAD ./lwip/src/core/tcp_out.o
LOAD ./lwip/src/core/timers.o
LOAD ./lwip/src/core/udp.o
LOAD ./lwip/src/arch/lpc17xx_40xx_emac.o
LOAD ./lwip/src/arch/lpc_debug.o
LOAD ./lwip/src/arch/sys_arch_freertos.o
LOAD ./lwip/src/api/api_lib.o
LOAD ./lwip/src/api/api_msg.o
LOAD ./lwip/src/api/err.o
LOAD ./lwip/src/api/netbuf.o
LOAD ./lwip/src/api/netdb.o
LOAD ./lwip/src/api/netifapi.o
LOAD ./lwip/src/api/sockets.o
LOAD ./lwip/src/api/tcpip.o
LOAD ./freertos/src/FreeRTOSCommonHooks.o
LOAD ./freertos/src/heap_3.o
LOAD ./freertos/src/list.o
LOAD ./freertos/src/port.o
LOAD ./freertos/src/queue.o
LOAD ./freertos/src/tasks.o
LOAD ./example/src/cr_redlib_heap_fix.o
LOAD ./example/src/cr_startup_lpc175x_6x.o
LOAD ./example/src/lwip_fs.o
LOAD ./example/src/netconn_fs.o
LOAD ./example/src/sysinit.o
LOAD ./example/src/webserver_freertos.o
LOAD C:\Users\Kevin\Documents\LPCXpresso_8.2.0_647\workspace\lpc_board_nxp_lpcxpresso_1769\Debug\liblpc_board_nxp_lpcxpresso_1769.a
LOAD C:\Users\Kevin\Documents\LPCXpresso_8.2.0_647\workspace\lpc_chip_175x_6x\Debug\liblpc_chip_175x_6x.a
START GROUP
LOAD c:/nxp/lpcxpresso_8.2.0_647/lpcxpresso/tools/bin/../lib/gcc/arm-none-eabi/5.3.1/../../../../arm-none-eabi/lib/armv7-m\libcr_nohost.a
LOAD c:/nxp/lpcxpresso_8.2.0_647/lpcxpresso/tools/bin/../lib/gcc/arm-none-eabi/5.3.1/../../../../arm-none-eabi/lib/armv7-m\libcr_c.a
LOAD c:/nxp/lpcxpresso_8.2.0_647/lpcxpresso/tools/bin/../lib/gcc/arm-none-eabi/5.3.1/armv7-m\libcr_eabihelpers.a
END GROUP
                0x00000000                __base_MFlash512 = 0x0
                0x00000000                __base_Flash = 0x0
                0x00080000                __top_MFlash512 = 0x80000
                0x00080000                __top_Flash = 0x80000
                0x10000000                __base_RamLoc32 = 0x10000000
                0x10000000                __base_RAM = 0x10000000
                0x10008000                __top_RamLoc32 = 0x10008000
                0x10008000                __top_RAM = 0x10008000
                0x2007c000                __base_RamAHB32 = 0x2007c000
                0x2007c000                __base_RAM2 = 0x2007c000
                0x20084000                __top_RamAHB32 = 0x20084000
                0x20084000                __top_RAM2 = 0x20084000

.text           0x00000000    0x12658
 FILL mask 0xff
                0x00000000                __vectors_start__ = ABSOLUTE (.)
 *(.isr_vector)
 .isr_vector    0x00000000       0xcc ./example/src/cr_startup_lpc175x_6x.o
                0x00000000                g_pfnVectors
                0x000000cc                . = ALIGN (0x4)
                0x000000cc                __section_table_start = .
                0x000000cc                __data_section_table = .
                0x000000cc        0x4 LONG 0x12658 LOADADDR (.data)
                0x000000d0        0x4 LONG 0x10000000 ADDR (.data)
                0x000000d4        0x4 LONG 0x1c SIZEOF (.data)
                0x000000d8        0x4 LONG 0x12658 LOADADDR (.data_RAM2)
                0x000000dc        0x4 LONG 0x2007c000 ADDR (.data_RAM2)
                0x000000e0        0x4 LONG 0x0 SIZEOF (.data_RAM2)
                0x000000e4                __data_section_table_end = .
                0x000000e4                __bss_section_table = .
                0x000000e4        0x4 LONG 0x10000020 ADDR (.bss)
                0x000000e8        0x4 LONG 0x918 SIZEOF (.bss)
                0x000000ec        0x4 LONG 0x2007c000 ADDR (.bss_RAM2)
                0x000000f0        0x4 LONG 0x0 SIZEOF (.bss_RAM2)
                0x000000f4                __bss_section_table_end = .
                0x000000f4                __section_table_end = .
 *(.after_vectors*)
 .after_vectors
                0x000000f4      0x144 ./example/src/cr_startup_lpc175x_6x.o
                0x000000f4                data_init
                0x00000138                bss_init
                0x00000170                ResetISR
                0x000001e8                NMI_Handler
                0x000001f0                HardFault_Handler
                0x000001f8                MemManage_Handler
                0x00000200                BusFault_Handler
                0x00000208                UsageFault_Handler
                0x00000218                DebugMon_Handler
                0x00000230                UART1_IRQHandler
                0x00000230                EINT3_IRQHandler
                0x00000230                I2C1_IRQHandler
                0x00000230                TIMER3_IRQHandler
                0x00000230                UART0_IRQHandler
                0x00000230                USBActivity_IRQHandler
                0x00000230                CANActivity_IRQHandler
                0x00000230                EINT2_IRQHandler
                0x00000230                IntDefaultHandler
                0x00000230                PLL0_IRQHandler
                0x00000230                CAN_IRQHandler
                0x00000230                I2C0_IRQHandler
                0x00000230                SSP0_IRQHandler
                0x00000230                I2S_IRQHandler
                0x00000230                I2C2_IRQHandler
                0x00000230                RTC_IRQHandler
                0x00000230                TIMER0_IRQHandler
                0x00000230                SPI_IRQHandler
                0x00000230                RIT_IRQHandler
                0x00000230                EINT1_IRQHandler
                0x00000230                TIMER1_IRQHandler
                0x00000230                UART2_IRQHandler
                0x00000230                ADC_IRQHandler
                0x00000230                SSP1_IRQHandler
                0x00000230                USB_IRQHandler
                0x00000230                BOD_IRQHandler
                0x00000230                PWM1_IRQHandler
                0x00000230                WDT_IRQHandler
                0x00000230                QEI_IRQHandler
                0x00000230                EINT0_IRQHandler
                0x00000230                PLL1_IRQHandler
                0x00000230                DMA_IRQHandler
                0x00000230                TIMER2_IRQHandler
                0x00000230                UART3_IRQHandler
                0x00000230                MCPWM_IRQHandler
 *(.text*)
 .text.etharp_free_entry
                0x00000238       0x64 ./lwip/src/netif/etharp.o
 .text.etharp_tmr
                0x0000029c       0xdc ./lwip/src/netif/etharp.o
                0x0000029c                etharp_tmr
 .text.etharp_find_entry
                0x00000378      0x248 ./lwip/src/netif/etharp.o
 .text.etharp_send_ip
                0x000005c0       0x60 ./lwip/src/netif/etharp.o
 .text.etharp_update_arp_entry
                0x00000620      0x12c ./lwip/src/netif/etharp.o
 .text.etharp_arp_input
                0x0000074c      0x18c ./lwip/src/netif/etharp.o
 .text.etharp_output_to_arp_index
                0x000008d8       0xb8 ./lwip/src/netif/etharp.o
 .text.etharp_output
                0x00000990      0x1b8 ./lwip/src/netif/etharp.o
                0x00000990                etharp_output
 .text.etharp_query
                0x00000b48      0x24c ./lwip/src/netif/etharp.o
                0x00000b48                etharp_query
 .text.etharp_raw
                0x00000d94      0x11c ./lwip/src/netif/etharp.o
 .text.etharp_request
                0x00000eb0       0x44 ./lwip/src/netif/etharp.o
                0x00000eb0                etharp_request
 .text.ethernet_input
                0x00000ef4      0x100 ./lwip/src/netif/etharp.o
                0x00000ef4                ethernet_input
 .text.icmp_input
                0x00000ff4      0x210 ./lwip/src/core/ipv4/icmp.o
                0x00000ff4                icmp_input
 .text.icmp_dest_unreach
                0x00001204       0x20 ./lwip/src/core/ipv4/icmp.o
                0x00001204                icmp_dest_unreach
 .text.icmp_time_exceeded
                0x00001224       0x20 ./lwip/src/core/ipv4/icmp.o
                0x00001224                icmp_time_exceeded
 .text.icmp_send_response
                0x00001244       0xb8 ./lwip/src/core/ipv4/icmp.o
 .text.lwip_standard_chksum
                0x000012fc       0x9c ./lwip/src/core/ipv4/inet_chksum.o
 .text.inet_chksum_pseudo
                0x00001398      0x10c ./lwip/src/core/ipv4/inet_chksum.o
                0x00001398                inet_chksum_pseudo
 .text.inet_chksum_pseudo_partial
                0x000014a4      0x138 ./lwip/src/core/ipv4/inet_chksum.o
                0x000014a4                inet_chksum_pseudo_partial
 .text.inet_chksum
                0x000015dc       0x24 ./lwip/src/core/ipv4/inet_chksum.o
                0x000015dc                inet_chksum
 .text.inet_chksum_pbuf
                0x00001600       0x94 ./lwip/src/core/ipv4/inet_chksum.o
                0x00001600                inet_chksum_pbuf
 .text.lwip_chksum_copy
                0x00001694       0x30 ./lwip/src/core/ipv4/inet_chksum.o
                0x00001694                lwip_chksum_copy
 .text.ip_route
                0x000016c4       0x74 ./lwip/src/core/ipv4/ip.o
                0x000016c4                ip_route
 .text.ip_input
                0x00001738      0x220 ./lwip/src/core/ipv4/ip.o
                0x00001738                ip_input
 .text.ip_output_if
                0x00001958      0x1c0 ./lwip/src/core/ipv4/ip.o
                0x00001958                ip_output_if
 .text.ip_output
                0x00001b18       0x58 ./lwip/src/core/ipv4/ip.o
                0x00001b18                ip_output
 .text.ip4_addr_isbroadcast
                0x00001b70       0x78 ./lwip/src/core/ipv4/ip_addr.o
                0x00001b70                ip4_addr_isbroadcast
 .text.ipaddr_ntoa_r
                0x00001be8      0x100 ./lwip/src/core/ipv4/ip_addr.o
                0x00001be8                ipaddr_ntoa_r
 .text.ip_reass_tmr
                0x00001ce8       0x58 ./lwip/src/core/ipv4/ip_frag.o
                0x00001ce8                ip_reass_tmr
 .text.ip_reass_free_complete_datagram
                0x00001d40      0x10c ./lwip/src/core/ipv4/ip_frag.o
 .text.ip_reass_remove_oldest_datagram
                0x00001e4c       0xb8 ./lwip/src/core/ipv4/ip_frag.o
 .text.ip_reass_enqueue_new_datagram
                0x00001f04       0x80 ./lwip/src/core/ipv4/ip_frag.o
 .text.ip_reass_dequeue_datagram
                0x00001f84       0x44 ./lwip/src/core/ipv4/ip_frag.o
 .text.ip_reass_chain_frag_into_datagram_and_validate
                0x00001fc8      0x250 ./lwip/src/core/ipv4/ip_frag.o
 .text.ip_reass
                0x00002218      0x244 ./lwip/src/core/ipv4/ip_frag.o
                0x00002218                ip_reass
 .text.ip_frag_alloc_pbuf_custom_ref
                0x0000245c       0x18 ./lwip/src/core/ipv4/ip_frag.o
 .text.ip_frag_free_pbuf_custom_ref
                0x00002474       0x20 ./lwip/src/core/ipv4/ip_frag.o
 .text.ipfrag_free_pbuf_custom
                0x00002494       0x44 ./lwip/src/core/ipv4/ip_frag.o
 .text.ip_frag  0x000024d8      0x208 ./lwip/src/core/ipv4/ip_frag.o
                0x000024d8                ip_frag
 .text.lwip_htons
                0x000026e0       0x28 ./lwip/src/core/def.o
                0x000026e0                lwip_htons
 .text.lwip_ntohs
                0x00002708       0x1c ./lwip/src/core/def.o
                0x00002708                lwip_ntohs
 .text.lwip_htonl
                0x00002724       0x30 ./lwip/src/core/def.o
                0x00002724                lwip_htonl
 .text.lwip_ntohl
                0x00002754       0x18 ./lwip/src/core/def.o
                0x00002754                lwip_ntohl
 .text.lwip_init
                0x0000276c       0x1c ./lwip/src/core/init.o
                0x0000276c                lwip_init
 .text.netif_init
                0x00002788        0xc ./lwip/src/core/netif.o
                0x00002788                netif_init
 .text.netif_add
                0x00002794       0x8c ./lwip/src/core/netif.o
                0x00002794                netif_add
 .text.netif_set_addr
                0x00002820       0x30 ./lwip/src/core/netif.o
                0x00002820                netif_set_addr
 .text.netif_set_ipaddr
                0x00002850       0xb0 ./lwip/src/core/netif.o
                0x00002850                netif_set_ipaddr
 .text.netif_set_gw
                0x00002900       0x28 ./lwip/src/core/netif.o
                0x00002900                netif_set_gw
 .text.netif_set_netmask
                0x00002928       0x28 ./lwip/src/core/netif.o
                0x00002928                netif_set_netmask
 .text.netif_set_default
                0x00002950       0x1c ./lwip/src/core/netif.o
                0x00002950                netif_set_default
 .text.netif_set_up
                0x0000296c       0x58 ./lwip/src/core/netif.o
                0x0000296c                netif_set_up
 .text.netif_set_link_up
                0x000029c4       0x58 ./lwip/src/core/netif.o
                0x000029c4                netif_set_link_up
 .text.netif_set_link_down
                0x00002a1c       0x34 ./lwip/src/core/netif.o
                0x00002a1c                netif_set_link_down
 .text.pbuf_free_ooseq
                0x00002a50       0x54 ./lwip/src/core/pbuf.o
 .text.pbuf_free_ooseq_callback
                0x00002aa4       0x14 ./lwip/src/core/pbuf.o
 .text.pbuf_pool_is_empty
                0x00002ab8       0x58 ./lwip/src/core/pbuf.o
 .text.pbuf_alloc
                0x00002b10      0x294 ./lwip/src/core/pbuf.o
                0x00002b10                pbuf_alloc
 .text.pbuf_alloced_custom
                0x00002da4       0xb4 ./lwip/src/core/pbuf.o
                0x00002da4                pbuf_alloced_custom
 .text.pbuf_realloc
                0x00002e58       0xe8 ./lwip/src/core/pbuf.o
                0x00002e58                pbuf_realloc
 .text.pbuf_header
                0x00002f40       0xec ./lwip/src/core/pbuf.o
                0x00002f40                pbuf_header
 .text.pbuf_free
                0x0000302c       0xf0 ./lwip/src/core/pbuf.o
                0x0000302c                pbuf_free
 .text.pbuf_clen
                0x0000311c       0x2c ./lwip/src/core/pbuf.o
                0x0000311c                pbuf_clen
 .text.pbuf_ref
                0x00003148       0x30 ./lwip/src/core/pbuf.o
                0x00003148                pbuf_ref
 .text.pbuf_cat
                0x00003178       0x78 ./lwip/src/core/pbuf.o
                0x00003178                pbuf_cat
 .text.pbuf_copy
                0x000031f0      0x13c ./lwip/src/core/pbuf.o
                0x000031f0                pbuf_copy
 .text.pbuf_copy_partial
                0x0000332c       0xd0 ./lwip/src/core/pbuf.o
                0x0000332c                pbuf_copy_partial
 .text.raw_input
                0x000033fc       0xdc ./lwip/src/core/raw.o
                0x000033fc                raw_input
 .text.raw_bind
                0x000034d8       0x28 ./lwip/src/core/raw.o
                0x000034d8                raw_bind
 .text.raw_recv
                0x00003500       0x24 ./lwip/src/core/raw.o
                0x00003500                raw_recv
 .text.raw_remove
                0x00003524       0x60 ./lwip/src/core/raw.o
                0x00003524                raw_remove
 .text.raw_new  0x00003584       0x54 ./lwip/src/core/raw.o
                0x00003584                raw_new
 .text.tcp_init
                0x000035d8        0xc ./lwip/src/core/tcp.o
                0x000035d8                tcp_init
 .text.tcp_tmr  0x000035e4       0x2c ./lwip/src/core/tcp.o
                0x000035e4                tcp_tmr
 .text.tcp_close_shutdown
                0x00003610      0x258 ./lwip/src/core/tcp.o
 .text.tcp_close
                0x00003868       0x30 ./lwip/src/core/tcp.o
                0x00003868                tcp_close
 .text.tcp_shutdown
                0x00003898       0x90 ./lwip/src/core/tcp.o
                0x00003898                tcp_shutdown
 .text.tcp_abandon
                0x00003928       0xdc ./lwip/src/core/tcp.o
                0x00003928                tcp_abandon
 .text.tcp_abort
                0x00003a04       0x18 ./lwip/src/core/tcp.o
                0x00003a04                tcp_abort
 .text.tcp_bind
                0x00003a1c       0xe4 ./lwip/src/core/tcp.o
                0x00003a1c                tcp_bind
 .text.tcp_accept_null
                0x00003b00       0x1c ./lwip/src/core/tcp.o
 .text.tcp_listen_with_backlog
                0x00003b1c      0x120 ./lwip/src/core/tcp.o
                0x00003b1c                tcp_listen_with_backlog
 .text.tcp_update_rcv_ann_wnd
                0x00003c3c       0x8c ./lwip/src/core/tcp.o
                0x00003c3c                tcp_update_rcv_ann_wnd
 .text.tcp_recved
                0x00003cc8       0x80 ./lwip/src/core/tcp.o
                0x00003cc8                tcp_recved
 .text.tcp_new_port
                0x00003d48       0x88 ./lwip/src/core/tcp.o
 .text.tcp_slowtmr
                0x00003dd0      0x4c4 ./lwip/src/core/tcp.o
                0x00003dd0                tcp_slowtmr
 .text.tcp_fasttmr
                0x00004294       0xa4 ./lwip/src/core/tcp.o
                0x00004294                tcp_fasttmr
 .text.tcp_process_refused_data
                0x00004338       0xd0 ./lwip/src/core/tcp.o
                0x00004338                tcp_process_refused_data
 .text.tcp_segs_free
                0x00004408       0x28 ./lwip/src/core/tcp.o
                0x00004408                tcp_segs_free
 .text.tcp_seg_free
                0x00004430       0x30 ./lwip/src/core/tcp.o
                0x00004430                tcp_seg_free
 .text.tcp_seg_copy
                0x00004460       0x40 ./lwip/src/core/tcp.o
                0x00004460                tcp_seg_copy
 .text.tcp_recv_null
                0x000044a0       0x44 ./lwip/src/core/tcp.o
                0x000044a0                tcp_recv_null
 .text.tcp_kill_prio
                0x000044e4       0x80 ./lwip/src/core/tcp.o
 .text.tcp_kill_timewait
                0x00004564       0x60 ./lwip/src/core/tcp.o
 .text.tcp_alloc
                0x000045c4      0x128 ./lwip/src/core/tcp.o
                0x000045c4                tcp_alloc
 .text.tcp_new  0x000046ec       0x10 ./lwip/src/core/tcp.o
                0x000046ec                tcp_new
 .text.tcp_arg  0x000046fc       0x1c ./lwip/src/core/tcp.o
                0x000046fc                tcp_arg
 .text.tcp_recv
                0x00004718       0x28 ./lwip/src/core/tcp.o
                0x00004718                tcp_recv
 .text.tcp_sent
                0x00004740       0x24 ./lwip/src/core/tcp.o
                0x00004740                tcp_sent
 .text.tcp_err  0x00004764       0x28 ./lwip/src/core/tcp.o
                0x00004764                tcp_err
 .text.tcp_accept
                0x0000478c       0x1c ./lwip/src/core/tcp.o
                0x0000478c                tcp_accept
 .text.tcp_poll
                0x000047a8       0x34 ./lwip/src/core/tcp.o
                0x000047a8                tcp_poll
 .text.tcp_pcb_purge
                0x000047dc       0x84 ./lwip/src/core/tcp.o
                0x000047dc                tcp_pcb_purge
 .text.tcp_pcb_remove
                0x00004860       0xd0 ./lwip/src/core/tcp.o
                0x00004860                tcp_pcb_remove
 .text.tcp_next_iss
                0x00004930       0x28 ./lwip/src/core/tcp.o
                0x00004930                tcp_next_iss
 .text.tcp_eff_send_mss
                0x00004958       0x40 ./lwip/src/core/tcp.o
                0x00004958                tcp_eff_send_mss
 .text.tcp_input
                0x00004998      0x66c ./lwip/src/core/tcp_in.o
                0x00004998                tcp_input
 .text.tcp_listen_input
                0x00005004      0x194 ./lwip/src/core/tcp_in.o
 .text.tcp_timewait_input
                0x00005198       0xd4 ./lwip/src/core/tcp_in.o
 .text.tcp_process
                0x0000526c      0x6f4 ./lwip/src/core/tcp_in.o
 .text.tcp_oos_insert_segment
                0x00005960       0xec ./lwip/src/core/tcp_in.o
 .text.tcp_receive
                0x00005a4c      0xf7c ./lwip/src/core/tcp_in.o
 .text.tcp_parseopt
                0x000069c8      0x108 ./lwip/src/core/tcp_in.o
 .text.tcp_output_alloc_header
                0x00006ad0       0xe4 ./lwip/src/core/tcp_out.o
 .text.tcp_send_fin
                0x00006bb4       0x7c ./lwip/src/core/tcp_out.o
                0x00006bb4                tcp_send_fin
 .text.tcp_create_segment
                0x00006c30      0x128 ./lwip/src/core/tcp_out.o
 .text.tcp_pbuf_prealloc
                0x00006d58       0xb0 ./lwip/src/core/tcp_out.o
 .text.tcp_seg_add_chksum
                0x00006e08       0x68 ./lwip/src/core/tcp_out.o
 .text.tcp_write_checks
                0x00006e70       0xc8 ./lwip/src/core/tcp_out.o
 .text.tcp_write
                0x00006f38      0x5f8 ./lwip/src/core/tcp_out.o
                0x00006f38                tcp_write
 .text.tcp_enqueue_flags
                0x00007530      0x1d8 ./lwip/src/core/tcp_out.o
                0x00007530                tcp_enqueue_flags
 .text.tcp_send_empty_ack
                0x00007708       0x94 ./lwip/src/core/tcp_out.o
                0x00007708                tcp_send_empty_ack
 .text.tcp_output
                0x0000779c      0x2c4 ./lwip/src/core/tcp_out.o
                0x0000779c                tcp_output
 .text.tcp_output_segment
                0x00007a60      0x214 ./lwip/src/core/tcp_out.o
 .text.tcp_rst  0x00007c74       0xe0 ./lwip/src/core/tcp_out.o
                0x00007c74                tcp_rst
 .text.tcp_rexmit_rto
                0x00007d54       0x64 ./lwip/src/core/tcp_out.o
                0x00007d54                tcp_rexmit_rto
 .text.tcp_rexmit
                0x00007db8       0x98 ./lwip/src/core/tcp_out.o
                0x00007db8                tcp_rexmit
 .text.tcp_rexmit_fast
                0x00007e50       0xa8 ./lwip/src/core/tcp_out.o
                0x00007e50                tcp_rexmit_fast
 .text.tcp_keepalive
                0x00007ef8       0x74 ./lwip/src/core/tcp_out.o
                0x00007ef8                tcp_keepalive
 .text.tcp_zero_window_probe
                0x00007f6c      0x10c ./lwip/src/core/tcp_out.o
                0x00007f6c                tcp_zero_window_probe
 .text.tcpip_tcp_timer
                0x00008078       0x48 ./lwip/src/core/timers.o
 .text.tcp_timer_needed
                0x000080c0       0x40 ./lwip/src/core/timers.o
                0x000080c0                tcp_timer_needed
 .text.ip_reass_timer
                0x00008100       0x24 ./lwip/src/core/timers.o
 .text.arp_timer
                0x00008124       0x24 ./lwip/src/core/timers.o
 .text.sys_timeouts_init
                0x00008148       0x28 ./lwip/src/core/timers.o
                0x00008148                sys_timeouts_init
 .text.sys_timeout
                0x00008170       0xf4 ./lwip/src/core/timers.o
                0x00008170                sys_timeout
 .text.sys_untimeout
                0x00008264       0x8c ./lwip/src/core/timers.o
                0x00008264                sys_untimeout
 .text.sys_timeouts_mbox_fetch
                0x000082f0       0xac ./lwip/src/core/timers.o
                0x000082f0                sys_timeouts_mbox_fetch
 .text.udp_init
                0x0000839c        0xc ./lwip/src/core/udp.o
                0x0000839c                udp_init
 .text.udp_new_port
                0x000083a8       0x70 ./lwip/src/core/udp.o
 .text.udp_input
                0x00008418      0x268 ./lwip/src/core/udp.o
                0x00008418                udp_input
 .text.udp_bind
                0x00008680       0xcc ./lwip/src/core/udp.o
                0x00008680                udp_bind
 .text.udp_recv
                0x0000874c       0x24 ./lwip/src/core/udp.o
                0x0000874c                udp_recv
 .text.udp_remove
                0x00008770       0x60 ./lwip/src/core/udp.o
                0x00008770                udp_remove
 .text.udp_new  0x000087d0       0x38 ./lwip/src/core/udp.o
                0x000087d0                udp_new
 .text.Chip_ENET_SetADDR
                0x00008808       0x50 ./lwip/src/arch/lpc17xx_40xx_emac.o
 .text.Chip_ENET_TXEnable
                0x00008858       0x24 ./lwip/src/arch/lpc17xx_40xx_emac.o
 .text.Chip_ENET_RXEnable
                0x0000887c       0x30 ./lwip/src/arch/lpc17xx_40xx_emac.o
 .text.Chip_ENET_RXDisable
                0x000088ac       0x30 ./lwip/src/arch/lpc17xx_40xx_emac.o
 .text.Chip_ENET_ResetTXLogic
                0x000088dc       0x20 ./lwip/src/arch/lpc17xx_40xx_emac.o
 .text.Chip_ENET_ResetRXLogic
                0x000088fc       0x20 ./lwip/src/arch/lpc17xx_40xx_emac.o
 .text.Chip_ENET_EnableRXFilter
                0x0000891c       0x34 ./lwip/src/arch/lpc17xx_40xx_emac.o
 .text.Chip_ENET_GetTXProduceIndex
                0x00008950       0x1c ./lwip/src/arch/lpc17xx_40xx_emac.o
 .text.Chip_ENET_GetTXConsumeIndex
                0x0000896c       0x1c ./lwip/src/arch/lpc17xx_40xx_emac.o
 .text.Chip_ENET_GetRXConsumeIndex
                0x00008988       0x1c ./lwip/src/arch/lpc17xx_40xx_emac.o
 .text.Chip_ENET_GetFreeDescNum
                0x000089a4       0x38 ./lwip/src/arch/lpc17xx_40xx_emac.o
 .text.Chip_ENET_IsRxEmpty
                0x000089dc       0x2c ./lwip/src/arch/lpc17xx_40xx_emac.o
 .text.Chip_ENET_EnableInt
                0x00008a08       0x24 ./lwip/src/arch/lpc17xx_40xx_emac.o
 .text.Chip_ENET_GetIntStatus
                0x00008a2c       0x18 ./lwip/src/arch/lpc17xx_40xx_emac.o
 .text.Chip_ENET_ClearIntStatus
                0x00008a44       0x1c ./lwip/src/arch/lpc17xx_40xx_emac.o
 .text.lpc_rxqueue_pbuf
                0x00008a60       0x94 ./lwip/src/arch/lpc17xx_40xx_emac.o
 .text.lpc_rx_setup
                0x00008af4       0x40 ./lwip/src/arch/lpc17xx_40xx_emac.o
 .text.lpc_low_level_input
                0x00008b34      0x178 ./lwip/src/arch/lpc17xx_40xx_emac.o
 .text.lpc_packet_addr_notsafe
                0x00008cac       0x58 ./lwip/src/arch/lpc17xx_40xx_emac.o
 .text.lpc_tx_setup
                0x00008d04       0x60 ./lwip/src/arch/lpc17xx_40xx_emac.o
 .text.lpc_tx_reclaim_st
                0x00008d64       0xa0 ./lwip/src/arch/lpc17xx_40xx_emac.o
 .text.lpc_low_level_output
                0x00008e04      0x1a0 ./lwip/src/arch/lpc17xx_40xx_emac.o
 .text.vPacketReceiveTask
                0x00008fa4       0x3c ./lwip/src/arch/lpc17xx_40xx_emac.o
 .text.vTransmitCleanupTask
                0x00008fe0       0xac ./lwip/src/arch/lpc17xx_40xx_emac.o
 .text.low_level_init
                0x0000908c       0xb0 ./lwip/src/arch/lpc17xx_40xx_emac.o
 .text.lpc_etharp_output
                0x0000913c       0x34 ./lwip/src/arch/lpc17xx_40xx_emac.o
 .text.lpc_rx_queue
                0x00009170       0x60 ./lwip/src/arch/lpc17xx_40xx_emac.o
                0x00009170                lpc_rx_queue
 .text.lpc_enetif_input
                0x000091d0       0x68 ./lwip/src/arch/lpc17xx_40xx_emac.o
                0x000091d0                lpc_enetif_input
 .text.lpc_tx_reclaim
                0x00009238       0x28 ./lwip/src/arch/lpc17xx_40xx_emac.o
                0x00009238                lpc_tx_reclaim
 .text.lpc_tx_ready
                0x00009260       0x3c ./lwip/src/arch/lpc17xx_40xx_emac.o
                0x00009260                lpc_tx_ready
 .text.ETH_IRQHandler
                0x0000929c       0x7c ./lwip/src/arch/lpc17xx_40xx_emac.o
                0x0000929c                ETH_IRQHandler
 .text.lpc_enetif_init
                0x00009318      0x154 ./lwip/src/arch/lpc17xx_40xx_emac.o
                0x00009318                lpc_enetif_init
 .text.assert_loop
                0x0000946c        0x8 ./lwip/src/arch/lpc_debug.o
                0x0000946c                assert_loop
 .text.sys_mbox_new
                0x00009474       0x38 ./lwip/src/arch/sys_arch_freertos.o
                0x00009474                sys_mbox_new
 .text.sys_mbox_free
                0x000094ac       0x28 ./lwip/src/arch/sys_arch_freertos.o
                0x000094ac                sys_mbox_free
 .text.sys_mbox_post
                0x000094d4       0x2c ./lwip/src/arch/sys_arch_freertos.o
                0x000094d4                sys_mbox_post
 .text.sys_mbox_trypost
                0x00009500       0x34 ./lwip/src/arch/sys_arch_freertos.o
                0x00009500                sys_mbox_trypost
 .text.sys_arch_mbox_fetch
                0x00009534       0x98 ./lwip/src/arch/sys_arch_freertos.o
                0x00009534                sys_arch_mbox_fetch
 .text.sys_arch_mbox_tryfetch
                0x000095cc       0x40 ./lwip/src/arch/sys_arch_freertos.o
                0x000095cc                sys_arch_mbox_tryfetch
 .text.sys_sem_new
                0x0000960c       0x64 ./lwip/src/arch/sys_arch_freertos.o
                0x0000960c                sys_sem_new
 .text.sys_arch_sem_wait
                0x00009670       0x84 ./lwip/src/arch/sys_arch_freertos.o
                0x00009670                sys_arch_sem_wait
 .text.sys_mutex_new
                0x000096f4       0x30 ./lwip/src/arch/sys_arch_freertos.o
                0x000096f4                sys_mutex_new
 .text.sys_mutex_lock
                0x00009724       0x28 ./lwip/src/arch/sys_arch_freertos.o
                0x00009724                sys_mutex_lock
 .text.sys_mutex_unlock
                0x0000974c       0x20 ./lwip/src/arch/sys_arch_freertos.o
                0x0000974c                sys_mutex_unlock
 .text.sys_sem_signal
                0x0000976c       0x20 ./lwip/src/arch/sys_arch_freertos.o
                0x0000976c                sys_sem_signal
 .text.sys_sem_free
                0x0000978c       0x1c ./lwip/src/arch/sys_arch_freertos.o
                0x0000978c                sys_sem_free
 .text.sys_init
                0x000097a8        0xc ./lwip/src/arch/sys_arch_freertos.o
                0x000097a8                sys_init
 .text.sys_thread_new
                0x000097b4       0x4c ./lwip/src/arch/sys_arch_freertos.o
                0x000097b4                sys_thread_new
 .text.sys_arch_protect
                0x00009800       0x10 ./lwip/src/arch/sys_arch_freertos.o
                0x00009800                sys_arch_protect
 .text.sys_arch_unprotect
                0x00009810       0x14 ./lwip/src/arch/sys_arch_freertos.o
                0x00009810                sys_arch_unprotect
 .text.netconn_new_with_proto_and_callback
                0x00009824       0x9c ./lwip/src/api/api_lib.o
                0x00009824                netconn_new_with_proto_and_callback
 .text.netconn_delete
                0x000098c0       0x38 ./lwip/src/api/api_lib.o
                0x000098c0                netconn_delete
 .text.netconn_bind
                0x000098f8       0x70 ./lwip/src/api/api_lib.o
                0x000098f8                netconn_bind
 .text.netconn_listen_with_backlog
                0x00009968       0x64 ./lwip/src/api/api_lib.o
                0x00009968                netconn_listen_with_backlog
 .text.netconn_accept
                0x000099cc       0xb8 ./lwip/src/api/api_lib.o
                0x000099cc                netconn_accept
 .text.netconn_recv_data
                0x00009a84      0x12c ./lwip/src/api/api_lib.o
 .text.netconn_recv
                0x00009bb0       0xf0 ./lwip/src/api/api_lib.o
                0x00009bb0                netconn_recv
 .text.netconn_write_partly
                0x00009ca0       0xe8 ./lwip/src/api/api_lib.o
                0x00009ca0                netconn_write_partly
 .text.netconn_close_shutdown
                0x00009d88       0x68 ./lwip/src/api/api_lib.o
 .text.netconn_close
                0x00009df0       0x1c ./lwip/src/api/api_lib.o
                0x00009df0                netconn_close
 .text.recv_raw
                0x00009e0c       0xd8 ./lwip/src/api/api_msg.o
 .text.recv_udp
                0x00009ee4       0xc8 ./lwip/src/api/api_msg.o
 .text.recv_tcp
                0x00009fac       0xcc ./lwip/src/api/api_msg.o
 .text.poll_tcp
                0x0000a078       0x94 ./lwip/src/api/api_msg.o
 .text.sent_tcp
                0x0000a10c       0x90 ./lwip/src/api/api_msg.o
 .text.err_tcp  0x0000a19c      0x11c ./lwip/src/api/api_msg.o
 .text.setup_tcp
                0x0000a2b8       0x50 ./lwip/src/api/api_msg.o
 .text.accept_function
                0x0000a308       0xd4 ./lwip/src/api/api_msg.o
 .text.pcb_new  0x0000a3dc       0xf0 ./lwip/src/api/api_msg.o
 .text.do_newconn
                0x0000a4cc       0x34 ./lwip/src/api/api_msg.o
                0x0000a4cc                do_newconn
 .text.netconn_alloc
                0x0000a500       0xd0 ./lwip/src/api/api_msg.o
                0x0000a500                netconn_alloc
 .text.netconn_free
                0x0000a5d0       0x4c ./lwip/src/api/api_msg.o
                0x0000a5d0                netconn_free
 .text.netconn_drain
                0x0000a61c       0xec ./lwip/src/api/api_msg.o
 .text.do_close_internal
                0x0000a708      0x1dc ./lwip/src/api/api_msg.o
 .text.do_delconn
                0x0000a8e4      0x13c ./lwip/src/api/api_msg.o
                0x0000a8e4                do_delconn
 .text.do_bind  0x0000aa20       0xb8 ./lwip/src/api/api_msg.o
                0x0000aa20                do_bind
 .text.do_listen
                0x0000aad8      0x114 ./lwip/src/api/api_msg.o
                0x0000aad8                do_listen
 .text.do_recv  0x0000abec       0x70 ./lwip/src/api/api_msg.o
                0x0000abec                do_recv
 .text.do_writemore
                0x0000ac5c      0x21c ./lwip/src/api/api_msg.o
 .text.do_write
                0x0000ae78       0xb4 ./lwip/src/api/api_msg.o
                0x0000ae78                do_write
 .text.do_close
                0x0000af2c       0xc4 ./lwip/src/api/api_msg.o
                0x0000af2c                do_close
 .text.netbuf_delete
                0x0000aff0       0x3c ./lwip/src/api/netbuf.o
                0x0000aff0                netbuf_delete
 .text.netbuf_data
                0x0000b02c       0x68 ./lwip/src/api/netbuf.o
                0x0000b02c                netbuf_data
 .text.tcpip_thread
                0x0000b094      0x10c ./lwip/src/api/tcpip.o
 .text.tcpip_input
                0x0000b1a0       0x70 ./lwip/src/api/tcpip.o
                0x0000b1a0                tcpip_input
 .text.tcpip_callback_with_block
                0x0000b210       0x84 ./lwip/src/api/tcpip.o
                0x0000b210                tcpip_callback_with_block
 .text.tcpip_apimsg
                0x0000b294       0x4c ./lwip/src/api/tcpip.o
                0x0000b294                tcpip_apimsg
 .text.tcpip_init
                0x0000b2e0       0x5c ./lwip/src/api/tcpip.o
                0x0000b2e0                tcpip_init
 .text.vApplicationMallocFailedHook
                0x0000b33c       0x14 ./freertos/src/FreeRTOSCommonHooks.o
                0x0000b33c                vApplicationMallocFailedHook
 .text.vApplicationIdleHook
                0x0000b350       0x10 ./freertos/src/FreeRTOSCommonHooks.o
                0x0000b350                vApplicationIdleHook
 .text.vApplicationStackOverflowHook
                0x0000b360       0x1c ./freertos/src/FreeRTOSCommonHooks.o
                0x0000b360                vApplicationStackOverflowHook
 .text.pvPortMalloc
                0x0000b37c       0x2c ./freertos/src/heap_3.o
                0x0000b37c                pvPortMalloc
 .text.vPortFree
                0x0000b3a8       0x24 ./freertos/src/heap_3.o
                0x0000b3a8                vPortFree
 .text.vListInitialise
                0x0000b3cc       0x40 ./freertos/src/list.o
                0x0000b3cc                vListInitialise
 .text.vListInitialiseItem
                0x0000b40c       0x18 ./freertos/src/list.o
                0x0000b40c                vListInitialiseItem
 .text.vListInsertEnd
                0x0000b424       0x48 ./freertos/src/list.o
                0x0000b424                vListInsertEnd
 .text.vListInsert
                0x0000b46c       0x70 ./freertos/src/list.o
                0x0000b46c                vListInsert
 .text.uxListRemove
                0x0000b4dc       0x54 ./freertos/src/list.o
                0x0000b4dc                uxListRemove
 .text.pxPortInitialiseStack
                0x0000b530       0x54 ./freertos/src/port.o
                0x0000b530                pxPortInitialiseStack
 .text.prvTaskExitError
                0x0000b584        0xc ./freertos/src/port.o
 .text.SVC_Handler
                0x0000b590       0x24 ./freertos/src/port.o
                0x0000b590                SVC_Handler
 .text.prvPortStartFirstTask
                0x0000b5b4       0x18 ./freertos/src/port.o
 .text.xPortStartScheduler
                0x0000b5cc       0x38 ./freertos/src/port.o
                0x0000b5cc                xPortStartScheduler
 .text.vPortYield
                0x0000b604       0x20 ./freertos/src/port.o
                0x0000b604                vPortYield
 .text.vPortEnterCritical
                0x0000b624       0x24 ./freertos/src/port.o
                0x0000b624                vPortEnterCritical
 .text.vPortExitCritical
                0x0000b648       0x24 ./freertos/src/port.o
                0x0000b648                vPortExitCritical
 .text.ulPortSetInterruptMask
                0x0000b66c       0x14 ./freertos/src/port.o
                0x0000b66c                ulPortSetInterruptMask
 .text.vPortClearInterruptMask
                0x0000b680        0x8 ./freertos/src/port.o
                0x0000b680                vPortClearInterruptMask
 .text.PendSV_Handler
                0x0000b688       0x40 ./freertos/src/port.o
                0x0000b688                PendSV_Handler
 .text.SysTick_Handler
                0x0000b6c8       0x28 ./freertos/src/port.o
                0x0000b6c8                SysTick_Handler
 .text.vPortSetupTimerInterrupt
                0x0000b6f0       0x34 ./freertos/src/port.o
                0x0000b6f0                vPortSetupTimerInterrupt
 .text.xQueueGenericReset
                0x0000b724       0xa4 ./freertos/src/queue.o
                0x0000b724                xQueueGenericReset
 .text.xQueueGenericCreate
                0x0000b7c8       0x78 ./freertos/src/queue.o
                0x0000b7c8                xQueueGenericCreate
 .text.xQueueCreateMutex
                0x0000b840       0x84 ./freertos/src/queue.o
                0x0000b840                xQueueCreateMutex
 .text.xQueueCreateCountingSemaphore
                0x0000b8c4       0x2c ./freertos/src/queue.o
                0x0000b8c4                xQueueCreateCountingSemaphore
 .text.xQueueGenericSend
                0x0000b8f0      0x110 ./freertos/src/queue.o
                0x0000b8f0                xQueueGenericSend
 .text.xQueueGenericSendFromISR
                0x0000ba00       0x88 ./freertos/src/queue.o
                0x0000ba00                xQueueGenericSendFromISR
 .text.xQueueGenericReceive
                0x0000ba88      0x16c ./freertos/src/queue.o
                0x0000ba88                xQueueGenericReceive
 .text.uxQueueMessagesWaiting
                0x0000bbf4       0x20 ./freertos/src/queue.o
                0x0000bbf4                uxQueueMessagesWaiting
 .text.vQueueDelete
                0x0000bc14       0x2c ./freertos/src/queue.o
                0x0000bc14                vQueueDelete
 .text.prvCopyDataToQueue
                0x0000bc40       0xd0 ./freertos/src/queue.o
 .text.prvCopyDataFromQueue
                0x0000bd10       0x4c ./freertos/src/queue.o
 .text.prvUnlockQueue
                0x0000bd5c       0x98 ./freertos/src/queue.o
 .text.prvIsQueueEmpty
                0x0000bdf4       0x2c ./freertos/src/queue.o
 .text.prvIsQueueFull
                0x0000be20       0x30 ./freertos/src/queue.o
 .text.vQueueUnregisterQueue
                0x0000be50       0x44 ./freertos/src/queue.o
                0x0000be50                vQueueUnregisterQueue
 .text.xTaskGenericCreate
                0x0000be94      0x140 ./freertos/src/tasks.o
                0x0000be94                xTaskGenericCreate
 .text.vTaskDelay
                0x0000bfd4       0x54 ./freertos/src/tasks.o
                0x0000bfd4                vTaskDelay
 .text.vTaskStartScheduler
                0x0000c028       0x58 ./freertos/src/tasks.o
                0x0000c028                vTaskStartScheduler
 .text.vTaskSuspendAll
                0x0000c080       0x1c ./freertos/src/tasks.o
                0x0000c080                vTaskSuspendAll
 .text.xTaskResumeAll
                0x0000c09c       0xfc ./freertos/src/tasks.o
                0x0000c09c                xTaskResumeAll
 .text.xTaskGetTickCount
                0x0000c198       0x24 ./freertos/src/tasks.o
                0x0000c198                xTaskGetTickCount
 .text.xTaskIncrementTick
                0x0000c1bc      0x18c ./freertos/src/tasks.o
                0x0000c1bc                xTaskIncrementTick
 .text.vTaskSwitchContext
                0x0000c348       0xb8 ./freertos/src/tasks.o
                0x0000c348                vTaskSwitchContext
 .text.vTaskPlaceOnEventList
                0x0000c400       0x60 ./freertos/src/tasks.o
                0x0000c400                vTaskPlaceOnEventList
 .text.xTaskRemoveFromEventList
                0x0000c460       0xac ./freertos/src/tasks.o
                0x0000c460                xTaskRemoveFromEventList
 .text.vTaskSetTimeOutState
                0x0000c50c       0x2c ./freertos/src/tasks.o
                0x0000c50c                vTaskSetTimeOutState
 .text.xTaskCheckForTimeOut
                0x0000c538       0x88 ./freertos/src/tasks.o
                0x0000c538                xTaskCheckForTimeOut
 .text.vTaskMissedYield
                0x0000c5c0       0x18 ./freertos/src/tasks.o
                0x0000c5c0                vTaskMissedYield
 .text.prvIdleTask
                0x0000c5d8       0x24 ./freertos/src/tasks.o
 .text.prvInitialiseTCBVariables
                0x0000c5fc       0x94 ./freertos/src/tasks.o
 .text.prvInitialiseTaskLists
                0x0000c690       0x80 ./freertos/src/tasks.o
 .text.prvCheckTasksWaitingTermination
                0x0000c710       0x78 ./freertos/src/tasks.o
 .text.prvAddCurrentTaskToDelayedList
                0x0000c788       0x6c ./freertos/src/tasks.o
 .text.prvAllocateTCBAndStack
                0x0000c7f4       0x64 ./freertos/src/tasks.o
 .text.prvDeleteTCB
                0x0000c858       0x20 ./freertos/src/tasks.o
 .text.xTaskGetCurrentTaskHandle
                0x0000c878       0x1c ./freertos/src/tasks.o
                0x0000c878                xTaskGetCurrentTaskHandle
 .text.vTaskPriorityInherit
                0x0000c894       0xb4 ./freertos/src/tasks.o
                0x0000c894                vTaskPriorityInherit
 .text.vTaskPriorityDisinherit
                0x0000c948       0x7c ./freertos/src/tasks.o
                0x0000c948                vTaskPriorityDisinherit
 .text.__check_heap_overflow
                0x0000c9c4       0x2c ./example/src/cr_redlib_heap_fix.o
                0x0000c9c4                __check_heap_overflow
 .text.get_http_headers
                0x0000c9f0      0x134 ./example/src/lwip_fs.o
 .text.GetHTTP_Header
                0x0000cb24       0x1c ./example/src/lwip_fs.o
                0x0000cb24                GetHTTP_Header
 .text.fs_open  0x0000cb40       0x14 ./example/src/lwip_fs.o
                0x0000cb40                fs_open
 .text.fs_close
                0x0000cb54       0x24 ./example/src/lwip_fs.o
                0x0000cb54                fs_close
 .text.fs_read  0x0000cb78       0x18 ./example/src/lwip_fs.o
                0x0000cb78                fs_read
 .text.supported_method
                0x0000cb90       0x44 ./example/src/netconn_fs.o
 .text.get_version
                0x0000cbd4       0x34 ./example/src/netconn_fs.o
 .text.http_server_netconn_serve
                0x0000cc08      0x1c8 ./example/src/netconn_fs.o
 .text.http_server_netconn_thread
                0x0000cdd0       0x74 ./example/src/netconn_fs.o
 .text.http_server_netconn_init
                0x0000ce44       0x28 ./example/src/netconn_fs.o
                0x0000ce44                http_server_netconn_init
 .text.SystemInit
                0x0000ce6c       0x24 ./example/src/sysinit.o
                0x0000ce6c                SystemInit
 .text.NVIC_EnableIRQ
                0x0000ce90       0x30 ./example/src/webserver_freertos.o
 .text.NVIC_SetPriority
                0x0000cec0       0x54 ./example/src/webserver_freertos.o
 .text.Chip_ENET_Set100Mbps
                0x0000cf14       0x1c ./example/src/webserver_freertos.o
 .text.Chip_ENET_Set10Mbps
                0x0000cf30       0x18 ./example/src/webserver_freertos.o
 .text.prvSetupHardware
                0x0000cf48       0x18 ./example/src/webserver_freertos.o
 .text.tcpip_init_done_signal
                0x0000cf60       0x18 ./example/src/webserver_freertos.o
 .text.vSetupIFTask
                0x0000cf78      0x1c4 ./example/src/webserver_freertos.o
 .text.msDelay  0x0000d13c       0x2c ./example/src/webserver_freertos.o
                0x0000d13c                msDelay
 .text.main     0x0000d168       0x3c ./example/src/webserver_freertos.o
                0x0000d168                main
 .text.Chip_IOCON_Init
                0x0000d1a4       0x18 C:\Users\Kevin\Documents\LPCXpresso_8.2.0_647\workspace\lpc_board_nxp_lpcxpresso_1769\Debug\liblpc_board_nxp_lpcxpresso_1769.a(board.o)
 .text.Chip_GPIO_Init
                0x0000d1bc       0x18 C:\Users\Kevin\Documents\LPCXpresso_8.2.0_647\workspace\lpc_board_nxp_lpcxpresso_1769\Debug\liblpc_board_nxp_lpcxpresso_1769.a(board.o)
 .text.Chip_GPIO_SetPinState
                0x0000d1d4       0x68 C:\Users\Kevin\Documents\LPCXpresso_8.2.0_647\workspace\lpc_board_nxp_lpcxpresso_1769\Debug\liblpc_board_nxp_lpcxpresso_1769.a(board.o)
 .text.Chip_GPIO_WritePortBit
                0x0000d23c       0x2c C:\Users\Kevin\Documents\LPCXpresso_8.2.0_647\workspace\lpc_board_nxp_lpcxpresso_1769\Debug\liblpc_board_nxp_lpcxpresso_1769.a(board.o)
 .text.Chip_GPIO_SetPinDIROutput
                0x0000d268       0x38 C:\Users\Kevin\Documents\LPCXpresso_8.2.0_647\workspace\lpc_board_nxp_lpcxpresso_1769\Debug\liblpc_board_nxp_lpcxpresso_1769.a(board.o)
 .text.Chip_GPIO_SetPinDIRInput
                0x0000d2a0       0x3c C:\Users\Kevin\Documents\LPCXpresso_8.2.0_647\workspace\lpc_board_nxp_lpcxpresso_1769\Debug\liblpc_board_nxp_lpcxpresso_1769.a(board.o)
 .text.Chip_GPIO_SetPinDIR
                0x0000d2dc       0x44 C:\Users\Kevin\Documents\LPCXpresso_8.2.0_647\workspace\lpc_board_nxp_lpcxpresso_1769\Debug\liblpc_board_nxp_lpcxpresso_1769.a(board.o)
 .text.Chip_GPIO_WriteDirBit
                0x0000d320       0x30 C:\Users\Kevin\Documents\LPCXpresso_8.2.0_647\workspace\lpc_board_nxp_lpcxpresso_1769\Debug\liblpc_board_nxp_lpcxpresso_1769.a(board.o)
 .text.Chip_UART_SendByte
                0x0000d350       0x1c C:\Users\Kevin\Documents\LPCXpresso_8.2.0_647\workspace\lpc_board_nxp_lpcxpresso_1769\Debug\liblpc_board_nxp_lpcxpresso_1769.a(board.o)
 .text.Chip_UART_ReadByte
                0x0000d36c       0x18 C:\Users\Kevin\Documents\LPCXpresso_8.2.0_647\workspace\lpc_board_nxp_lpcxpresso_1769\Debug\liblpc_board_nxp_lpcxpresso_1769.a(board.o)
 .text.Chip_UART_ConfigData
                0x0000d384       0x1c C:\Users\Kevin\Documents\LPCXpresso_8.2.0_647\workspace\lpc_board_nxp_lpcxpresso_1769\Debug\liblpc_board_nxp_lpcxpresso_1769.a(board.o)
 .text.Chip_UART_ReadLineStatus
                0x0000d3a0       0x18 C:\Users\Kevin\Documents\LPCXpresso_8.2.0_647\workspace\lpc_board_nxp_lpcxpresso_1769\Debug\liblpc_board_nxp_lpcxpresso_1769.a(board.o)
 .text.__sys_write
                0x0000d3b8       0x38 C:\Users\Kevin\Documents\LPCXpresso_8.2.0_647\workspace\lpc_board_nxp_lpcxpresso_1769\Debug\liblpc_board_nxp_lpcxpresso_1769.a(board.o)
                0x0000d3b8                __sys_write
 .text.__sys_readc
                0x0000d3f0       0x18 C:\Users\Kevin\Documents\LPCXpresso_8.2.0_647\workspace\lpc_board_nxp_lpcxpresso_1769\Debug\liblpc_board_nxp_lpcxpresso_1769.a(board.o)
                0x0000d3f0                __sys_readc
 .text.Board_LED_Init
                0x0000d408       0x18 C:\Users\Kevin\Documents\LPCXpresso_8.2.0_647\workspace\lpc_board_nxp_lpcxpresso_1769\Debug\liblpc_board_nxp_lpcxpresso_1769.a(board.o)
 .text.Board_UART_Init
                0x0000d420       0x14 C:\Users\Kevin\Documents\LPCXpresso_8.2.0_647\workspace\lpc_board_nxp_lpcxpresso_1769\Debug\liblpc_board_nxp_lpcxpresso_1769.a(board.o)
                0x0000d420                Board_UART_Init
 .text.Board_Debug_Init
                0x0000d434       0x30 C:\Users\Kevin\Documents\LPCXpresso_8.2.0_647\workspace\lpc_board_nxp_lpcxpresso_1769\Debug\liblpc_board_nxp_lpcxpresso_1769.a(board.o)
                0x0000d434                Board_Debug_Init
 .text.Board_UARTPutChar
                0x0000d464       0x34 C:\Users\Kevin\Documents\LPCXpresso_8.2.0_647\workspace\lpc_board_nxp_lpcxpresso_1769\Debug\liblpc_board_nxp_lpcxpresso_1769.a(board.o)
                0x0000d464                Board_UARTPutChar
 .text.Board_UARTGetChar
                0x0000d498       0x2c C:\Users\Kevin\Documents\LPCXpresso_8.2.0_647\workspace\lpc_board_nxp_lpcxpresso_1769\Debug\liblpc_board_nxp_lpcxpresso_1769.a(board.o)
                0x0000d498                Board_UARTGetChar
 .text.Board_UARTPutSTR
                0x0000d4c4       0x28 C:\Users\Kevin\Documents\LPCXpresso_8.2.0_647\workspace\lpc_board_nxp_lpcxpresso_1769\Debug\liblpc_board_nxp_lpcxpresso_1769.a(board.o)
                0x0000d4c4                Board_UARTPutSTR
 .text.Board_LED_Set
                0x0000d4ec       0x30 C:\Users\Kevin\Documents\LPCXpresso_8.2.0_647\workspace\lpc_board_nxp_lpcxpresso_1769\Debug\liblpc_board_nxp_lpcxpresso_1769.a(board.o)
                0x0000d4ec                Board_LED_Set
 .text.Board_Init
                0x0000d51c       0x24 C:\Users\Kevin\Documents\LPCXpresso_8.2.0_647\workspace\lpc_board_nxp_lpcxpresso_1769\Debug\liblpc_board_nxp_lpcxpresso_1769.a(board.o)
                0x0000d51c                Board_Init
 .text.Board_ENET_GetMacADDR
                0x0000d540       0x30 C:\Users\Kevin\Documents\LPCXpresso_8.2.0_647\workspace\lpc_board_nxp_lpcxpresso_1769\Debug\liblpc_board_nxp_lpcxpresso_1769.a(board.o)
                0x0000d540                Board_ENET_GetMacADDR
 .text.Chip_SYSCTL_SetFLASHAccess
                0x0000d570       0x30 C:\Users\Kevin\Documents\LPCXpresso_8.2.0_647\workspace\lpc_board_nxp_lpcxpresso_1769\Debug\liblpc_board_nxp_lpcxpresso_1769.a(board_sysinit.o)
 .text.Board_SetupMuxing
                0x0000d5a0       0x1c C:\Users\Kevin\Documents\LPCXpresso_8.2.0_647\workspace\lpc_board_nxp_lpcxpresso_1769\Debug\liblpc_board_nxp_lpcxpresso_1769.a(board_sysinit.o)
                0x0000d5a0                Board_SetupMuxing
 .text.Board_SetupClocking
                0x0000d5bc       0x14 C:\Users\Kevin\Documents\LPCXpresso_8.2.0_647\workspace\lpc_board_nxp_lpcxpresso_1769\Debug\liblpc_board_nxp_lpcxpresso_1769.a(board_sysinit.o)
                0x0000d5bc                Board_SetupClocking
 .text.Board_SystemInit
                0x0000d5d0       0x10 C:\Users\Kevin\Documents\LPCXpresso_8.2.0_647\workspace\lpc_board_nxp_lpcxpresso_1769\Debug\liblpc_board_nxp_lpcxpresso_1769.a(board_sysinit.o)
                0x0000d5d0                Board_SystemInit
 .text.Chip_ENET_IsMIIBusy
                0x0000d5e0       0x24 C:\Users\Kevin\Documents\LPCXpresso_8.2.0_647\workspace\lpc_board_nxp_lpcxpresso_1769\Debug\liblpc_board_nxp_lpcxpresso_1769.a(lpc_phy_smsc87x0.o)
 .text.lpc_mii_write
                0x0000d604       0x64 C:\Users\Kevin\Documents\LPCXpresso_8.2.0_647\workspace\lpc_board_nxp_lpcxpresso_1769\Debug\liblpc_board_nxp_lpcxpresso_1769.a(lpc_phy_smsc87x0.o)
 .text.lpc_mii_read
                0x0000d668       0x74 C:\Users\Kevin\Documents\LPCXpresso_8.2.0_647\workspace\lpc_board_nxp_lpcxpresso_1769\Debug\liblpc_board_nxp_lpcxpresso_1769.a(lpc_phy_smsc87x0.o)
 .text.smsc_update_phy_sts
                0x0000d6dc       0xe8 C:\Users\Kevin\Documents\LPCXpresso_8.2.0_647\workspace\lpc_board_nxp_lpcxpresso_1769\Debug\liblpc_board_nxp_lpcxpresso_1769.a(lpc_phy_smsc87x0.o)
 .text.lpc_phy_init
                0x0000d7c4       0xac C:\Users\Kevin\Documents\LPCXpresso_8.2.0_647\workspace\lpc_board_nxp_lpcxpresso_1769\Debug\liblpc_board_nxp_lpcxpresso_1769.a(lpc_phy_smsc87x0.o)
                0x0000d7c4                lpc_phy_init
 .text.lpcPHYStsPoll
                0x0000d870       0xc8 C:\Users\Kevin\Documents\LPCXpresso_8.2.0_647\workspace\lpc_board_nxp_lpcxpresso_1769\Debug\liblpc_board_nxp_lpcxpresso_1769.a(lpc_phy_smsc87x0.o)
                0x0000d870                lpcPHYStsPoll
 .text.SystemCoreClockUpdate
                0x0000d938       0x18 C:\Users\Kevin\Documents\LPCXpresso_8.2.0_647\workspace\lpc_chip_175x_6x\Debug\liblpc_chip_175x_6x.a(chip_17xx_40xx.o)
                0x0000d938                SystemCoreClockUpdate
 .text.Chip_Clock_IsMainPLLEnabled
                0x0000d950       0x24 C:\Users\Kevin\Documents\LPCXpresso_8.2.0_647\workspace\lpc_chip_175x_6x\Debug\liblpc_chip_175x_6x.a(clock_17xx_40xx.o)
 .text.Chip_Clock_IsMainPLLConnected
                0x0000d974       0x24 C:\Users\Kevin\Documents\LPCXpresso_8.2.0_647\workspace\lpc_chip_175x_6x\Debug\liblpc_chip_175x_6x.a(clock_17xx_40xx.o)
 .text.Chip_Clock_FeedPLL
                0x0000d998       0x34 C:\Users\Kevin\Documents\LPCXpresso_8.2.0_647\workspace\lpc_chip_175x_6x\Debug\liblpc_chip_175x_6x.a(clock_17xx_40xx.o)
 .text.Chip_Clock_GetMainPLLSource
                0x0000d9cc       0x20 C:\Users\Kevin\Documents\LPCXpresso_8.2.0_647\workspace\lpc_chip_175x_6x\Debug\liblpc_chip_175x_6x.a(clock_17xx_40xx.o)
 .text.Chip_Clock_GetMainOscRate
                0x0000d9ec       0x14 C:\Users\Kevin\Documents\LPCXpresso_8.2.0_647\workspace\lpc_chip_175x_6x\Debug\liblpc_chip_175x_6x.a(clock_17xx_40xx.o)
 .text.Chip_Clock_GetIntOscRate
                0x0000da00       0x14 C:\Users\Kevin\Documents\LPCXpresso_8.2.0_647\workspace\lpc_chip_175x_6x\Debug\liblpc_chip_175x_6x.a(clock_17xx_40xx.o)
 .text.Chip_Clock_GetRTCOscRate
                0x0000da14       0x14 C:\Users\Kevin\Documents\LPCXpresso_8.2.0_647\workspace\lpc_chip_175x_6x\Debug\liblpc_chip_175x_6x.a(clock_17xx_40xx.o)
 .text.Chip_Clock_GetMainPLLInClockRate
                0x0000da28       0x10 C:\Users\Kevin\Documents\LPCXpresso_8.2.0_647\workspace\lpc_chip_175x_6x\Debug\liblpc_chip_175x_6x.a(clock_17xx_40xx.o)
 .text.Chip_Clock_EnablePLL
                0x0000da38       0x44 C:\Users\Kevin\Documents\LPCXpresso_8.2.0_647\workspace\lpc_chip_175x_6x\Debug\liblpc_chip_175x_6x.a(clock_17xx_40xx.o)
                0x0000da38                Chip_Clock_EnablePLL
 .text.Chip_Clock_DisablePLL
                0x0000da7c       0x48 C:\Users\Kevin\Documents\LPCXpresso_8.2.0_647\workspace\lpc_chip_175x_6x\Debug\liblpc_chip_175x_6x.a(clock_17xx_40xx.o)
                0x0000da7c                Chip_Clock_DisablePLL
 .text.Chip_Clock_SetupPLL
                0x0000dac4       0x5c C:\Users\Kevin\Documents\LPCXpresso_8.2.0_647\workspace\lpc_chip_175x_6x\Debug\liblpc_chip_175x_6x.a(clock_17xx_40xx.o)
                0x0000dac4                Chip_Clock_SetupPLL
 .text.Chip_Clock_EnablePeriphClock
                0x0000db20       0x34 C:\Users\Kevin\Documents\LPCXpresso_8.2.0_647\workspace\lpc_chip_175x_6x\Debug\liblpc_chip_175x_6x.a(clock_17xx_40xx.o)
                0x0000db20                Chip_Clock_EnablePeriphClock
 .text.Chip_Clock_GetCPUClockSource
                0x0000db54       0x24 C:\Users\Kevin\Documents\LPCXpresso_8.2.0_647\workspace\lpc_chip_175x_6x\Debug\liblpc_chip_175x_6x.a(clock_17xx_40xx.o)
                0x0000db54                Chip_Clock_GetCPUClockSource
 .text.Chip_Clock_SetCPUClockDiv
                0x0000db78       0x20 C:\Users\Kevin\Documents\LPCXpresso_8.2.0_647\workspace\lpc_chip_175x_6x\Debug\liblpc_chip_175x_6x.a(clock_17xx_40xx.o)
                0x0000db78                Chip_Clock_SetCPUClockDiv
 .text.Chip_Clock_GetCPUClockDiv
                0x0000db98       0x1c C:\Users\Kevin\Documents\LPCXpresso_8.2.0_647\workspace\lpc_chip_175x_6x\Debug\liblpc_chip_175x_6x.a(clock_17xx_40xx.o)
                0x0000db98                Chip_Clock_GetCPUClockDiv
 .text.Chip_Clock_GetPCLKDiv
                0x0000dbb4       0x8c C:\Users\Kevin\Documents\LPCXpresso_8.2.0_647\workspace\lpc_chip_175x_6x\Debug\liblpc_chip_175x_6x.a(clock_17xx_40xx.o)
                0x0000dbb4                Chip_Clock_GetPCLKDiv
 .text.Chip_Clock_GetSYSCLKRate
                0x0000dc40       0x34 C:\Users\Kevin\Documents\LPCXpresso_8.2.0_647\workspace\lpc_chip_175x_6x\Debug\liblpc_chip_175x_6x.a(clock_17xx_40xx.o)
                0x0000dc40                Chip_Clock_GetSYSCLKRate
 .text.Chip_Clock_GetMainPLLOutClockRate
                0x0000dc74       0x54 C:\Users\Kevin\Documents\LPCXpresso_8.2.0_647\workspace\lpc_chip_175x_6x\Debug\liblpc_chip_175x_6x.a(clock_17xx_40xx.o)
                0x0000dc74                Chip_Clock_GetMainPLLOutClockRate
 .text.Chip_Clock_GetMainClockRate
                0x0000dcc8       0x28 C:\Users\Kevin\Documents\LPCXpresso_8.2.0_647\workspace\lpc_chip_175x_6x\Debug\liblpc_chip_175x_6x.a(clock_17xx_40xx.o)
                0x0000dcc8                Chip_Clock_GetMainClockRate
 .text.Chip_Clock_GetSystemClockRate
                0x0000dcf0       0x18 C:\Users\Kevin\Documents\LPCXpresso_8.2.0_647\workspace\lpc_chip_175x_6x\Debug\liblpc_chip_175x_6x.a(clock_17xx_40xx.o)
                0x0000dcf0                Chip_Clock_GetSystemClockRate
 .text.Chip_Clock_GetPeripheralClockRate
                0x0000dd08       0x28 C:\Users\Kevin\Documents\LPCXpresso_8.2.0_647\workspace\lpc_chip_175x_6x\Debug\liblpc_chip_175x_6x.a(clock_17xx_40xx.o)
                0x0000dd08                Chip_Clock_GetPeripheralClockRate
 .text.Chip_Clock_GetENETClockRate
                0x0000dd30       0x10 C:\Users\Kevin\Documents\LPCXpresso_8.2.0_647\workspace\lpc_chip_175x_6x\Debug\liblpc_chip_175x_6x.a(enet_17xx_40xx.o)
 .text.Chip_ENET_Reset
                0x0000dd40       0x24 C:\Users\Kevin\Documents\LPCXpresso_8.2.0_647\workspace\lpc_chip_175x_6x\Debug\liblpc_chip_175x_6x.a(enet_17xx_40xx.o)
 .text.resetENET
                0x0000dd64       0x28 C:\Users\Kevin\Documents\LPCXpresso_8.2.0_647\workspace\lpc_chip_175x_6x\Debug\liblpc_chip_175x_6x.a(enet_17xx_40xx.o)
 .text.Chip_ENET_Init
                0x0000dd8c       0x90 C:\Users\Kevin\Documents\LPCXpresso_8.2.0_647\workspace\lpc_chip_175x_6x\Debug\liblpc_chip_175x_6x.a(enet_17xx_40xx.o)
                0x0000dd8c                Chip_ENET_Init
 .text.Chip_ENET_SetupMII
                0x0000de1c       0x44 C:\Users\Kevin\Documents\LPCXpresso_8.2.0_647\workspace\lpc_chip_175x_6x\Debug\liblpc_chip_175x_6x.a(enet_17xx_40xx.o)
                0x0000de1c                Chip_ENET_SetupMII
 .text.Chip_ENET_FindMIIDiv
                0x0000de60       0x50 C:\Users\Kevin\Documents\LPCXpresso_8.2.0_647\workspace\lpc_chip_175x_6x\Debug\liblpc_chip_175x_6x.a(enet_17xx_40xx.o)
                0x0000de60                Chip_ENET_FindMIIDiv
 .text.Chip_ENET_StartMIIWrite
                0x0000deb0       0x3c C:\Users\Kevin\Documents\LPCXpresso_8.2.0_647\workspace\lpc_chip_175x_6x\Debug\liblpc_chip_175x_6x.a(enet_17xx_40xx.o)
                0x0000deb0                Chip_ENET_StartMIIWrite
 .text.Chip_ENET_StartMIIRead
                0x0000deec       0x30 C:\Users\Kevin\Documents\LPCXpresso_8.2.0_647\workspace\lpc_chip_175x_6x\Debug\liblpc_chip_175x_6x.a(enet_17xx_40xx.o)
                0x0000deec                Chip_ENET_StartMIIRead
 .text.Chip_ENET_ReadMIIData
                0x0000df1c       0x20 C:\Users\Kevin\Documents\LPCXpresso_8.2.0_647\workspace\lpc_chip_175x_6x\Debug\liblpc_chip_175x_6x.a(enet_17xx_40xx.o)
                0x0000df1c                Chip_ENET_ReadMIIData
 .text.Chip_ENET_SetFullDuplex
                0x0000df3c       0x34 C:\Users\Kevin\Documents\LPCXpresso_8.2.0_647\workspace\lpc_chip_175x_6x\Debug\liblpc_chip_175x_6x.a(enet_17xx_40xx.o)
                0x0000df3c                Chip_ENET_SetFullDuplex
 .text.Chip_ENET_SetHalfDuplex
                0x0000df70       0x34 C:\Users\Kevin\Documents\LPCXpresso_8.2.0_647\workspace\lpc_chip_175x_6x\Debug\liblpc_chip_175x_6x.a(enet_17xx_40xx.o)
                0x0000df70                Chip_ENET_SetHalfDuplex
 .text.Chip_ENET_InitTxDescriptors
                0x0000dfa4       0x3c C:\Users\Kevin\Documents\LPCXpresso_8.2.0_647\workspace\lpc_chip_175x_6x\Debug\liblpc_chip_175x_6x.a(enet_17xx_40xx.o)
                0x0000dfa4                Chip_ENET_InitTxDescriptors
 .text.Chip_ENET_InitRxDescriptors
                0x0000dfe0       0x3c C:\Users\Kevin\Documents\LPCXpresso_8.2.0_647\workspace\lpc_chip_175x_6x\Debug\liblpc_chip_175x_6x.a(enet_17xx_40xx.o)
                0x0000dfe0                Chip_ENET_InitRxDescriptors
 .text.Chip_ENET_GetFillDescNum
                0x0000e01c       0x4c C:\Users\Kevin\Documents\LPCXpresso_8.2.0_647\workspace\lpc_chip_175x_6x\Debug\liblpc_chip_175x_6x.a(enet_17xx_40xx.o)
                0x0000e01c                Chip_ENET_GetFillDescNum
 .text.Chip_ENET_IncTXProduceIndex
                0x0000e068       0x3c C:\Users\Kevin\Documents\LPCXpresso_8.2.0_647\workspace\lpc_chip_175x_6x\Debug\liblpc_chip_175x_6x.a(enet_17xx_40xx.o)
                0x0000e068                Chip_ENET_IncTXProduceIndex
 .text.Chip_ENET_IncRXConsumeIndex
                0x0000e0a4       0x3c C:\Users\Kevin\Documents\LPCXpresso_8.2.0_647\workspace\lpc_chip_175x_6x\Debug\liblpc_chip_175x_6x.a(enet_17xx_40xx.o)
                0x0000e0a4                Chip_ENET_IncRXConsumeIndex
 .text.Chip_IOCON_PinMuxSet
                0x0000e0e0       0x38 C:\Users\Kevin\Documents\LPCXpresso_8.2.0_647\workspace\lpc_chip_175x_6x\Debug\liblpc_chip_175x_6x.a(iocon_17xx_40xx.o)
                0x0000e0e0                Chip_IOCON_PinMuxSet
 .text.Chip_IOCON_PinMux
                0x0000e118       0x94 C:\Users\Kevin\Documents\LPCXpresso_8.2.0_647\workspace\lpc_chip_175x_6x\Debug\liblpc_chip_175x_6x.a(iocon_17xx_40xx.o)
                0x0000e118                Chip_IOCON_PinMux
 .text.Chip_IOCON_SetPinMuxing
                0x0000e1ac       0x64 C:\Users\Kevin\Documents\LPCXpresso_8.2.0_647\workspace\lpc_chip_175x_6x\Debug\liblpc_chip_175x_6x.a(iocon_17xx_40xx.o)
                0x0000e1ac                Chip_IOCON_SetPinMuxing
 .text.Chip_Clock_IsMainPLLEnabled
                0x0000e210       0x24 C:\Users\Kevin\Documents\LPCXpresso_8.2.0_647\workspace\lpc_chip_175x_6x\Debug\liblpc_chip_175x_6x.a(sysinit_17xx_40xx.o)
 .text.Chip_Clock_IsMainPLLLocked
                0x0000e234       0x24 C:\Users\Kevin\Documents\LPCXpresso_8.2.0_647\workspace\lpc_chip_175x_6x\Debug\liblpc_chip_175x_6x.a(sysinit_17xx_40xx.o)
 .text.Chip_Clock_IsMainPLLConnected
                0x0000e258       0x24 C:\Users\Kevin\Documents\LPCXpresso_8.2.0_647\workspace\lpc_chip_175x_6x\Debug\liblpc_chip_175x_6x.a(sysinit_17xx_40xx.o)
 .text.Chip_Clock_EnableCrystal
                0x0000e27c       0x20 C:\Users\Kevin\Documents\LPCXpresso_8.2.0_647\workspace\lpc_chip_175x_6x\Debug\liblpc_chip_175x_6x.a(sysinit_17xx_40xx.o)
 .text.Chip_Clock_IsCrystalEnabled
                0x0000e29c       0x24 C:\Users\Kevin\Documents\LPCXpresso_8.2.0_647\workspace\lpc_chip_175x_6x\Debug\liblpc_chip_175x_6x.a(sysinit_17xx_40xx.o)
 .text.Chip_Clock_SetMainPLLSource
                0x0000e2c0       0x20 C:\Users\Kevin\Documents\LPCXpresso_8.2.0_647\workspace\lpc_chip_175x_6x\Debug\liblpc_chip_175x_6x.a(sysinit_17xx_40xx.o)
 .text.Chip_SetupXtalClocking
                0x0000e2e0       0x90 C:\Users\Kevin\Documents\LPCXpresso_8.2.0_647\workspace\lpc_chip_175x_6x\Debug\liblpc_chip_175x_6x.a(sysinit_17xx_40xx.o)
                0x0000e2e0                Chip_SetupXtalClocking
 .text.Chip_UART_SetupFIFOS
                0x0000e370       0x1c C:\Users\Kevin\Documents\LPCXpresso_8.2.0_647\workspace\lpc_chip_175x_6x\Debug\liblpc_chip_175x_6x.a(uart_17xx_40xx.o)
 .text.Chip_UART_ConfigData
                0x0000e38c       0x1c C:\Users\Kevin\Documents\LPCXpresso_8.2.0_647\workspace\lpc_chip_175x_6x\Debug\liblpc_chip_175x_6x.a(uart_17xx_40xx.o)
 .text.Chip_UART_EnableDivisorAccess
                0x0000e3a8       0x20 C:\Users\Kevin\Documents\LPCXpresso_8.2.0_647\workspace\lpc_chip_175x_6x\Debug\liblpc_chip_175x_6x.a(uart_17xx_40xx.o)
 .text.Chip_UART_DisableDivisorAccess
                0x0000e3c8       0x20 C:\Users\Kevin\Documents\LPCXpresso_8.2.0_647\workspace\lpc_chip_175x_6x\Debug\liblpc_chip_175x_6x.a(uart_17xx_40xx.o)
 .text.Chip_UART_SetDivisorLatches
                0x0000e3e8       0x28 C:\Users\Kevin\Documents\LPCXpresso_8.2.0_647\workspace\lpc_chip_175x_6x\Debug\liblpc_chip_175x_6x.a(uart_17xx_40xx.o)
 .text.Chip_UART_GetClockIndex
                0x0000e410       0x50 C:\Users\Kevin\Documents\LPCXpresso_8.2.0_647\workspace\lpc_chip_175x_6x\Debug\liblpc_chip_175x_6x.a(uart_17xx_40xx.o)
 .text.Chip_UART_GetClkIndex
                0x0000e460       0x50 C:\Users\Kevin\Documents\LPCXpresso_8.2.0_647\workspace\lpc_chip_175x_6x\Debug\liblpc_chip_175x_6x.a(uart_17xx_40xx.o)
 .text.Chip_UART_Init
                0x0000e4b0       0x78 C:\Users\Kevin\Documents\LPCXpresso_8.2.0_647\workspace\lpc_chip_175x_6x\Debug\liblpc_chip_175x_6x.a(uart_17xx_40xx.o)
                0x0000e4b0                Chip_UART_Init
 .text.Chip_UART_TXEnable
                0x0000e528       0x18 C:\Users\Kevin\Documents\LPCXpresso_8.2.0_647\workspace\lpc_chip_175x_6x\Debug\liblpc_chip_175x_6x.a(uart_17xx_40xx.o)
                0x0000e528                Chip_UART_TXEnable
 .text.Chip_UART_TXDisable
                0x0000e540       0x18 C:\Users\Kevin\Documents\LPCXpresso_8.2.0_647\workspace\lpc_chip_175x_6x\Debug\liblpc_chip_175x_6x.a(uart_17xx_40xx.o)
                0x0000e540                Chip_UART_TXDisable
 .text.Chip_UART_SetBaud
                0x0000e558       0x64 C:\Users\Kevin\Documents\LPCXpresso_8.2.0_647\workspace\lpc_chip_175x_6x\Debug\liblpc_chip_175x_6x.a(uart_17xx_40xx.o)
                0x0000e558                Chip_UART_SetBaud
 .text.__main   0x0000e5bc       0x14 c:/nxp/lpcxpresso_8.2.0_647/lpcxpresso/tools/bin/../lib/gcc/arm-none-eabi/5.3.1/../../../../arm-none-eabi/lib/armv7-m\libcr_nohost.a(_cr__main.o)
                0x0000e5bc                __main
 .text.memcpy   0x0000e5d0        0x4 c:/nxp/lpcxpresso_8.2.0_647/lpcxpresso/tools/bin/../lib/gcc/arm-none-eabi/5.3.1/../../../../arm-none-eabi/lib/armv7-m\libcr_c.a(memcpy.o)
                0x0000e5d0                memcpy
 .text.memset   0x0000e5d4        0x4 c:/nxp/lpcxpresso_8.2.0_647/lpcxpresso/tools/bin/../lib/gcc/arm-none-eabi/5.3.1/../../../../arm-none-eabi/lib/armv7-m\libcr_c.a(memset.o)
                0x0000e5d4                memset
 .text.malloc   0x0000e5d8       0xc8 c:/nxp/lpcxpresso_8.2.0_647/lpcxpresso/tools/bin/../lib/gcc/arm-none-eabi/5.3.1/../../../../arm-none-eabi/lib/armv7-m\libcr_c.a(alloc.o)
                0x0000e5d8                malloc
 .text.free     0x0000e6a0       0x30 c:/nxp/lpcxpresso_8.2.0_647/lpcxpresso/tools/bin/../lib/gcc/arm-none-eabi/5.3.1/../../../../arm-none-eabi/lib/armv7-m\libcr_c.a(alloc.o)
                0x0000e6a0                free
 .text._Csys_alloc
                0x0000e6d0       0x20 c:/nxp/lpcxpresso_8.2.0_647/lpcxpresso/tools/bin/../lib/gcc/arm-none-eabi/5.3.1/../../../../arm-none-eabi/lib/armv7-m\libcr_c.a(alloc.o)
                0x0000e6d0                _Csys_alloc
 .text.fp_round
                0x0000e6f0       0x4c c:/nxp/lpcxpresso_8.2.0_647/lpcxpresso/tools/bin/../lib/gcc/arm-none-eabi/5.3.1/../../../../arm-none-eabi/lib/armv7-m\libcr_c.a(fpprintf.o)
 .text.pr_dec.constprop.1
                0x0000e73c       0x26 c:/nxp/lpcxpresso_8.2.0_647/lpcxpresso/tools/bin/../lib/gcc/arm-none-eabi/5.3.1/../../../../arm-none-eabi/lib/armv7-m\libcr_c.a(fpprintf.o)
 *fill*         0x0000e762        0x2 ff
 .text.sprintf  0x0000e764       0x6c c:/nxp/lpcxpresso_8.2.0_647/lpcxpresso/tools/bin/../lib/gcc/arm-none-eabi/5.3.1/../../../../arm-none-eabi/lib/armv7-m\libcr_c.a(fpprintf.o)
                0x0000e764                sprintf
 .text.fp_display
                0x0000e7d0      0x8ec c:/nxp/lpcxpresso_8.2.0_647/lpcxpresso/tools/bin/../lib/gcc/arm-none-eabi/5.3.1/../../../../arm-none-eabi/lib/armv7-m\libcr_c.a(fpprintf.o)
 .text.vsnprintf
                0x0000f0bc       0x5c c:/nxp/lpcxpresso_8.2.0_647/lpcxpresso/tools/bin/../lib/gcc/arm-none-eabi/5.3.1/../../../../arm-none-eabi/lib/armv7-m\libcr_c.a(fpprintf.o)
                0x0000f0bc                vsnprintf
 .text.printf   0x0000f118       0x54 c:/nxp/lpcxpresso_8.2.0_647/lpcxpresso/tools/bin/../lib/gcc/arm-none-eabi/5.3.1/../../../../arm-none-eabi/lib/armv7-m\libcr_c.a(fpprintf.o)
                0x0000f118                printf
 .text._initio  0x0000f16c       0xa4 c:/nxp/lpcxpresso_8.2.0_647/lpcxpresso/tools/bin/../lib/gcc/arm-none-eabi/5.3.1/../../../../arm-none-eabi/lib/armv7-m\libcr_c.a(initio.o)
                0x0000f16c                _initio
 .text.memcmp   0x0000f210       0x42 c:/nxp/lpcxpresso_8.2.0_647/lpcxpresso/tools/bin/../lib/gcc/arm-none-eabi/5.3.1/../../../../arm-none-eabi/lib/armv7-m\libcr_c.a(memcmp.o)
                0x0000f210                memcmp
 *fill*         0x0000f252        0x2 ff
 .text.__vfprintf
                0x0000f254      0xd28 c:/nxp/lpcxpresso_8.2.0_647/lpcxpresso/tools/bin/../lib/gcc/arm-none-eabi/5.3.1/../../../../arm-none-eabi/lib/armv7-m\libcr_c.a(printf.o)
                0x0000f254                __vfprintf
 .text.ch_val   0x0000ff7c       0x30 c:/nxp/lpcxpresso_8.2.0_647/lpcxpresso/tools/bin/../lib/gcc/arm-none-eabi/5.3.1/../../../../arm-none-eabi/lib/armv7-m\libcr_c.a(scanf.o)
 .text.cr_rd_int
                0x0000ffac      0x1bc c:/nxp/lpcxpresso_8.2.0_647/lpcxpresso/tools/bin/../lib/gcc/arm-none-eabi/5.3.1/../../../../arm-none-eabi/lib/armv7-m\libcr_c.a(scanf.o)
 .text.vfscanf  0x00010168      0x8dc c:/nxp/lpcxpresso_8.2.0_647/lpcxpresso/tools/bin/../lib/gcc/arm-none-eabi/5.3.1/../../../../arm-none-eabi/lib/armv7-m\libcr_c.a(scanf.o)
                0x00010168                vfscanf
 .text.sscanf   0x00010a44       0x4c c:/nxp/lpcxpresso_8.2.0_647/lpcxpresso/tools/bin/../lib/gcc/arm-none-eabi/5.3.1/../../../../arm-none-eabi/lib/armv7-m\libcr_c.a(scanf.o)
                0x00010a44                sscanf
 .text.setvbuf  0x00010a90       0x40 c:/nxp/lpcxpresso_8.2.0_647/lpcxpresso/tools/bin/../lib/gcc/arm-none-eabi/5.3.1/../../../../arm-none-eabi/lib/armv7-m\libcr_c.a(setvbuf.o)
                0x00010a90                setvbuf
 .text.strcat   0x00010ad0       0x1e c:/nxp/lpcxpresso_8.2.0_647/lpcxpresso/tools/bin/../lib/gcc/arm-none-eabi/5.3.1/../../../../arm-none-eabi/lib/armv7-m\libcr_c.a(strcat.o)
                0x00010ad0                strcat
 .text.strchr   0x00010aee       0x18 c:/nxp/lpcxpresso_8.2.0_647/lpcxpresso/tools/bin/../lib/gcc/arm-none-eabi/5.3.1/../../../../arm-none-eabi/lib/armv7-m\libcr_c.a(strchr.o)
                0x00010aee                strchr
 .text.strcmp   0x00010b06       0x44 c:/nxp/lpcxpresso_8.2.0_647/lpcxpresso/tools/bin/../lib/gcc/arm-none-eabi/5.3.1/../../../../arm-none-eabi/lib/armv7-m\libcr_c.a(strcmp.o)
                0x00010b06                strcmp
 .text.strcpy   0x00010b4a       0x42 c:/nxp/lpcxpresso_8.2.0_647/lpcxpresso/tools/bin/../lib/gcc/arm-none-eabi/5.3.1/../../../../arm-none-eabi/lib/armv7-m\libcr_c.a(strcpy.o)
                0x00010b4a                strcpy
 .text.strlen   0x00010b8c       0x4a c:/nxp/lpcxpresso_8.2.0_647/lpcxpresso/tools/bin/../lib/gcc/arm-none-eabi/5.3.1/../../../../arm-none-eabi/lib/armv7-m\libcr_c.a(strlen.o)
                0x00010b8c                strlen
 .text.strncmp  0x00010bd6       0x56 c:/nxp/lpcxpresso_8.2.0_647/lpcxpresso/tools/bin/../lib/gcc/arm-none-eabi/5.3.1/../../../../arm-none-eabi/lib/armv7-m\libcr_c.a(strncmp.o)
                0x00010bd6                strncmp
 .text.strrchr  0x00010c2c       0x20 c:/nxp/lpcxpresso_8.2.0_647/lpcxpresso/tools/bin/../lib/gcc/arm-none-eabi/5.3.1/../../../../arm-none-eabi/lib/armv7-m\libcr_c.a(strrchr.o)
                0x00010c2c                strrchr
 .text.strstr   0x00010c4c       0x20 c:/nxp/lpcxpresso_8.2.0_647/lpcxpresso/tools/bin/../lib/gcc/arm-none-eabi/5.3.1/../../../../arm-none-eabi/lib/armv7-m\libcr_c.a(strstr.o)
                0x00010c4c                strstr
 .text.ungetc   0x00010c6c       0x38 c:/nxp/lpcxpresso_8.2.0_647/lpcxpresso/tools/bin/../lib/gcc/arm-none-eabi/5.3.1/../../../../arm-none-eabi/lib/armv7-m\libcr_c.a(ungetc.o)
                0x00010c6c                ungetc
 .text._Csys_read_
                0x00010ca4       0x22 c:/nxp/lpcxpresso_8.2.0_647/lpcxpresso/tools/bin/../lib/gcc/arm-none-eabi/5.3.1/../../../../arm-none-eabi/lib/armv7-m\libcr_c.a(__fillbuf.o)
                0x00010ca4                _Csys_read_
 *fill*         0x00010cc6        0x2 ff
 .text.__filbuf
                0x00010cc8      0x178 c:/nxp/lpcxpresso_8.2.0_647/lpcxpresso/tools/bin/../lib/gcc/arm-none-eabi/5.3.1/../../../../arm-none-eabi/lib/armv7-m\libcr_c.a(__fillbuf.o)
                0x00010cc8                __filbuf
 .text._sbrk    0x00010e40       0x40 c:/nxp/lpcxpresso_8.2.0_647/lpcxpresso/tools/bin/../lib/gcc/arm-none-eabi/5.3.1/../../../../arm-none-eabi/lib/armv7-m\libcr_c.a(_cr_sbrk.o)
                0x00010e40                _sbrk
 .text._deferredlazyseek
                0x00010e80       0x44 c:/nxp/lpcxpresso_8.2.0_647/lpcxpresso/tools/bin/../lib/gcc/arm-none-eabi/5.3.1/../../../../arm-none-eabi/lib/armv7-m\libcr_c.a(_deferredlazyseek.o)
                0x00010e80                _deferredlazyseek
 .text.__flsbuf
                0x00010ec4      0x140 c:/nxp/lpcxpresso_8.2.0_647/lpcxpresso/tools/bin/../lib/gcc/arm-none-eabi/5.3.1/../../../../arm-none-eabi/lib/armv7-m\libcr_c.a(_deferredlazyseek.o)
                0x00010ec4                __flsbuf
 .text._fdopen  0x00011004       0x6a c:/nxp/lpcxpresso_8.2.0_647/lpcxpresso/tools/bin/../lib/gcc/arm-none-eabi/5.3.1/../../../../arm-none-eabi/lib/armv7-m\libcr_c.a(_fdopen.o)
                0x00011004                _fdopen
 .text._fflush  0x0001106e       0x58 c:/nxp/lpcxpresso_8.2.0_647/lpcxpresso/tools/bin/../lib/gcc/arm-none-eabi/5.3.1/../../../../arm-none-eabi/lib/armv7-m\libcr_c.a(_fflush.o)
                0x0001106e                _fflush
 .text._frexpl  0x000110c6       0x5a c:/nxp/lpcxpresso_8.2.0_647/lpcxpresso/tools/bin/../lib/gcc/arm-none-eabi/5.3.1/../../../../arm-none-eabi/lib/armv7-m\libcr_c.a(_frexpl.o)
                0x000110c6                _frexpl
 .text._ldexpl  0x00011120       0x4c c:/nxp/lpcxpresso_8.2.0_647/lpcxpresso/tools/bin/../lib/gcc/arm-none-eabi/5.3.1/../../../../arm-none-eabi/lib/armv7-m\libcr_c.a(_ldexpl.o)
                0x00011120                _ldexpl
 .text._Cwritebuf
                0x0001116c       0x68 c:/nxp/lpcxpresso_8.2.0_647/lpcxpresso/tools/bin/../lib/gcc/arm-none-eabi/5.3.1/../../../../arm-none-eabi/lib/armv7-m\libcr_c.a(_writebuf.o)
                0x0001116c                _Cwritebuf
 .text.fclose   0x000111d4       0x6c c:/nxp/lpcxpresso_8.2.0_647/lpcxpresso/tools/bin/../lib/gcc/arm-none-eabi/5.3.1/../../../../arm-none-eabi/lib/armv7-m\libcr_c.a(fclose.o)
                0x000111d4                fclose
 .text.fflush   0x00011240       0x30 c:/nxp/lpcxpresso_8.2.0_647/lpcxpresso/tools/bin/../lib/gcc/arm-none-eabi/5.3.1/../../../../arm-none-eabi/lib/armv7-m\libcr_c.a(fflush.o)
                0x00011240                fflush
 .text.fseek    0x00011270      0x110 c:/nxp/lpcxpresso_8.2.0_647/lpcxpresso/tools/bin/../lib/gcc/arm-none-eabi/5.3.1/../../../../arm-none-eabi/lib/armv7-m\libcr_c.a(fseek.o)
                0x00011270                fseek
 .text.ftell    0x00011380       0x4c c:/nxp/lpcxpresso_8.2.0_647/lpcxpresso/tools/bin/../lib/gcc/arm-none-eabi/5.3.1/../../../../arm-none-eabi/lib/armv7-m\libcr_c.a(ftell.o)
                0x00011380                ftell
 .text.remove   0x000113cc       0x14 c:/nxp/lpcxpresso_8.2.0_647/lpcxpresso/tools/bin/../lib/gcc/arm-none-eabi/5.3.1/../../../../arm-none-eabi/lib/armv7-m\libcr_c.a(remove.o)
                0x000113cc                remove
 .text._do_fflush
                0x000113e0       0x44 c:/nxp/lpcxpresso_8.2.0_647/lpcxpresso/tools/bin/../lib/gcc/arm-none-eabi/5.3.1/../../../../arm-none-eabi/lib/armv7-m\libcr_c.a(_do_fflush.o)
                0x000113e0                _do_fflush
 .text.__aeabi_dmul
                0x00011424      0x110 c:/nxp/lpcxpresso_8.2.0_647/lpcxpresso/tools/bin/../lib/gcc/arm-none-eabi/5.3.1/armv7-m\libcr_eabihelpers.a(double.o)
                0x00011424                __aeabi_dmul
 .text.__aeabi_ddiv
                0x00011534      0x138 c:/nxp/lpcxpresso_8.2.0_647/lpcxpresso/tools/bin/../lib/gcc/arm-none-eabi/5.3.1/armv7-m\libcr_eabihelpers.a(double.o)
                0x00011534                __aeabi_ddiv
 .text.__aeabi_dsub
                0x0001166c      0x1a0 c:/nxp/lpcxpresso_8.2.0_647/lpcxpresso/tools/bin/../lib/gcc/arm-none-eabi/5.3.1/armv7-m\libcr_eabihelpers.a(double.o)
                0x0001166c                __aeabi_dsub
 .text.__aeabi_dadd
                0x0001180c      0x10c c:/nxp/lpcxpresso_8.2.0_647/lpcxpresso/tools/bin/../lib/gcc/arm-none-eabi/5.3.1/armv7-m\libcr_eabihelpers.a(double.o)
                0x0001180c                __aeabi_dadd
 .text.__aeabi_d2f
                0x00011918       0x54 c:/nxp/lpcxpresso_8.2.0_647/lpcxpresso/tools/bin/../lib/gcc/arm-none-eabi/5.3.1/armv7-m\libcr_eabihelpers.a(double.o)
                0x00011918                __aeabi_d2f
 .text.__aeabi_d2iz
                0x0001196c       0x40 c:/nxp/lpcxpresso_8.2.0_647/lpcxpresso/tools/bin/../lib/gcc/arm-none-eabi/5.3.1/armv7-m\libcr_eabihelpers.a(double.o)
                0x0001196c                __aeabi_d2iz
 .text.__bhs_ui2d
                0x000119ac       0x46 c:/nxp/lpcxpresso_8.2.0_647/lpcxpresso/tools/bin/../lib/gcc/arm-none-eabi/5.3.1/armv7-m\libcr_eabihelpers.a(double.o)
                0x000119ac                __bhs_ui2d
 .text.__aeabi_i2d
                0x000119f2       0x10 c:/nxp/lpcxpresso_8.2.0_647/lpcxpresso/tools/bin/../lib/gcc/arm-none-eabi/5.3.1/armv7-m\libcr_eabihelpers.a(double.o)
                0x000119f2                __aeabi_i2d
 .text.__aeabi_dcmpeq
                0x00011a02       0x2c c:/nxp/lpcxpresso_8.2.0_647/lpcxpresso/tools/bin/../lib/gcc/arm-none-eabi/5.3.1/armv7-m\libcr_eabihelpers.a(double.o)
                0x00011a02                __aeabi_dcmpeq
 .text.__aeabi_dcmplt
                0x00011a2e       0x54 c:/nxp/lpcxpresso_8.2.0_647/lpcxpresso/tools/bin/../lib/gcc/arm-none-eabi/5.3.1/armv7-m\libcr_eabihelpers.a(double.o)
                0x00011a2e                __aeabi_dcmplt
 .text.__aeabi_dcmple
                0x00011a82       0x54 c:/nxp/lpcxpresso_8.2.0_647/lpcxpresso/tools/bin/../lib/gcc/arm-none-eabi/5.3.1/armv7-m\libcr_eabihelpers.a(double.o)
                0x00011a82                __aeabi_dcmple
 .text.__aeabi_dcmpge
                0x00011ad6       0x54 c:/nxp/lpcxpresso_8.2.0_647/lpcxpresso/tools/bin/../lib/gcc/arm-none-eabi/5.3.1/armv7-m\libcr_eabihelpers.a(double.o)
                0x00011ad6                __aeabi_dcmpge
 .text.__aeabi_memcpy
                0x00011b2a       0x34 c:/nxp/lpcxpresso_8.2.0_647/lpcxpresso/tools/bin/../lib/gcc/arm-none-eabi/5.3.1/armv7-m\libcr_eabihelpers.a(memcpy.o)
                0x00011b2a                __aeabi_memcpy
                0x00011b34                __aeabi_memcpy8
                0x00011b34                __aeabi_memcpy4
 .text.__aeabi_memset_lowlevel
                0x00011b5e       0x32 c:/nxp/lpcxpresso_8.2.0_647/lpcxpresso/tools/bin/../lib/gcc/arm-none-eabi/5.3.1/armv7-m\libcr_eabihelpers.a(memcpy.o)
                0x00011b5e                __aeabi_lowlevel_memset
 .text.__sys_appexit
                0x00011b90        0x2 c:/nxp/lpcxpresso_8.2.0_647/lpcxpresso/tools/bin/../lib/gcc/arm-none-eabi/5.3.1/../../../../arm-none-eabi/lib/armv7-m\libcr_nohost.a(__sys_appexit.o)
                0x00011b90                __sys_appexit
                0x00011b90                __exit
 .text.__sys_close
                0x00011b92        0x6 c:/nxp/lpcxpresso_8.2.0_647/lpcxpresso/tools/bin/../lib/gcc/arm-none-eabi/5.3.1/../../../../arm-none-eabi/lib/armv7-m\libcr_nohost.a(__sys_close.o)
                0x00011b92                __sys_close
 .text.__sys_flen
                0x00011b98        0x6 c:/nxp/lpcxpresso_8.2.0_647/lpcxpresso/tools/bin/../lib/gcc/arm-none-eabi/5.3.1/../../../../arm-none-eabi/lib/armv7-m\libcr_nohost.a(__sys_flen.o)
                0x00011b98                __sys_flen
 .text.__sys_istty
                0x00011b9e        0x6 c:/nxp/lpcxpresso_8.2.0_647/lpcxpresso/tools/bin/../lib/gcc/arm-none-eabi/5.3.1/../../../../arm-none-eabi/lib/armv7-m\libcr_nohost.a(__sys_istty.o)
                0x00011b9e                __sys_istty
 .text.__sys_read
                0x00011ba4        0x4 c:/nxp/lpcxpresso_8.2.0_647/lpcxpresso/tools/bin/../lib/gcc/arm-none-eabi/5.3.1/../../../../arm-none-eabi/lib/armv7-m\libcr_nohost.a(__sys_read.o)
                0x00011ba4                __sys_read
 .text.__sys_remove
                0x00011ba8        0x6 c:/nxp/lpcxpresso_8.2.0_647/lpcxpresso/tools/bin/../lib/gcc/arm-none-eabi/5.3.1/../../../../arm-none-eabi/lib/armv7-m\libcr_nohost.a(__sys_remove.o)
                0x00011ba8                __sys_remove
 .text.__sys_seek
                0x00011bae        0x6 c:/nxp/lpcxpresso_8.2.0_647/lpcxpresso/tools/bin/../lib/gcc/arm-none-eabi/5.3.1/../../../../arm-none-eabi/lib/armv7-m\libcr_nohost.a(__sys_seek.o)
                0x00011bae                __sys_seek
 .text.__sys_tmpnam
                0x00011bb4        0x6 c:/nxp/lpcxpresso_8.2.0_647/lpcxpresso/tools/bin/../lib/gcc/arm-none-eabi/5.3.1/../../../../arm-none-eabi/lib/armv7-m\libcr_nohost.a(__sys_tmpnam.o)
                0x00011bb4                __sys_tmpnam
 *(.rodata .rodata.* .constdata .constdata.*)
 *fill*         0x00011bba        0x2 ff
 .rodata.ethbroadcast
                0x00011bbc        0x6 ./lwip/src/netif/etharp.o
                0x00011bbc                ethbroadcast
 *fill*         0x00011bc2        0x2 ff
 .rodata.ethzero
                0x00011bc4        0x6 ./lwip/src/netif/etharp.o
                0x00011bc4                ethzero
 *fill*         0x00011bca        0x2 ff
 .rodata.memp_sizes
                0x00011bcc       0x1c ./lwip/src/core/memp.o
                0x00011bcc                memp_sizes
 .rodata.tcp_backoff
                0x00011be8        0xd ./lwip/src/core/tcp.o
                0x00011be8                tcp_backoff
 *fill*         0x00011bf5        0x3 ff
 .rodata.tcp_persist_backoff
                0x00011bf8        0x7 ./lwip/src/core/tcp.o
                0x00011bf8                tcp_persist_backoff
 *fill*         0x00011bff        0x1 ff
 .rodata.tcp_pcb_lists
                0x00011c00       0x10 ./lwip/src/core/tcp.o
                0x00011c00                tcp_pcb_lists
 .rodata        0x00011c10       0x27 ./lwip/src/arch/lpc17xx_40xx_emac.o
 *fill*         0x00011c37        0x1 ff
 .rodata        0x00011c38        0xd ./lwip/src/api/tcpip.o
 *fill*         0x00011c45        0x3 ff
 .rodata        0x00011c48       0x58 ./freertos/src/FreeRTOSCommonHooks.o
 .rodata        0x00011ca0        0x5 ./freertos/src/tasks.o
 *fill*         0x00011ca5        0x3 ff
 .rodata        0x00011ca8      0x430 ./example/src/lwip_fs.o
 .rodata.g_psHTTPHeaderStrings
                0x000120d8       0x6c ./example/src/lwip_fs.o
 .rodata.g_psHTTPHeaders
                0x00012144       0x90 ./example/src/lwip_fs.o
 .rodata.http_html_hdr
                0x000121d4       0x2d ./example/src/netconn_fs.o
 *fill*         0x00012201        0x3 ff
 .rodata.http_index_html
                0x00012204       0xa4 ./example/src/netconn_fs.o
 .rodata        0x000122a8       0x48 ./example/src/netconn_fs.o
 .rodata        0x000122f0       0xe1 ./example/src/webserver_freertos.o
 *fill*         0x000123d1        0x3 ff
 .rodata.OscRateIn
                0x000123d4        0x4 C:\Users\Kevin\Documents\LPCXpresso_8.2.0_647\workspace\lpc_board_nxp_lpcxpresso_1769\Debug\liblpc_board_nxp_lpcxpresso_1769.a(board.o)
                0x000123d4                OscRateIn
 .rodata.RTCOscRateIn
                0x000123d8        0x4 C:\Users\Kevin\Documents\LPCXpresso_8.2.0_647\workspace\lpc_board_nxp_lpcxpresso_1769\Debug\liblpc_board_nxp_lpcxpresso_1769.a(board.o)
                0x000123d8                RTCOscRateIn
 .rodata        0x000123dc        0x6 C:\Users\Kevin\Documents\LPCXpresso_8.2.0_647\workspace\lpc_board_nxp_lpcxpresso_1769\Debug\liblpc_board_nxp_lpcxpresso_1769.a(board.o)
 *fill*         0x000123e2        0x2 ff
 .rodata.pinmuxing
                0x000123e4       0x5c C:\Users\Kevin\Documents\LPCXpresso_8.2.0_647\workspace\lpc_board_nxp_lpcxpresso_1769\Debug\liblpc_board_nxp_lpcxpresso_1769.a(board_sysinit.o)
 .rodata.EnetClkDiv
                0x00012440        0xf C:\Users\Kevin\Documents\LPCXpresso_8.2.0_647\workspace\lpc_chip_175x_6x\Debug\liblpc_chip_175x_6x.a(enet_17xx_40xx.o)
 .rodata.str1.1
                0x0001244f       0x18 c:/nxp/lpcxpresso_8.2.0_647/lpcxpresso/tools/bin/../lib/gcc/arm-none-eabi/5.3.1/../../../../arm-none-eabi/lib/armv7-m\libcr_c.a(alloc.o)
 .rodata.str1.1
                0x00012467       0x34 c:/nxp/lpcxpresso_8.2.0_647/lpcxpresso/tools/bin/../lib/gcc/arm-none-eabi/5.3.1/../../../../arm-none-eabi/lib/armv7-m\libcr_c.a(fpprintf.o)
                                 0x35 (size before relaxing)
 .rodata.str1.1
                0x0001249b        0x4 c:/nxp/lpcxpresso_8.2.0_647/lpcxpresso/tools/bin/../lib/gcc/arm-none-eabi/5.3.1/../../../../arm-none-eabi/lib/armv7-m\libcr_c.a(initio.o)
 .rodata.str1.1
                0x0001249f       0x31 c:/nxp/lpcxpresso_8.2.0_647/lpcxpresso/tools/bin/../lib/gcc/arm-none-eabi/5.3.1/../../../../arm-none-eabi/lib/armv7-m\libcr_c.a(printf.o)
                                 0x38 (size before relaxing)
 .rodata.__huge_vall
                0x000124d0        0x8 c:/nxp/lpcxpresso_8.2.0_647/lpcxpresso/tools/bin/../lib/gcc/arm-none-eabi/5.3.1/../../../../arm-none-eabi/lib/armv7-m\libcr_c.a(_hugeval.o)
                0x000124d0                __huge_vall
 .rodata.__ctype
                0x000124d8      0x180 c:/nxp/lpcxpresso_8.2.0_647/lpcxpresso/tools/bin/../lib/gcc/arm-none-eabi/5.3.1/../../../../arm-none-eabi/lib/armv7-m\libcr_c.a(ctype.o)
                0x000124d8                __ctype
                0x00012658                . = ALIGN (0x4)

.glue_7         0x00012658        0x0
 .glue_7        0x00012658        0x0 linker stubs

.glue_7t        0x00012658        0x0
 .glue_7t       0x00012658        0x0 linker stubs

.vfp11_veneer   0x00012658        0x0
 .vfp11_veneer  0x00012658        0x0 linker stubs

.v4_bx          0x00012658        0x0
 .v4_bx         0x00012658        0x0 linker stubs

.iplt           0x00012658        0x0
 .iplt          0x00012658        0x0 ./lwip/src/netif/etharp.o

.rel.dyn        0x00012658        0x0
 .rel.iplt      0x00012658        0x0 ./lwip/src/netif/etharp.o

.ARM.extab
 *(.ARM.extab* .gnu.linkonce.armextab.*)
                0x00012658                __exidx_start = .

.ARM.exidx
 *(.ARM.exidx* .gnu.linkonce.armexidx.*)
                0x00012658                __exidx_end = .
                0x00012658                _etext = .

.data_RAM2      0x2007c000        0x0 load address 0x00012658
 FILL mask 0xff
                [!provide]                PROVIDE (__start_data_RAM2, .)
 *(.ramfunc.$RAM2)
 *(.ramfunc.$RamAHB32)
 *(.data.$RAM2*)
 *(.data.$RamAHB32*)
                0x2007c000                . = ALIGN (0x4)
                [!provide]                PROVIDE (__end_data_RAM2, .)

.uninit_RESERVED
                0x10000000        0x0
 *(.bss.$RESERVED*)
                0x10000000                . = ALIGN (0x4)
                0x10000000                _end_uninit_RESERVED = .

.data           0x10000000       0x1c load address 0x00012658
 FILL mask 0xff
                0x10000000                _data = .
 *(vtable)
 *(.ramfunc*)
 *(.data*)
 .data.tcp_port
                0x10000000        0x2 ./lwip/src/core/tcp.o
 *fill*         0x10000002        0x2 ff
 .data.iss.5068
                0x10000004        0x4 ./lwip/src/core/tcp.o
 .data.udp_port
                0x10000008        0x2 ./lwip/src/core/udp.o
 *fill*         0x1000000a        0x2 ff
 .data.uxCriticalNesting
                0x1000000c        0x4 ./freertos/src/port.o
 .data.xNextTaskUnblockTime
                0x10000010        0x4 ./freertos/src/tasks.o
 .data.posinf.4427
                0x10000014        0x4 c:/nxp/lpcxpresso_8.2.0_647/lpcxpresso/tools/bin/../lib/gcc/arm-none-eabi/5.3.1/../../../../arm-none-eabi/lib/armv7-m\libcr_c.a(scanf.o)
 .data.neginf.4428
                0x10000018        0x4 c:/nxp/lpcxpresso_8.2.0_647/lpcxpresso/tools/bin/../lib/gcc/arm-none-eabi/5.3.1/../../../../arm-none-eabi/lib/armv7-m\libcr_c.a(scanf.o)
                0x1000001c                . = ALIGN (0x4)
                0x1000001c                _edata = .

.igot.plt       0x1000001c        0x0 load address 0x00012674
 .igot.plt      0x1000001c        0x0 ./lwip/src/netif/etharp.o

.bss_RAM2       0x2007c000        0x0
                [!provide]                PROVIDE (__start_bss_RAM2, .)
 *(.bss.$RAM2*)
 *(.bss.$RamAHB32*)
                0x2007c000                . = ALIGN ((. != 0x0)?0x4:0x1)
                [!provide]                PROVIDE (__end_bss_RAM2, .)

.bss            0x10000020      0x918
                0x10000020                _bss = .
 *(.bss*)
 .bss.arp_table
                0x10000020       0xc8 ./lwip/src/netif/etharp.o
 .bss.etharp_cached_entry
                0x100000e8        0x1 ./lwip/src/netif/etharp.o
 *fill*         0x100000e9        0x1 
 .bss.ip_id     0x100000ea        0x2 ./lwip/src/core/ipv4/ip.o
 .bss.reassdatagrams
                0x100000ec        0x4 ./lwip/src/core/ipv4/ip_frag.o
 .bss.ip_reass_pbufcount
                0x100000f0        0x2 ./lwip/src/core/ipv4/ip_frag.o
 .bss.netif_num
                0x100000f2        0x1 ./lwip/src/core/netif.o
 *fill*         0x100000f3        0x1 
 .bss.raw_pcbs  0x100000f4        0x4 ./lwip/src/core/raw.o
 .bss.tcp_timer
                0x100000f8        0x1 ./lwip/src/core/tcp.o
 .bss.tcp_timer_ctr
                0x100000f9        0x1 ./lwip/src/core/tcp.o
 *fill*         0x100000fa        0x2 
 .bss.inseg     0x100000fc       0x14 ./lwip/src/core/tcp_in.o
 .bss.tcphdr    0x10000110        0x4 ./lwip/src/core/tcp_in.o
 .bss.iphdr     0x10000114        0x4 ./lwip/src/core/tcp_in.o
 .bss.seqno     0x10000118        0x4 ./lwip/src/core/tcp_in.o
 .bss.ackno     0x1000011c        0x4 ./lwip/src/core/tcp_in.o
 .bss.flags     0x10000120        0x1 ./lwip/src/core/tcp_in.o
 *fill*         0x10000121        0x1 
 .bss.tcplen    0x10000122        0x2 ./lwip/src/core/tcp_in.o
 .bss.recv_flags
                0x10000124        0x1 ./lwip/src/core/tcp_in.o
 *fill*         0x10000125        0x3 
 .bss.recv_data
                0x10000128        0x4 ./lwip/src/core/tcp_in.o
 .bss.next_timeout
                0x1000012c        0x4 ./lwip/src/core/timers.o
 .bss.tcpip_tcp_timer_active
                0x10000130        0x4 ./lwip/src/core/timers.o
 .bss.tcpip_init_done
                0x10000134        0x4 ./lwip/src/api/tcpip.o
 .bss.tcpip_init_done_arg
                0x10000138        0x4 ./lwip/src/api/tcpip.o
 .bss.mbox      0x1000013c        0x4 ./lwip/src/api/tcpip.o
 .bss.pxCurrentTCB
                0x10000140        0x4 ./freertos/src/tasks.o
                0x10000140                pxCurrentTCB
 .bss.pxReadyTasksLists
                0x10000144       0x64 ./freertos/src/tasks.o
 .bss.xDelayedTaskList1
                0x100001a8       0x14 ./freertos/src/tasks.o
 .bss.xDelayedTaskList2
                0x100001bc       0x14 ./freertos/src/tasks.o
 .bss.pxDelayedTaskList
                0x100001d0        0x4 ./freertos/src/tasks.o
 .bss.pxOverflowDelayedTaskList
                0x100001d4        0x4 ./freertos/src/tasks.o
 .bss.xPendingReadyList
                0x100001d8       0x14 ./freertos/src/tasks.o
 .bss.xTasksWaitingTermination
                0x100001ec       0x14 ./freertos/src/tasks.o
 .bss.uxTasksDeleted
                0x10000200        0x4 ./freertos/src/tasks.o
 .bss.xSuspendedTaskList
                0x10000204       0x14 ./freertos/src/tasks.o
 .bss.uxCurrentNumberOfTasks
                0x10000218        0x4 ./freertos/src/tasks.o
 .bss.xTickCount
                0x1000021c        0x4 ./freertos/src/tasks.o
 .bss.uxTopReadyPriority
                0x10000220        0x4 ./freertos/src/tasks.o
 .bss.xSchedulerRunning
                0x10000224        0x4 ./freertos/src/tasks.o
 .bss.uxSchedulerSuspended
                0x10000228        0x4 ./freertos/src/tasks.o
 .bss.uxPendedTicks
                0x1000022c        0x4 ./freertos/src/tasks.o
 .bss.xYieldPending
                0x10000230        0x4 ./freertos/src/tasks.o
 .bss.xNumOfOverflows
                0x10000234        0x4 ./freertos/src/tasks.o
 .bss.uxTaskNumber
                0x10000238        0x4 ./freertos/src/tasks.o
 .bss.file_buffer.8220
                0x1000023c      0x400 ./example/src/netconn_fs.o
 .bss.lpc_netif